Running as unit: run-u140.service; invocation ID: 0c94cdce654e488ea4e74b983241fd52
Aug 08 15:51:10 ubuntu kernel: Linux version 6.8.0-41-generic (buildd@lcy02-amd64-100) (x86_64-linux-gnu-gcc-13 (Ubuntu 13.2.0-23ubuntu4) 13.2.0, GNU ld (GNU Binutils for Ubuntu) 2.42) #41-Ubuntu SMP PREEMPT_DYNAMIC Fri Aug  2 20:41:06 UTC 2024 (Ubuntu 6.8.0-41.41-generic 6.8.12)
Aug 08 15:51:10 ubuntu kernel: Command line: BOOT_IMAGE=/casper/vmlinuz nomodeset rdinit=/vtoy/vtoy --- quiet splash
Aug 08 15:51:10 ubuntu kernel: KERNEL supported cpus:
Aug 08 15:51:10 ubuntu kernel:   Intel GenuineIntel
Aug 08 15:51:10 ubuntu kernel:   AMD AuthenticAMD
Aug 08 15:51:10 ubuntu kernel:   Hygon HygonGenuine
Aug 08 15:51:10 ubuntu kernel:   Centaur CentaurHauls
Aug 08 15:51:10 ubuntu kernel:   zhaoxin   Shanghai  
Aug 08 15:51:10 ubuntu kernel: BIOS-provided physical RAM map:
Aug 08 15:51:10 ubuntu kernel: BIOS-e820: [mem 0x0000000000000000-0x000000000009dfff] usable
Aug 08 15:51:10 ubuntu kernel: BIOS-e820: [mem 0x000000000009e000-0x000000000009efff] reserved
Aug 08 15:51:10 ubuntu kernel: BIOS-e820: [mem 0x000000000009f000-0x000000000009ffff] usable
Aug 08 15:51:10 ubuntu kernel: BIOS-e820: [mem 0x00000000000a0000-0x00000000000fffff] reserved
Aug 08 15:51:10 ubuntu kernel: BIOS-e820: [mem 0x0000000000100000-0x000000006b12afff] usable
Aug 08 15:51:10 ubuntu kernel: BIOS-e820: [mem 0x000000006b12b000-0x000000006b12bfff] reserved
Aug 08 15:51:10 ubuntu kernel: BIOS-e820: [mem 0x000000006b12c000-0x000000006b2f6fff] usable
Aug 08 15:51:10 ubuntu kernel: BIOS-e820: [mem 0x000000006b2f7000-0x000000006b5bafff] reserved
Aug 08 15:51:10 ubuntu kernel: BIOS-e820: [mem 0x000000006b5bb000-0x000000006cc8cfff] usable
Aug 08 15:51:10 ubuntu kernel: BIOS-e820: [mem 0x000000006cc8d000-0x000000006cc8dfff] reserved
Aug 08 15:51:10 ubuntu kernel: BIOS-e820: [mem 0x000000006cc8e000-0x0000000079ce2fff] usable
Aug 08 15:51:10 ubuntu kernel: BIOS-e820: [mem 0x0000000079ce3000-0x0000000079dc9fff] ACPI data
Aug 08 15:51:10 ubuntu kernel: BIOS-e820: [mem 0x0000000079dca000-0x000000007a013fff] reserved
Aug 08 15:51:10 ubuntu kernel: BIOS-e820: [mem 0x000000007a014000-0x000000007a3fcfff] usable
Aug 08 15:51:10 ubuntu kernel: BIOS-e820: [mem 0x000000007a3fd000-0x000000007b3fdfff] reserved
Aug 08 15:51:10 ubuntu kernel: BIOS-e820: [mem 0x000000007b3fe000-0x000000007c702fff] usable
Aug 08 15:51:10 ubuntu kernel: BIOS-e820: [mem 0x000000007c703000-0x000000007c703fff] ACPI NVS
Aug 08 15:51:10 ubuntu kernel: BIOS-e820: [mem 0x000000007c704000-0x000000007c72afff] usable
Aug 08 15:51:10 ubuntu kernel: BIOS-e820: [mem 0x000000007c72b000-0x000000007c72bfff] reserved
Aug 08 15:51:10 ubuntu kernel: BIOS-e820: [mem 0x000000007c72c000-0x00000000888e3fff] usable
Aug 08 15:51:10 ubuntu kernel: BIOS-e820: [mem 0x00000000888e4000-0x00000000898e3fff] reserved
Aug 08 15:51:10 ubuntu kernel: BIOS-e820: [mem 0x00000000898e4000-0x0000000089a13fff] ACPI data
Aug 08 15:51:10 ubuntu kernel: BIOS-e820: [mem 0x0000000089a14000-0x0000000089b13fff] ACPI NVS
Aug 08 15:51:10 ubuntu kernel: BIOS-e820: [mem 0x0000000089b14000-0x0000000089d44fff] reserved
Aug 08 15:51:10 ubuntu kernel: BIOS-e820: [mem 0x0000000089d45000-0x0000000089ffefff] type 20
Aug 08 15:51:10 ubuntu kernel: BIOS-e820: [mem 0x0000000089fff000-0x0000000089ffffff] usable
Aug 08 15:51:10 ubuntu kernel: BIOS-e820: [mem 0x000000008a000000-0x000000008f7fffff] reserved
Aug 08 15:51:10 ubuntu kernel: BIOS-e820: [mem 0x00000000e0000000-0x00000000efffffff] reserved
Aug 08 15:51:10 ubuntu kernel: BIOS-e820: [mem 0x00000000fe000000-0x00000000fe010fff] reserved
Aug 08 15:51:10 ubuntu kernel: BIOS-e820: [mem 0x00000000fec00000-0x00000000fec00fff] reserved
Aug 08 15:51:10 ubuntu kernel: BIOS-e820: [mem 0x00000000fee00000-0x00000000fee00fff] reserved
Aug 08 15:51:10 ubuntu kernel: BIOS-e820: [mem 0x00000000ff000000-0x00000000ffffffff] reserved
Aug 08 15:51:10 ubuntu kernel: BIOS-e820: [mem 0x0000000100000000-0x000000026f7fffff] usable
Aug 08 15:51:10 ubuntu kernel: NX (Execute Disable) protection: active
Aug 08 15:51:10 ubuntu kernel: APIC: Static calls initialized
Aug 08 15:51:10 ubuntu kernel: efi: EFI v2.7 by American Megatrends
Aug 08 15:51:10 ubuntu kernel: efi: ACPI=0x89a13000 ACPI 2.0=0x89a13014 SMBIOS=0x89bb8000 SMBIOS 3.0=0x89bb7000 MEMATTR=0x871ff018 ESRT=0x8722ed98 MOKvar=0x89be5000 
Aug 08 15:51:10 ubuntu kernel: efi: Remove mem115: MMIO range=[0xe0000000-0xefffffff] (256MB) from e820 map
Aug 08 15:51:10 ubuntu kernel: e820: remove [mem 0xe0000000-0xefffffff] reserved
Aug 08 15:51:10 ubuntu kernel: efi: Not removing mem116: MMIO range=[0xfe000000-0xfe010fff] (68KB) from e820 map
Aug 08 15:51:10 ubuntu kernel: efi: Not removing mem117: MMIO range=[0xfec00000-0xfec00fff] (4KB) from e820 map
Aug 08 15:51:10 ubuntu kernel: efi: Not removing mem118: MMIO range=[0xfee00000-0xfee00fff] (4KB) from e820 map
Aug 08 15:51:10 ubuntu kernel: efi: Remove mem119: MMIO range=[0xff000000-0xffffffff] (16MB) from e820 map
Aug 08 15:51:10 ubuntu kernel: e820: remove [mem 0xff000000-0xffffffff] reserved
Aug 08 15:51:10 ubuntu kernel: secureboot: Secure boot could not be determined (mode 0)
Aug 08 15:51:10 ubuntu kernel: SMBIOS 3.2.0 present.
Aug 08 15:51:10 ubuntu kernel: DMI: ASUS System Product Name/PRIME B460M-A, BIOS 1806 12/18/2025
Aug 08 15:51:10 ubuntu kernel: tsc: Detected 2900.000 MHz processor
Aug 08 15:51:10 ubuntu kernel: tsc: Detected 2899.886 MHz TSC
Aug 08 15:51:10 ubuntu kernel: e820: update [mem 0x00000000-0x00000fff] usable ==> reserved
Aug 08 15:51:10 ubuntu kernel: e820: remove [mem 0x000a0000-0x000fffff] usable
Aug 08 15:51:10 ubuntu kernel: last_pfn = 0x26f800 max_arch_pfn = 0x400000000
Aug 08 15:51:10 ubuntu kernel: MTRR map: 5 entries (3 fixed + 2 variable; max 23), built from 10 variable MTRRs
Aug 08 15:51:10 ubuntu kernel: x86/PAT: Configuration [0-7]: WB  WC  UC- UC  WB  WP  UC- WT  
Aug 08 15:51:10 ubuntu kernel: last_pfn = 0x8a000 max_arch_pfn = 0x400000000
Aug 08 15:51:10 ubuntu kernel: esrt: Reserving ESRT space from 0x000000008722ed98 to 0x000000008722edd0.
Aug 08 15:51:10 ubuntu kernel: e820: update [mem 0x8722e000-0x8722efff] usable ==> reserved
Aug 08 15:51:10 ubuntu kernel: Using GB pages for direct mapping
Aug 08 15:51:10 ubuntu kernel: secureboot: Secure boot could not be determined (mode 0)
Aug 08 15:51:10 ubuntu kernel: RAMDISK: [mem 0x2ead3000-0x33560fff]
Aug 08 15:51:10 ubuntu kernel: ACPI: Early table checksum verification disabled
Aug 08 15:51:10 ubuntu kernel: ACPI: RSDP 0x0000000089A13014 000024 (v02 ALASKA)
Aug 08 15:51:10 ubuntu kernel: ACPI: XSDT 0x0000000089A12728 0000BC (v01 ALASKA A M I    01072009 AMI  01000013)
Aug 08 15:51:10 ubuntu kernel: ACPI: FACP 0x0000000089A0C000 000114 (v06 ALASKA A M I    01072009 AMI  00010013)
Aug 08 15:51:10 ubuntu kernel: ACPI: DSDT 0x00000000899D2000 039185 (v02 ALASKA A M I    01072009 INTL 20160527)
Aug 08 15:51:10 ubuntu kernel: ACPI: FACS 0x0000000089B13000 000040
Aug 08 15:51:10 ubuntu kernel: ACPI: MCFG 0x0000000089A11000 00003C (v01 ALASKA A M I    01072009 MSFT 00000097)
Aug 08 15:51:10 ubuntu kernel: ACPI: SSDT 0x0000000089A0E000 0020AD (v02 CpuRef CpuSsdt  00003000 INTL 20160527)
Aug 08 15:51:10 ubuntu kernel: ACPI: SSDT 0x0000000089A0D000 000A52 (v02 PmRef  ItbmSci  00003000 INTL 20160527)
Aug 08 15:51:10 ubuntu kernel: ACPI: FIDT 0x00000000899D1000 00009C (v01 ALASKA A M I    01072009 AMI  00010013)
Aug 08 15:51:10 ubuntu kernel: ACPI: SSDT 0x00000000899CC000 0030AD (v02 SaSsdt SaSsdt   00003000 INTL 20160527)
Aug 08 15:51:10 ubuntu kernel: ACPI: HPET 0x00000000899CB000 000038 (v01 ALASKA A M I    01072009 AMI  01000013)
Aug 08 15:51:10 ubuntu kernel: ACPI: SSDT 0x00000000899C9000 00147B (v02 ALASKA Ther_Rvp 00001000 INTL 20160527)
Aug 08 15:51:10 ubuntu kernel: ACPI: SSDT 0x00000000899C5000 00373E (v02 INTEL  xh_cmvd4 00000000 INTL 20160527)
Aug 08 15:51:10 ubuntu kernel: ACPI: NHLT 0x00000000899C4000 00002D (v00 ALASKA A M I    01072009 AMI  01000013)
Aug 08 15:51:10 ubuntu kernel: ACPI: LPIT 0x00000000899C2000 000094 (v01 ALASKA A M I    01072009 AMI  01000013)
Aug 08 15:51:10 ubuntu kernel: ACPI: WSMT 0x00000000899C1000 000028 (v01 ALASKA A M I    01072009 AMI  01000013)
Aug 08 15:51:10 ubuntu kernel: ACPI: SSDT 0x00000000899BE000 002720 (v02 ALASKA PtidDevc 00001000 INTL 20160527)
Aug 08 15:51:10 ubuntu kernel: ACPI: DBGP 0x00000000899BD000 000034 (v01 ALASKA A M I    01072009 AMI  01000013)
Aug 08 15:51:10 ubuntu kernel: ACPI: DBG2 0x00000000899BC000 000054 (v00 ALASKA A M I    01072009 AMI  01000013)
Aug 08 15:51:10 ubuntu kernel: ACPI: WPBT 0x00000000899B9000 00003C (v01 ALASKA A M I    00000001 ASUS 00000001)
Aug 08 15:51:10 ubuntu kernel: ACPI: BGRT 0x00000000899BB000 000038 (v01 ALASKA A M I    01072009 AMI  00010013)
Aug 08 15:51:10 ubuntu kernel: ACPI: APIC 0x00000000899B8000 00012C (v04 ALASKA A M I    01072009 AMI  00010013)
Aug 08 15:51:10 ubuntu kernel: ACPI: FPDT 0x00000000899B7000 000044 (v01 ALASKA A M I    01072009 AMI  01000013)
Aug 08 15:51:10 ubuntu kernel: ACPI: Reserving FACP table memory at [mem 0x89a0c000-0x89a0c113]
Aug 08 15:51:10 ubuntu kernel: ACPI: Reserving DSDT table memory at [mem 0x899d2000-0x89a0b184]
Aug 08 15:51:10 ubuntu kernel: ACPI: Reserving FACS table memory at [mem 0x89b13000-0x89b1303f]
Aug 08 15:51:10 ubuntu kernel: ACPI: Reserving MCFG table memory at [mem 0x89a11000-0x89a1103b]
Aug 08 15:51:10 ubuntu kernel: ACPI: Reserving SSDT table memory at [mem 0x89a0e000-0x89a100ac]
Aug 08 15:51:10 ubuntu kernel: ACPI: Reserving SSDT table memory at [mem 0x89a0d000-0x89a0da51]
Aug 08 15:51:10 ubuntu kernel: ACPI: Reserving FIDT table memory at [mem 0x899d1000-0x899d109b]
Aug 08 15:51:10 ubuntu kernel: ACPI: Reserving SSDT table memory at [mem 0x899cc000-0x899cf0ac]
Aug 08 15:51:10 ubuntu kernel: ACPI: Reserving HPET table memory at [mem 0x899cb000-0x899cb037]
Aug 08 15:51:10 ubuntu kernel: ACPI: Reserving SSDT table memory at [mem 0x899c9000-0x899ca47a]
Aug 08 15:51:10 ubuntu kernel: ACPI: Reserving SSDT table memory at [mem 0x899c5000-0x899c873d]
Aug 08 15:51:10 ubuntu kernel: ACPI: Reserving NHLT table memory at [mem 0x899c4000-0x899c402c]
Aug 08 15:51:10 ubuntu kernel: ACPI: Reserving LPIT table memory at [mem 0x899c2000-0x899c2093]
Aug 08 15:51:10 ubuntu kernel: ACPI: Reserving WSMT table memory at [mem 0x899c1000-0x899c1027]
Aug 08 15:51:10 ubuntu kernel: ACPI: Reserving SSDT table memory at [mem 0x899be000-0x899c071f]
Aug 08 15:51:10 ubuntu kernel: ACPI: Reserving DBGP table memory at [mem 0x899bd000-0x899bd033]
Aug 08 15:51:10 ubuntu kernel: ACPI: Reserving DBG2 table memory at [mem 0x899bc000-0x899bc053]
Aug 08 15:51:10 ubuntu kernel: ACPI: Reserving WPBT table memory at [mem 0x899b9000-0x899b903b]
Aug 08 15:51:10 ubuntu kernel: ACPI: Reserving BGRT table memory at [mem 0x899bb000-0x899bb037]
Aug 08 15:51:10 ubuntu kernel: ACPI: Reserving APIC table memory at [mem 0x899b8000-0x899b812b]
Aug 08 15:51:10 ubuntu kernel: ACPI: Reserving FPDT table memory at [mem 0x899b7000-0x899b7043]
Aug 08 15:51:10 ubuntu kernel: No NUMA configuration found
Aug 08 15:51:10 ubuntu kernel: Faking a node at [mem 0x0000000000000000-0x000000026f7fffff]
Aug 08 15:51:10 ubuntu kernel: NODE_DATA(0) allocated [mem 0x26f7d3000-0x26f7fdfff]
Aug 08 15:51:10 ubuntu kernel: Zone ranges:
Aug 08 15:51:10 ubuntu kernel:   DMA      [mem 0x0000000000001000-0x0000000000ffffff]
Aug 08 15:51:10 ubuntu kernel:   DMA32    [mem 0x0000000001000000-0x00000000ffffffff]
Aug 08 15:51:10 ubuntu kernel:   Normal   [mem 0x0000000100000000-0x000000026f7fffff]
Aug 08 15:51:10 ubuntu kernel:   Device   empty
Aug 08 15:51:10 ubuntu kernel: Movable zone start for each node
Aug 08 15:51:10 ubuntu kernel: Early memory node ranges
Aug 08 15:51:10 ubuntu kernel:   node   0: [mem 0x0000000000001000-0x000000000009dfff]
Aug 08 15:51:10 ubuntu kernel:   node   0: [mem 0x000000000009f000-0x000000000009ffff]
Aug 08 15:51:10 ubuntu kernel:   node   0: [mem 0x0000000000100000-0x000000006b12afff]
Aug 08 15:51:10 ubuntu kernel:   node   0: [mem 0x000000006b12c000-0x000000006b2f6fff]
Aug 08 15:51:10 ubuntu kernel:   node   0: [mem 0x000000006b5bb000-0x000000006cc8cfff]
Aug 08 15:51:10 ubuntu kernel:   node   0: [mem 0x000000006cc8e000-0x0000000079ce2fff]
Aug 08 15:51:10 ubuntu kernel:   node   0: [mem 0x000000007a014000-0x000000007a3fcfff]
Aug 08 15:51:10 ubuntu kernel:   node   0: [mem 0x000000007b3fe000-0x000000007c702fff]
Aug 08 15:51:10 ubuntu kernel:   node   0: [mem 0x000000007c704000-0x000000007c72afff]
Aug 08 15:51:10 ubuntu kernel:   node   0: [mem 0x000000007c72c000-0x00000000888e3fff]
Aug 08 15:51:10 ubuntu kernel:   node   0: [mem 0x0000000089fff000-0x0000000089ffffff]
Aug 08 15:51:10 ubuntu kernel:   node   0: [mem 0x0000000100000000-0x000000026f7fffff]
Aug 08 15:51:10 ubuntu kernel: Initmem setup node 0 [mem 0x0000000000001000-0x000000026f7fffff]
Aug 08 15:51:10 ubuntu kernel: On node 0, zone DMA: 1 pages in unavailable ranges
Aug 08 15:51:10 ubuntu kernel: On node 0, zone DMA: 1 pages in unavailable ranges
Aug 08 15:51:10 ubuntu kernel: On node 0, zone DMA: 96 pages in unavailable ranges
Aug 08 15:51:10 ubuntu kernel: On node 0, zone DMA32: 1 pages in unavailable ranges
Aug 08 15:51:10 ubuntu kernel: On node 0, zone DMA32: 708 pages in unavailable ranges
Aug 08 15:51:10 ubuntu kernel: On node 0, zone DMA32: 1 pages in unavailable ranges
Aug 08 15:51:10 ubuntu kernel: On node 0, zone DMA32: 817 pages in unavailable ranges
Aug 08 15:51:10 ubuntu kernel: On node 0, zone DMA32: 4097 pages in unavailable ranges
Aug 08 15:51:10 ubuntu kernel: On node 0, zone DMA32: 1 pages in unavailable ranges
Aug 08 15:51:10 ubuntu kernel: On node 0, zone DMA32: 1 pages in unavailable ranges
Aug 08 15:51:10 ubuntu kernel: On node 0, zone DMA32: 5915 pages in unavailable ranges
Aug 08 15:51:10 ubuntu kernel: On node 0, zone Normal: 24576 pages in unavailable ranges
Aug 08 15:51:10 ubuntu kernel: On node 0, zone Normal: 2048 pages in unavailable ranges
Aug 08 15:51:10 ubuntu kernel: Reserving Intel graphics memory at [mem 0x8b800000-0x8f7fffff]
Aug 08 15:51:10 ubuntu kernel: ACPI: PM-Timer IO Port: 0x1808
Aug 08 15:51:10 ubuntu kernel: ACPI: LAPIC_NMI (acpi_id[0x01] high edge lint[0x1])
Aug 08 15:51:10 ubuntu kernel: ACPI: LAPIC_NMI (acpi_id[0x02] high edge lint[0x1])
Aug 08 15:51:10 ubuntu kernel: ACPI: LAPIC_NMI (acpi_id[0x03] high edge lint[0x1])
Aug 08 15:51:10 ubuntu kernel: ACPI: LAPIC_NMI (acpi_id[0x04] high edge lint[0x1])
Aug 08 15:51:10 ubuntu kernel: ACPI: LAPIC_NMI (acpi_id[0x05] high edge lint[0x1])
Aug 08 15:51:10 ubuntu kernel: ACPI: LAPIC_NMI (acpi_id[0x06] high edge lint[0x1])
Aug 08 15:51:10 ubuntu kernel: ACPI: LAPIC_NMI (acpi_id[0x07] high edge lint[0x1])
Aug 08 15:51:10 ubuntu kernel: ACPI: LAPIC_NMI (acpi_id[0x08] high edge lint[0x1])
Aug 08 15:51:10 ubuntu kernel: ACPI: LAPIC_NMI (acpi_id[0x09] high edge lint[0x1])
Aug 08 15:51:10 ubuntu kernel: ACPI: LAPIC_NMI (acpi_id[0x0a] high edge lint[0x1])
Aug 08 15:51:10 ubuntu kernel: ACPI: LAPIC_NMI (acpi_id[0x0b] high edge lint[0x1])
Aug 08 15:51:10 ubuntu kernel: ACPI: LAPIC_NMI (acpi_id[0x0c] high edge lint[0x1])
Aug 08 15:51:10 ubuntu kernel: ACPI: LAPIC_NMI (acpi_id[0x0d] high edge lint[0x1])
Aug 08 15:51:10 ubuntu kernel: ACPI: LAPIC_NMI (acpi_id[0x0e] high edge lint[0x1])
Aug 08 15:51:10 ubuntu kernel: ACPI: LAPIC_NMI (acpi_id[0x0f] high edge lint[0x1])
Aug 08 15:51:10 ubuntu kernel: ACPI: LAPIC_NMI (acpi_id[0x10] high edge lint[0x1])
Aug 08 15:51:10 ubuntu kernel: IOAPIC[0]: apic_id 2, version 32, address 0xfec00000, GSI 0-119
Aug 08 15:51:10 ubuntu kernel: ACPI: INT_SRC_OVR (bus 0 bus_irq 0 global_irq 2 dfl dfl)
Aug 08 15:51:10 ubuntu kernel: ACPI: INT_SRC_OVR (bus 0 bus_irq 9 global_irq 9 high level)
Aug 08 15:51:10 ubuntu kernel: ACPI: Using ACPI (MADT) for SMP configuration information
Aug 08 15:51:10 ubuntu kernel: ACPI: HPET id: 0x8086a201 base: 0xfed00000
Aug 08 15:51:10 ubuntu kernel: e820: update [mem 0x841b3000-0x84363fff] usable ==> reserved
Aug 08 15:51:10 ubuntu kernel: TSC deadline timer available
Aug 08 15:51:10 ubuntu kernel: smpboot: Allowing 16 CPUs, 0 hotplug CPUs
Aug 08 15:51:10 ubuntu kernel: PM: hibernation: Registered nosave memory: [mem 0x00000000-0x00000fff]
Aug 08 15:51:10 ubuntu kernel: PM: hibernation: Registered nosave memory: [mem 0x0009e000-0x0009efff]
Aug 08 15:51:10 ubuntu kernel: PM: hibernation: Registered nosave memory: [mem 0x000a0000-0x000fffff]
Aug 08 15:51:10 ubuntu kernel: PM: hibernation: Registered nosave memory: [mem 0x6b12b000-0x6b12bfff]
Aug 08 15:51:10 ubuntu kernel: PM: hibernation: Registered nosave memory: [mem 0x6b2f7000-0x6b5bafff]
Aug 08 15:51:10 ubuntu kernel: PM: hibernation: Registered nosave memory: [mem 0x6cc8d000-0x6cc8dfff]
Aug 08 15:51:10 ubuntu kernel: PM: hibernation: Registered nosave memory: [mem 0x79ce3000-0x79dc9fff]
Aug 08 15:51:10 ubuntu kernel: PM: hibernation: Registered nosave memory: [mem 0x79dca000-0x7a013fff]
Aug 08 15:51:10 ubuntu kernel: PM: hibernation: Registered nosave memory: [mem 0x7a3fd000-0x7b3fdfff]
Aug 08 15:51:10 ubuntu kernel: PM: hibernation: Registered nosave memory: [mem 0x7c703000-0x7c703fff]
Aug 08 15:51:10 ubuntu kernel: PM: hibernation: Registered nosave memory: [mem 0x7c72b000-0x7c72bfff]
Aug 08 15:51:10 ubuntu kernel: PM: hibernation: Registered nosave memory: [mem 0x841b3000-0x84363fff]
Aug 08 15:51:10 ubuntu kernel: PM: hibernation: Registered nosave memory: [mem 0x8722e000-0x8722efff]
Aug 08 15:51:10 ubuntu kernel: PM: hibernation: Registered nosave memory: [mem 0x888e4000-0x898e3fff]
Aug 08 15:51:10 ubuntu kernel: PM: hibernation: Registered nosave memory: [mem 0x898e4000-0x89a13fff]
Aug 08 15:51:10 ubuntu kernel: PM: hibernation: Registered nosave memory: [mem 0x89a14000-0x89b13fff]
Aug 08 15:51:10 ubuntu kernel: PM: hibernation: Registered nosave memory: [mem 0x89b14000-0x89d44fff]
Aug 08 15:51:10 ubuntu kernel: PM: hibernation: Registered nosave memory: [mem 0x89d45000-0x89ffefff]
Aug 08 15:51:10 ubuntu kernel: PM: hibernation: Registered nosave memory: [mem 0x8a000000-0x8f7fffff]
Aug 08 15:51:10 ubuntu kernel: PM: hibernation: Registered nosave memory: [mem 0x8f800000-0xfdffffff]
Aug 08 15:51:10 ubuntu kernel: PM: hibernation: Registered nosave memory: [mem 0xfe000000-0xfe010fff]
Aug 08 15:51:10 ubuntu kernel: PM: hibernation: Registered nosave memory: [mem 0xfe011000-0xfebfffff]
Aug 08 15:51:10 ubuntu kernel: PM: hibernation: Registered nosave memory: [mem 0xfec00000-0xfec00fff]
Aug 08 15:51:10 ubuntu kernel: PM: hibernation: Registered nosave memory: [mem 0xfec01000-0xfedfffff]
Aug 08 15:51:10 ubuntu kernel: PM: hibernation: Registered nosave memory: [mem 0xfee00000-0xfee00fff]
Aug 08 15:51:10 ubuntu kernel: PM: hibernation: Registered nosave memory: [mem 0xfee01000-0xffffffff]
Aug 08 15:51:10 ubuntu kernel: [mem 0x8f800000-0xfdffffff] available for PCI devices
Aug 08 15:51:10 ubuntu kernel: Booting paravirtualized kernel on bare hardware
Aug 08 15:51:10 ubuntu kernel: clocksource: refined-jiffies: mask: 0xffffffff max_cycles: 0xffffffff, max_idle_ns: 1910969940391419 ns
Aug 08 15:51:10 ubuntu kernel: setup_percpu: NR_CPUS:8192 nr_cpumask_bits:16 nr_cpu_ids:16 nr_node_ids:1
Aug 08 15:51:10 ubuntu kernel: percpu: Embedded 86 pages/cpu s229376 r8192 d114688 u524288
Aug 08 15:51:10 ubuntu kernel: pcpu-alloc: s229376 r8192 d114688 u524288 alloc=1*2097152
Aug 08 15:51:10 ubuntu kernel: pcpu-alloc: [0] 00 01 02 03 [0] 04 05 06 07 
Aug 08 15:51:10 ubuntu kernel: pcpu-alloc: [0] 08 09 10 11 [0] 12 13 14 15 
Aug 08 15:51:10 ubuntu kernel: Kernel command line: BOOT_IMAGE=/casper/vmlinuz nomodeset rdinit=/vtoy/vtoy --- quiet splash
Aug 08 15:51:10 ubuntu kernel: Booted with the nomodeset parameter. Only the system framebuffer will be available
Aug 08 15:51:10 ubuntu kernel: Unknown kernel command line parameters "--- splash BOOT_IMAGE=/casper/vmlinuz", will be passed to user space.
Aug 08 15:51:10 ubuntu kernel: random: crng init done
Aug 08 15:51:10 ubuntu kernel: Dentry cache hash table entries: 1048576 (order: 11, 8388608 bytes, linear)
Aug 08 15:51:10 ubuntu kernel: Inode-cache hash table entries: 524288 (order: 10, 4194304 bytes, linear)
Aug 08 15:51:10 ubuntu kernel: Fallback order for Node 0: 0 
Aug 08 15:51:10 ubuntu kernel: Built 1 zonelists, mobility grouping on.  Total pages: 2026559
Aug 08 15:51:10 ubuntu kernel: Policy zone: Normal
Aug 08 15:51:10 ubuntu kernel: mem auto-init: stack:all(zero), heap alloc:on, heap free:off
Aug 08 15:51:10 ubuntu kernel: software IO TLB: area num 16.
Aug 08 15:51:10 ubuntu kernel: Memory: 7825436K/8235556K available (22528K kernel code, 4441K rwdata, 14308K rodata, 4972K init, 4736K bss, 409860K reserved, 0K cma-reserved)
Aug 08 15:51:10 ubuntu kernel: SLUB: HWalign=64, Order=0-3, MinObjects=0, CPUs=16, Nodes=1
Aug 08 15:51:10 ubuntu kernel: ftrace: allocating 57864 entries in 227 pages
Aug 08 15:51:10 ubuntu kernel: ftrace: allocated 227 pages with 5 groups
Aug 08 15:51:10 ubuntu kernel: Dynamic Preempt: voluntary
Aug 08 15:51:10 ubuntu kernel: rcu: Preemptible hierarchical RCU implementation.
Aug 08 15:51:10 ubuntu kernel: rcu:         RCU restricting CPUs from NR_CPUS=8192 to nr_cpu_ids=16.
Aug 08 15:51:10 ubuntu kernel:         Trampoline variant of Tasks RCU enabled.
Aug 08 15:51:10 ubuntu kernel:         Rude variant of Tasks RCU enabled.
Aug 08 15:51:10 ubuntu kernel:         Tracing variant of Tasks RCU enabled.
Aug 08 15:51:10 ubuntu kernel: rcu: RCU calculated value of scheduler-enlistment delay is 100 jiffies.
Aug 08 15:51:10 ubuntu kernel: rcu: Adjusting geometry for rcu_fanout_leaf=16, nr_cpu_ids=16
Aug 08 15:51:10 ubuntu kernel: NR_IRQS: 524544, nr_irqs: 2184, preallocated irqs: 16
Aug 08 15:51:10 ubuntu kernel: rcu: srcu_init: Setting srcu_struct sizes based on contention.
Aug 08 15:51:10 ubuntu kernel: Console: colour dummy device 80x25
Aug 08 15:51:10 ubuntu kernel: printk: legacy console [tty0] enabled
Aug 08 15:51:10 ubuntu kernel: ACPI: Core revision 20230628
Aug 08 15:51:10 ubuntu kernel: hpet: HPET dysfunctional in PC10. Force disabled.
Aug 08 15:51:10 ubuntu kernel: APIC: Switch to symmetric I/O mode setup
Aug 08 15:51:10 ubuntu kernel: x2apic: IRQ remapping doesn't support X2APIC mode
Aug 08 15:51:10 ubuntu kernel: APIC: Switched APIC routing to: physical flat
Aug 08 15:51:10 ubuntu kernel: clocksource: tsc-early: mask: 0xffffffffffffffff max_cycles: 0x29ccd767b87, max_idle_ns: 440795223720 ns
Aug 08 15:51:10 ubuntu kernel: Calibrating delay loop (skipped), value calculated using timer frequency.. 5799.77 BogoMIPS (lpj=2899886)
Aug 08 15:51:10 ubuntu kernel: x86/cpu: VMX (outside TXT) disabled by BIOS
Aug 08 15:51:10 ubuntu kernel: x86/cpu: SGX disabled by BIOS.
Aug 08 15:51:10 ubuntu kernel: CPU0: Thermal monitoring enabled (TM1)
Aug 08 15:51:10 ubuntu kernel: process: using mwait in idle threads
Aug 08 15:51:10 ubuntu kernel: Last level iTLB entries: 4KB 64, 2MB 8, 4MB 8
Aug 08 15:51:10 ubuntu kernel: Last level dTLB entries: 4KB 64, 2MB 0, 4MB 0, 1GB 4
Aug 08 15:51:10 ubuntu kernel: Spectre V1 : Mitigation: usercopy/swapgs barriers and __user pointer sanitization
Aug 08 15:51:10 ubuntu kernel: Spectre V2 : Spectre BHI mitigation: SW BHB clearing on vm exit
Aug 08 15:51:10 ubuntu kernel: Spectre V2 : Spectre BHI mitigation: SW BHB clearing on syscall
Aug 08 15:51:10 ubuntu kernel: Spectre V2 : Mitigation: Enhanced / Automatic IBRS
Aug 08 15:51:10 ubuntu kernel: Spectre V2 : Spectre v2 / SpectreRSB mitigation: Filling RSB on context switch
Aug 08 15:51:10 ubuntu kernel: Spectre V2 : Spectre v2 / PBRSB-eIBRS: Retire a single CALL on VMEXIT
Aug 08 15:51:10 ubuntu kernel: RETBleed: Mitigation: Enhanced IBRS
Aug 08 15:51:10 ubuntu kernel: Spectre V2 : mitigation: Enabling conditional Indirect Branch Prediction Barrier
Aug 08 15:51:10 ubuntu kernel: Speculative Store Bypass: Mitigation: Speculative Store Bypass disabled via prctl
Aug 08 15:51:10 ubuntu kernel: MMIO Stale Data: Mitigation: Clear CPU buffers
Aug 08 15:51:10 ubuntu kernel: SRBDS: Mitigation: Microcode
Aug 08 15:51:10 ubuntu kernel: GDS: Mitigation: Microcode
Aug 08 15:51:10 ubuntu kernel: x86/fpu: Supporting XSAVE feature 0x001: 'x87 floating point registers'
Aug 08 15:51:10 ubuntu kernel: x86/fpu: Supporting XSAVE feature 0x002: 'SSE registers'
Aug 08 15:51:10 ubuntu kernel: x86/fpu: Supporting XSAVE feature 0x004: 'AVX registers'
Aug 08 15:51:10 ubuntu kernel: x86/fpu: Supporting XSAVE feature 0x008: 'MPX bounds registers'
Aug 08 15:51:10 ubuntu kernel: x86/fpu: Supporting XSAVE feature 0x010: 'MPX CSR'
Aug 08 15:51:10 ubuntu kernel: x86/fpu: Supporting XSAVE feature 0x200: 'Protection Keys User registers'
Aug 08 15:51:10 ubuntu kernel: x86/fpu: xstate_offset[2]:  576, xstate_sizes[2]:  256
Aug 08 15:51:10 ubuntu kernel: x86/fpu: xstate_offset[3]:  832, xstate_sizes[3]:   64
Aug 08 15:51:10 ubuntu kernel: x86/fpu: xstate_offset[4]:  896, xstate_sizes[4]:   64
Aug 08 15:51:10 ubuntu kernel: x86/fpu: xstate_offset[9]:  960, xstate_sizes[9]:    8
Aug 08 15:51:10 ubuntu kernel: x86/fpu: Enabled xstate features 0x21f, context size is 968 bytes, using 'compacted' format.
Aug 08 15:51:10 ubuntu kernel: Freeing SMP alternatives memory: 48K
Aug 08 15:51:10 ubuntu kernel: pid_max: default: 32768 minimum: 301
Aug 08 15:51:10 ubuntu kernel: LSM: initializing lsm=lockdown,capability,landlock,yama,apparmor,integrity
Aug 08 15:51:10 ubuntu kernel: landlock: Up and running.
Aug 08 15:51:10 ubuntu kernel: Yama: becoming mindful.
Aug 08 15:51:10 ubuntu kernel: AppArmor: AppArmor initialized
Aug 08 15:51:10 ubuntu kernel: Mount-cache hash table entries: 16384 (order: 5, 131072 bytes, linear)
Aug 08 15:51:10 ubuntu kernel: Mountpoint-cache hash table entries: 16384 (order: 5, 131072 bytes, linear)
Aug 08 15:51:10 ubuntu kernel: smpboot: CPU0: Intel(R) Core(TM) i7-10700 CPU @ 2.90GHz (family: 0x6, model: 0xa5, stepping: 0x5)
Aug 08 15:51:10 ubuntu kernel: RCU Tasks: Setting shift to 4 and lim to 1 rcu_task_cb_adjust=1.
Aug 08 15:51:10 ubuntu kernel: RCU Tasks Rude: Setting shift to 4 and lim to 1 rcu_task_cb_adjust=1.
Aug 08 15:51:10 ubuntu kernel: RCU Tasks Trace: Setting shift to 4 and lim to 1 rcu_task_cb_adjust=1.
Aug 08 15:51:10 ubuntu kernel: Performance Events: PEBS fmt3+, Skylake events, 32-deep LBR, full-width counters, Intel PMU driver.
Aug 08 15:51:10 ubuntu kernel: ... version:                4
Aug 08 15:51:10 ubuntu kernel: ... bit width:              48
Aug 08 15:51:10 ubuntu kernel: ... generic registers:      4
Aug 08 15:51:10 ubuntu kernel: ... value mask:             0000ffffffffffff
Aug 08 15:51:10 ubuntu kernel: ... max period:             00007fffffffffff
Aug 08 15:51:10 ubuntu kernel: ... fixed-purpose events:   3
Aug 08 15:51:10 ubuntu kernel: ... event mask:             000000070000000f
Aug 08 15:51:10 ubuntu kernel: signal: max sigframe size: 3632
Aug 08 15:51:10 ubuntu kernel: Estimated ratio of average max frequency by base frequency (times 1024): 1659
Aug 08 15:51:10 ubuntu kernel: rcu: Hierarchical SRCU implementation.
Aug 08 15:51:10 ubuntu kernel: rcu:         Max phase no-delay instances is 400.
Aug 08 15:51:10 ubuntu kernel: NMI watchdog: Enabled. Permanently consumes one hw-PMU counter.
Aug 08 15:51:10 ubuntu kernel: smp: Bringing up secondary CPUs ...
Aug 08 15:51:10 ubuntu kernel: smpboot: x86: Booting SMP configuration:
Aug 08 15:51:10 ubuntu kernel: .... node  #0, CPUs:        #1  #2  #3  #4  #5  #6  #7  #8  #9 #10 #11 #12 #13 #14 #15
Aug 08 15:51:10 ubuntu kernel: MMIO Stale Data CPU bug present and SMT on, data leak possible. See https://www.kernel.org/doc/html/latest/admin-guide/hw-vuln/processor_mmio_stale_data.html for more details.
Aug 08 15:51:10 ubuntu kernel: smp: Brought up 1 node, 16 CPUs
Aug 08 15:51:10 ubuntu kernel: smpboot: Max logical packages: 1
Aug 08 15:51:10 ubuntu kernel: smpboot: Total of 16 processors activated (92796.35 BogoMIPS)
Aug 08 15:51:10 ubuntu kernel: devtmpfs: initialized
Aug 08 15:51:10 ubuntu kernel: x86/mm: Memory block size: 128MB
Aug 08 15:51:10 ubuntu kernel: ACPI: PM: Registering ACPI NVS region [mem 0x7c703000-0x7c703fff] (4096 bytes)
Aug 08 15:51:10 ubuntu kernel: ACPI: PM: Registering ACPI NVS region [mem 0x89a14000-0x89b13fff] (1048576 bytes)
Aug 08 15:51:10 ubuntu kernel: clocksource: jiffies: mask: 0xffffffff max_cycles: 0xffffffff, max_idle_ns: 1911260446275000 ns
Aug 08 15:51:10 ubuntu kernel: futex hash table entries: 4096 (order: 6, 262144 bytes, linear)
Aug 08 15:51:10 ubuntu kernel: pinctrl core: initialized pinctrl subsystem
Aug 08 15:51:10 ubuntu kernel: PM: RTC time: 00:57:39, date: 2020-01-01
Aug 08 15:51:10 ubuntu kernel: NET: Registered PF_NETLINK/PF_ROUTE protocol family
Aug 08 15:51:10 ubuntu kernel: DMA: preallocated 1024 KiB GFP_KERNEL pool for atomic allocations
Aug 08 15:51:10 ubuntu kernel: DMA: preallocated 1024 KiB GFP_KERNEL|GFP_DMA pool for atomic allocations
Aug 08 15:51:10 ubuntu kernel: DMA: preallocated 1024 KiB GFP_KERNEL|GFP_DMA32 pool for atomic allocations
Aug 08 15:51:10 ubuntu kernel: audit: initializing netlink subsys (disabled)
Aug 08 15:51:10 ubuntu kernel: audit: type=2000 audit(1577840259.011:1): state=initialized audit_enabled=0 res=1
Aug 08 15:51:10 ubuntu kernel: thermal_sys: Registered thermal governor 'fair_share'
Aug 08 15:51:10 ubuntu kernel: thermal_sys: Registered thermal governor 'bang_bang'
Aug 08 15:51:10 ubuntu kernel: thermal_sys: Registered thermal governor 'step_wise'
Aug 08 15:51:10 ubuntu kernel: thermal_sys: Registered thermal governor 'user_space'
Aug 08 15:51:10 ubuntu kernel: thermal_sys: Registered thermal governor 'power_allocator'
Aug 08 15:51:10 ubuntu kernel: EISA bus registered
Aug 08 15:51:10 ubuntu kernel: cpuidle: using governor ladder
Aug 08 15:51:10 ubuntu kernel: cpuidle: using governor menu
Aug 08 15:51:10 ubuntu kernel: ACPI FADT declares the system doesn't support PCIe ASPM, so disable it
Aug 08 15:51:10 ubuntu kernel: acpiphp: ACPI Hot Plug PCI Controller Driver version: 0.5
Aug 08 15:51:10 ubuntu kernel: PCI: ECAM [mem 0xe0000000-0xefffffff] (base 0xe0000000) for domain 0000 [bus 00-ff]
Aug 08 15:51:10 ubuntu kernel: PCI: not using ECAM ([mem 0xe0000000-0xefffffff] not reserved)
Aug 08 15:51:10 ubuntu kernel: PCI: Using configuration type 1 for base access
Aug 08 15:51:10 ubuntu kernel: kprobes: kprobe jump-optimization is enabled. All kprobes are optimized if possible.
Aug 08 15:51:10 ubuntu kernel: HugeTLB: registered 1.00 GiB page size, pre-allocated 0 pages
Aug 08 15:51:10 ubuntu kernel: HugeTLB: 16380 KiB vmemmap can be freed for a 1.00 GiB page
Aug 08 15:51:10 ubuntu kernel: HugeTLB: registered 2.00 MiB page size, pre-allocated 0 pages
Aug 08 15:51:10 ubuntu kernel: HugeTLB: 28 KiB vmemmap can be freed for a 2.00 MiB page
Aug 08 15:51:10 ubuntu kernel: ACPI: Added _OSI(Module Device)
Aug 08 15:51:10 ubuntu kernel: ACPI: Added _OSI(Processor Device)
Aug 08 15:51:10 ubuntu kernel: ACPI: Added _OSI(3.0 _SCP Extensions)
Aug 08 15:51:10 ubuntu kernel: ACPI: Added _OSI(Processor Aggregator Device)
Aug 08 15:51:10 ubuntu kernel: ACPI: 7 ACPI AML tables successfully acquired and loaded
Aug 08 15:51:10 ubuntu kernel: ACPI: Dynamic OEM Table Load:
Aug 08 15:51:10 ubuntu kernel: ACPI: SSDT 0xFFFF9B9000FAFC00 000400 (v02 PmRef  Cpu0Cst  00003001 INTL 20160527)
Aug 08 15:51:10 ubuntu kernel: ACPI: Dynamic OEM Table Load:
Aug 08 15:51:10 ubuntu kernel: ACPI: SSDT 0xFFFF9B9001F28000 0005E4 (v02 PmRef  Cpu0Ist  00003000 INTL 20160527)
Aug 08 15:51:10 ubuntu kernel: ACPI: Dynamic OEM Table Load:
Aug 08 15:51:10 ubuntu kernel: ACPI: SSDT 0xFFFF9B9000FD8E00 0000FC (v02 PmRef  Cpu0Psd  00003000 INTL 20160527)
Aug 08 15:51:10 ubuntu kernel: ACPI: Dynamic OEM Table Load:
Aug 08 15:51:10 ubuntu kernel: ACPI: SSDT 0xFFFF9B9001D96C00 00016C (v02 PmRef  Cpu0Hwp  00003000 INTL 20160527)
Aug 08 15:51:10 ubuntu kernel: ACPI: Dynamic OEM Table Load:
Aug 08 15:51:10 ubuntu kernel: ACPI: SSDT 0xFFFF9B9001FF1000 000BEA (v02 PmRef  HwpLvt   00003000 INTL 20160527)
Aug 08 15:51:10 ubuntu kernel: ACPI: Dynamic OEM Table Load:
Aug 08 15:51:10 ubuntu kernel: ACPI: SSDT 0xFFFF9B9001F2E800 000778 (v02 PmRef  ApIst    00003000 INTL 20160527)
Aug 08 15:51:10 ubuntu kernel: ACPI: Dynamic OEM Table Load:
Aug 08 15:51:10 ubuntu kernel: ACPI: SSDT 0xFFFF9B9000FAE000 0003D7 (v02 PmRef  ApHwp    00003000 INTL 20160527)
Aug 08 15:51:10 ubuntu kernel: ACPI: Dynamic OEM Table Load:
Aug 08 15:51:10 ubuntu kernel: ACPI: SSDT 0xFFFF9B9001FF4000 000D22 (v02 PmRef  ApPsd    00003000 INTL 20160527)
Aug 08 15:51:10 ubuntu kernel: ACPI: Dynamic OEM Table Load:
Aug 08 15:51:10 ubuntu kernel: ACPI: SSDT 0xFFFF9B9000FAC000 0003CA (v02 PmRef  ApCst    00003000 INTL 20160527)
Aug 08 15:51:10 ubuntu kernel: ACPI: _OSC evaluated successfully for all CPUs
Aug 08 15:51:10 ubuntu kernel: ACPI: Interpreter enabled
Aug 08 15:51:10 ubuntu kernel: ACPI: PM: (supports S0 S3 S4 S5)
Aug 08 15:51:10 ubuntu kernel: ACPI: Using IOAPIC for interrupt routing
Aug 08 15:51:10 ubuntu kernel: PCI: ECAM [mem 0xe0000000-0xefffffff] (base 0xe0000000) for domain 0000 [bus 00-ff]
Aug 08 15:51:10 ubuntu kernel: PCI: ECAM [mem 0xe0000000-0xefffffff] reserved as ACPI motherboard resource
Aug 08 15:51:10 ubuntu kernel: PCI: Using host bridge windows from ACPI; if necessary, use "pci=nocrs" and report a bug
Aug 08 15:51:10 ubuntu kernel: PCI: Ignoring E820 reservations for host bridge windows
Aug 08 15:51:10 ubuntu kernel: ACPI: Enabled 8 GPEs in block 00 to 7F
Aug 08 15:51:10 ubuntu kernel: ACPI: \_SB_.PCI0.SAT0.VOL0.V0PR: New power resource
Aug 08 15:51:10 ubuntu kernel: ACPI: \_SB_.PCI0.SAT0.VOL1.V1PR: New power resource
Aug 08 15:51:10 ubuntu kernel: ACPI: \_SB_.PCI0.SAT0.VOL2.V2PR: New power resource
Aug 08 15:51:10 ubuntu kernel: ACPI: \_TZ_.FN00: New power resource
Aug 08 15:51:10 ubuntu kernel: ACPI: \_TZ_.FN01: New power resource
Aug 08 15:51:10 ubuntu kernel: ACPI: \_TZ_.FN02: New power resource
Aug 08 15:51:10 ubuntu kernel: ACPI: \_TZ_.FN03: New power resource
Aug 08 15:51:10 ubuntu kernel: ACPI: \_TZ_.FN04: New power resource
Aug 08 15:51:10 ubuntu kernel: ACPI: \PIN_: New power resource
Aug 08 15:51:10 ubuntu kernel: ACPI: PCI Root Bridge [PCI0] (domain 0000 [bus 00-fe])
Aug 08 15:51:10 ubuntu kernel: acpi PNP0A08:00: _OSC: OS supports [ExtendedConfig ASPM ClockPM Segments MSI EDR HPX-Type3]
Aug 08 15:51:10 ubuntu kernel: acpi PNP0A08:00: _OSC: platform does not support [PCIeHotplug SHPCHotplug PME]
Aug 08 15:51:10 ubuntu kernel: acpi PNP0A08:00: _OSC: OS now controls [AER PCIeCapability LTR DPC]
Aug 08 15:51:10 ubuntu kernel: acpi PNP0A08:00: FADT indicates ASPM is unsupported, using BIOS configuration
Aug 08 15:51:10 ubuntu kernel: PCI host bridge to bus 0000:00
Aug 08 15:51:10 ubuntu kernel: pci_bus 0000:00: root bus resource [io  0x0000-0x0cf7 window]
Aug 08 15:51:10 ubuntu kernel: pci_bus 0000:00: root bus resource [io  0x0d00-0xffff window]
Aug 08 15:51:10 ubuntu kernel: pci_bus 0000:00: root bus resource [mem 0x000a0000-0x000bffff window]
Aug 08 15:51:10 ubuntu kernel: pci_bus 0000:00: root bus resource [mem 0x000e0000-0x000effff window]
Aug 08 15:51:10 ubuntu kernel: pci_bus 0000:00: root bus resource [mem 0x8f800000-0xdfffffff window]
Aug 08 15:51:10 ubuntu kernel: pci_bus 0000:00: root bus resource [mem 0x4000000000-0x7fffffffff window]
Aug 08 15:51:10 ubuntu kernel: pci_bus 0000:00: root bus resource [mem 0xfc800000-0xfdffffff window]
Aug 08 15:51:10 ubuntu kernel: pci_bus 0000:00: root bus resource [bus 00-fe]
Aug 08 15:51:10 ubuntu kernel: pci 0000:00:00.0: [8086:9b43] type 00 class 0x060000 conventional PCI endpoint
Aug 08 15:51:10 ubuntu kernel: pci 0000:00:02.0: [8086:9bc5] type 00 class 0x030000 PCIe Root Complex Integrated Endpoint
Aug 08 15:51:10 ubuntu kernel: pci 0000:00:02.0: BAR 0 [mem 0x6000000000-0x6000ffffff 64bit]
Aug 08 15:51:10 ubuntu kernel: pci 0000:00:02.0: BAR 2 [mem 0x4000000000-0x400fffffff 64bit pref]
Aug 08 15:51:10 ubuntu kernel: pci 0000:00:02.0: BAR 4 [io  0x4000-0x403f]
Aug 08 15:51:10 ubuntu kernel: pci 0000:00:02.0: Video device with shadowed ROM at [mem 0x000c0000-0x000dffff]
Aug 08 15:51:10 ubuntu kernel: pci 0000:00:14.0: [8086:a3af] type 00 class 0x0c0330 conventional PCI endpoint
Aug 08 15:51:10 ubuntu kernel: pci 0000:00:14.0: BAR 0 [mem 0x6001010000-0x600101ffff 64bit]
Aug 08 15:51:10 ubuntu kernel: pci 0000:00:14.0: PME# supported from D3hot D3cold
Aug 08 15:51:10 ubuntu kernel: pci 0000:00:16.0: [8086:a3ba] type 00 class 0x078000 conventional PCI endpoint
Aug 08 15:51:10 ubuntu kernel: pci 0000:00:16.0: BAR 0 [mem 0x6001025000-0x6001025fff 64bit]
Aug 08 15:51:10 ubuntu kernel: pci 0000:00:16.0: PME# supported from D3hot
Aug 08 15:51:10 ubuntu kernel: pci 0000:00:17.0: [8086:a382] type 00 class 0x010601 conventional PCI endpoint
Aug 08 15:51:10 ubuntu kernel: pci 0000:00:17.0: BAR 0 [mem 0x8fc04000-0x8fc05fff]
Aug 08 15:51:10 ubuntu kernel: pci 0000:00:17.0: BAR 1 [mem 0x8fc07000-0x8fc070ff]
Aug 08 15:51:10 ubuntu kernel: pci 0000:00:17.0: BAR 2 [io  0x4090-0x4097]
Aug 08 15:51:10 ubuntu kernel: pci 0000:00:17.0: BAR 3 [io  0x4080-0x4083]
Aug 08 15:51:10 ubuntu kernel: pci 0000:00:17.0: BAR 4 [io  0x4060-0x407f]
Aug 08 15:51:10 ubuntu kernel: pci 0000:00:17.0: BAR 5 [mem 0x8fc06000-0x8fc067ff]
Aug 08 15:51:10 ubuntu kernel: pci 0000:00:17.0: PME# supported from D3hot
Aug 08 15:51:10 ubuntu kernel: pci 0000:00:1b.0: [8086:a3e9] type 01 class 0x060400 PCIe Root Port
Aug 08 15:51:10 ubuntu kernel: pci 0000:00:1b.0: PCI bridge to [bus 01]
Aug 08 15:51:10 ubuntu kernel: pci 0000:00:1b.0: PME# supported from D0 D3hot D3cold
Aug 08 15:51:10 ubuntu kernel: pci 0000:00:1b.4: [8086:a3eb] type 01 class 0x060400 PCIe Root Port
Aug 08 15:51:10 ubuntu kernel: pci 0000:00:1b.4: PCI bridge to [bus 02]
Aug 08 15:51:10 ubuntu kernel: pci 0000:00:1b.4:   bridge window [mem 0x8fb00000-0x8fbfffff]
Aug 08 15:51:10 ubuntu kernel: pci 0000:00:1b.4: PME# supported from D0 D3hot D3cold
Aug 08 15:51:10 ubuntu kernel: pci 0000:00:1c.0: [8086:a392] type 01 class 0x060400 PCIe Root Port
Aug 08 15:51:10 ubuntu kernel: pci 0000:00:1c.0: PCI bridge to [bus 03]
Aug 08 15:51:10 ubuntu kernel: pci 0000:00:1c.0: PME# supported from D0 D3hot D3cold
Aug 08 15:51:10 ubuntu kernel: pci 0000:00:1c.3: [8086:a393] type 01 class 0x060400 PCIe Root Port
Aug 08 15:51:10 ubuntu kernel: pci 0000:00:1c.3: PCI bridge to [bus 04]
Aug 08 15:51:10 ubuntu kernel: pci 0000:00:1c.3:   bridge window [io  0x3000-0x3fff]
Aug 08 15:51:10 ubuntu kernel: pci 0000:00:1c.3:   bridge window [mem 0x8fa00000-0x8fafffff]
Aug 08 15:51:10 ubuntu kernel: pci 0000:00:1c.3: PME# supported from D0 D3hot D3cold
Aug 08 15:51:10 ubuntu kernel: pci 0000:00:1d.0: [8086:a398] type 01 class 0x060400 PCIe Root Port
Aug 08 15:51:10 ubuntu kernel: pci 0000:00:1d.0: PCI bridge to [bus 05]
Aug 08 15:51:10 ubuntu kernel: pci 0000:00:1d.0:   bridge window [mem 0x8f900000-0x8f9fffff]
Aug 08 15:51:10 ubuntu kernel: pci 0000:00:1d.0: PME# supported from D0 D3hot D3cold
Aug 08 15:51:10 ubuntu kernel: pci 0000:00:1f.0: [8086:a3c8] type 00 class 0x060100 conventional PCI endpoint
Aug 08 15:51:10 ubuntu kernel: pci 0000:00:1f.2: [8086:a3a1] type 00 class 0x058000 conventional PCI endpoint
Aug 08 15:51:10 ubuntu kernel: pci 0000:00:1f.2: BAR 0 [mem 0x8fc00000-0x8fc03fff]
Aug 08 15:51:10 ubuntu kernel: pci 0000:00:1f.3: [8086:a3f0] type 00 class 0x040300 conventional PCI endpoint
Aug 08 15:51:10 ubuntu kernel: pci 0000:00:1f.3: BAR 0 [mem 0x6001020000-0x6001023fff 64bit]
Aug 08 15:51:10 ubuntu kernel: pci 0000:00:1f.3: BAR 4 [mem 0x6001000000-0x600100ffff 64bit]
Aug 08 15:51:10 ubuntu kernel: pci 0000:00:1f.3: PME# supported from D3hot D3cold
Aug 08 15:51:10 ubuntu kernel: pci 0000:00:1f.4: [8086:a3a3] type 00 class 0x0c0500 conventional PCI endpoint
Aug 08 15:51:10 ubuntu kernel: pci 0000:00:1f.4: BAR 0 [mem 0x6001024000-0x60010240ff 64bit]
Aug 08 15:51:10 ubuntu kernel: pci 0000:00:1f.4: BAR 4 [io  0xefa0-0xefbf]
Aug 08 15:51:10 ubuntu kernel: acpiphp: Slot [1] registered
Aug 08 15:51:10 ubuntu kernel: pci 0000:00:1b.0: PCI bridge to [bus 01]
Aug 08 15:51:10 ubuntu kernel: pci 0000:02:00.0: [8086:faf0] type 00 class 0x010802 PCIe Endpoint
Aug 08 15:51:10 ubuntu kernel: pci 0000:02:00.0: BAR 0 [mem 0x8fb00000-0x8fb03fff 64bit]
Aug 08 15:51:10 ubuntu kernel: pci 0000:00:1b.4: PCI bridge to [bus 02]
Aug 08 15:51:10 ubuntu kernel: acpiphp: Slot [1-1] registered
Aug 08 15:51:10 ubuntu kernel: pci 0000:00:1c.0: PCI bridge to [bus 03]
Aug 08 15:51:10 ubuntu kernel: pci 0000:04:00.0: [10ec:8168] type 00 class 0x020000 PCIe Endpoint
Aug 08 15:51:10 ubuntu kernel: pci 0000:04:00.0: BAR 0 [io  0x3000-0x30ff]
Aug 08 15:51:10 ubuntu kernel: pci 0000:04:00.0: BAR 2 [mem 0x8fa04000-0x8fa04fff 64bit]
Aug 08 15:51:10 ubuntu kernel: pci 0000:04:00.0: BAR 4 [mem 0x8fa00000-0x8fa03fff 64bit]
Aug 08 15:51:10 ubuntu kernel: pci 0000:04:00.0: supports D1 D2
Aug 08 15:51:10 ubuntu kernel: pci 0000:04:00.0: PME# supported from D0 D1 D2 D3hot D3cold
Aug 08 15:51:10 ubuntu kernel: pci 0000:00:1c.3: PCI bridge to [bus 04]
Aug 08 15:51:10 ubuntu kernel: pci 0000:05:00.0: [144d:a808] type 00 class 0x010802 PCIe Endpoint
Aug 08 15:51:10 ubuntu kernel: pci 0000:05:00.0: BAR 0 [mem 0x8f900000-0x8f903fff 64bit]
Aug 08 15:51:10 ubuntu kernel: pci 0000:00:1d.0: PCI bridge to [bus 05]
Aug 08 15:51:10 ubuntu kernel: ACPI: PCI: Interrupt link LNKA configured for IRQ 0
Aug 08 15:51:10 ubuntu kernel: ACPI: PCI: Interrupt link LNKB configured for IRQ 1
Aug 08 15:51:10 ubuntu kernel: ACPI: PCI: Interrupt link LNKC configured for IRQ 0
Aug 08 15:51:10 ubuntu kernel: ACPI: PCI: Interrupt link LNKD configured for IRQ 0
Aug 08 15:51:10 ubuntu kernel: ACPI: PCI: Interrupt link LNKE configured for IRQ 0
Aug 08 15:51:10 ubuntu kernel: ACPI: PCI: Interrupt link LNKF configured for IRQ 0
Aug 08 15:51:10 ubuntu kernel: ACPI: PCI: Interrupt link LNKG configured for IRQ 0
Aug 08 15:51:10 ubuntu kernel: ACPI: PCI: Interrupt link LNKH configured for IRQ 0
Aug 08 15:51:10 ubuntu kernel: iommu: Default domain type: Translated
Aug 08 15:51:10 ubuntu kernel: iommu: DMA domain TLB invalidation policy: lazy mode
Aug 08 15:51:10 ubuntu kernel: SCSI subsystem initialized
Aug 08 15:51:10 ubuntu kernel: libata version 3.00 loaded.
Aug 08 15:51:10 ubuntu kernel: ACPI: bus type USB registered
Aug 08 15:51:10 ubuntu kernel: usbcore: registered new interface driver usbfs
Aug 08 15:51:10 ubuntu kernel: usbcore: registered new interface driver hub
Aug 08 15:51:10 ubuntu kernel: usbcore: registered new device driver usb
Aug 08 15:51:10 ubuntu kernel: pps_core: LinuxPPS API ver. 1 registered
Aug 08 15:51:10 ubuntu kernel: pps_core: Software ver. 5.3.6 - Copyright 2005-2007 Rodolfo Giometti <giometti@linux.it>
Aug 08 15:51:10 ubuntu kernel: PTP clock support registered
Aug 08 15:51:10 ubuntu kernel: EDAC MC: Ver: 3.0.0
Aug 08 15:51:10 ubuntu kernel: efivars: Registered efivars operations
Aug 08 15:51:10 ubuntu kernel: NetLabel: Initializing
Aug 08 15:51:10 ubuntu kernel: NetLabel:  domain hash size = 128
Aug 08 15:51:10 ubuntu kernel: NetLabel:  protocols = UNLABELED CIPSOv4 CALIPSO
Aug 08 15:51:10 ubuntu kernel: NetLabel:  unlabeled traffic allowed by default
Aug 08 15:51:10 ubuntu kernel: mctp: management component transport protocol core
Aug 08 15:51:10 ubuntu kernel: NET: Registered PF_MCTP protocol family
Aug 08 15:51:10 ubuntu kernel: PCI: Using ACPI for IRQ routing
Aug 08 15:51:10 ubuntu kernel: PCI: pci_cache_line_size set to 64 bytes
Aug 08 15:51:10 ubuntu kernel: e820: reserve RAM buffer [mem 0x0009e000-0x0009ffff]
Aug 08 15:51:10 ubuntu kernel: e820: reserve RAM buffer [mem 0x6b12b000-0x6bffffff]
Aug 08 15:51:10 ubuntu kernel: e820: reserve RAM buffer [mem 0x6b2f7000-0x6bffffff]
Aug 08 15:51:10 ubuntu kernel: e820: reserve RAM buffer [mem 0x6cc8d000-0x6fffffff]
Aug 08 15:51:10 ubuntu kernel: e820: reserve RAM buffer [mem 0x79ce3000-0x7bffffff]
Aug 08 15:51:10 ubuntu kernel: e820: reserve RAM buffer [mem 0x7a3fd000-0x7bffffff]
Aug 08 15:51:10 ubuntu kernel: e820: reserve RAM buffer [mem 0x7c703000-0x7fffffff]
Aug 08 15:51:10 ubuntu kernel: e820: reserve RAM buffer [mem 0x7c72b000-0x7fffffff]
Aug 08 15:51:10 ubuntu kernel: e820: reserve RAM buffer [mem 0x841b3000-0x87ffffff]
Aug 08 15:51:10 ubuntu kernel: e820: reserve RAM buffer [mem 0x8722e000-0x87ffffff]
Aug 08 15:51:10 ubuntu kernel: e820: reserve RAM buffer [mem 0x888e4000-0x8bffffff]
Aug 08 15:51:10 ubuntu kernel: e820: reserve RAM buffer [mem 0x8a000000-0x8bffffff]
Aug 08 15:51:10 ubuntu kernel: e820: reserve RAM buffer [mem 0x26f800000-0x26fffffff]
Aug 08 15:51:10 ubuntu kernel: pci 0000:00:02.0: vgaarb: setting as boot VGA device
Aug 08 15:51:10 ubuntu kernel: pci 0000:00:02.0: vgaarb: bridge control possible
Aug 08 15:51:10 ubuntu kernel: pci 0000:00:02.0: vgaarb: VGA device added: decodes=io+mem,owns=io+mem,locks=none
Aug 08 15:51:10 ubuntu kernel: vgaarb: loaded
Aug 08 15:51:10 ubuntu kernel: clocksource: Switched to clocksource tsc-early
Aug 08 15:51:10 ubuntu kernel: VFS: Disk quotas dquot_6.6.0
Aug 08 15:51:10 ubuntu kernel: VFS: Dquot-cache hash table entries: 512 (order 0, 4096 bytes)
Aug 08 15:51:10 ubuntu kernel: AppArmor: AppArmor Filesystem Enabled
Aug 08 15:51:10 ubuntu kernel: pnp: PnP ACPI init
Aug 08 15:51:10 ubuntu kernel: system 00:00: [io  0x0290-0x029f] has been reserved
Aug 08 15:51:10 ubuntu kernel: pnp 00:01: [dma 0 disabled]
Aug 08 15:51:10 ubuntu kernel: pnp 00:02: [dma 0 disabled]
Aug 08 15:51:10 ubuntu kernel: system 00:03: [io  0x0680-0x069f] has been reserved
Aug 08 15:51:10 ubuntu kernel: system 00:04: [io  0x1854-0x1857] has been reserved
Aug 08 15:51:10 ubuntu kernel: system 00:05: [mem 0xfd000000-0xfdabffff] has been reserved
Aug 08 15:51:10 ubuntu kernel: system 00:05: [mem 0xfdad0000-0xfdadffff] has been reserved
Aug 08 15:51:10 ubuntu kernel: system 00:05: [mem 0xfdac0000-0xfdacffff] has been reserved
Aug 08 15:51:10 ubuntu kernel: system 00:05: [mem 0xfdae0000-0xfdaeffff] has been reserved
Aug 08 15:51:10 ubuntu kernel: system 00:05: [mem 0xfdaf0000-0xfdafffff] has been reserved
Aug 08 15:51:10 ubuntu kernel: system 00:05: [mem 0xfdb00000-0xfdffffff] has been reserved
Aug 08 15:51:10 ubuntu kernel: system 00:05: [mem 0xfe000000-0xfe01ffff] could not be reserved
Aug 08 15:51:10 ubuntu kernel: system 00:05: [mem 0xfe036000-0xfe03bfff] has been reserved
Aug 08 15:51:10 ubuntu kernel: system 00:05: [mem 0xfe03d000-0xfe3fffff] has been reserved
Aug 08 15:51:10 ubuntu kernel: system 00:05: [mem 0xfe410000-0xfe7fffff] has been reserved
Aug 08 15:51:10 ubuntu kernel: system 00:06: [io  0x2000-0x20fe] has been reserved
Aug 08 15:51:10 ubuntu kernel: system 00:07: [mem 0xfed10000-0xfed17fff] has been reserved
Aug 08 15:51:10 ubuntu kernel: system 00:07: [mem 0xfed18000-0xfed18fff] has been reserved
Aug 08 15:51:10 ubuntu kernel: system 00:07: [mem 0xfed19000-0xfed19fff] has been reserved
Aug 08 15:51:10 ubuntu kernel: system 00:07: [mem 0xe0000000-0xefffffff] has been reserved
Aug 08 15:51:10 ubuntu kernel: system 00:07: [mem 0xfed20000-0xfed3ffff] has been reserved
Aug 08 15:51:10 ubuntu kernel: system 00:07: [mem 0xfed90000-0xfed93fff] has been reserved
Aug 08 15:51:10 ubuntu kernel: system 00:07: [mem 0xfed45000-0xfed8ffff] has been reserved
Aug 08 15:51:10 ubuntu kernel: system 00:07: [mem 0xfee00000-0xfeefffff] could not be reserved
Aug 08 15:51:10 ubuntu kernel: system 00:08: [mem 0xfe038000-0xfe038fff] has been reserved
Aug 08 15:51:10 ubuntu kernel: pnp: PnP ACPI: found 9 devices
Aug 08 15:51:10 ubuntu kernel: clocksource: acpi_pm: mask: 0xffffff max_cycles: 0xffffff, max_idle_ns: 2085701024 ns
Aug 08 15:51:10 ubuntu kernel: pci 0000:00:1f.1: [8086:a3a0] type 00 class 0x058000 conventional PCI endpoint
Aug 08 15:51:10 ubuntu kernel: pci 0000:00:1f.1: BAR 0 [mem 0xfd000000-0xfdffffff 64bit]
Aug 08 15:51:10 ubuntu kernel: NET: Registered PF_INET protocol family
Aug 08 15:51:10 ubuntu kernel: IP idents hash table entries: 131072 (order: 8, 1048576 bytes, linear)
Aug 08 15:51:10 ubuntu kernel: tcp_listen_portaddr_hash hash table entries: 4096 (order: 4, 65536 bytes, linear)
Aug 08 15:51:10 ubuntu kernel: Table-perturb hash table entries: 65536 (order: 6, 262144 bytes, linear)
Aug 08 15:51:10 ubuntu kernel: TCP established hash table entries: 65536 (order: 7, 524288 bytes, linear)
Aug 08 15:51:10 ubuntu kernel: TCP bind hash table entries: 65536 (order: 9, 2097152 bytes, linear)
Aug 08 15:51:10 ubuntu kernel: TCP: Hash tables configured (established 65536 bind 65536)
Aug 08 15:51:10 ubuntu kernel: MPTCP token hash table entries: 8192 (order: 5, 196608 bytes, linear)
Aug 08 15:51:10 ubuntu kernel: UDP hash table entries: 4096 (order: 5, 131072 bytes, linear)
Aug 08 15:51:10 ubuntu kernel: UDP-Lite hash table entries: 4096 (order: 5, 131072 bytes, linear)
Aug 08 15:51:10 ubuntu kernel: NET: Registered PF_UNIX/PF_LOCAL protocol family
Aug 08 15:51:10 ubuntu kernel: NET: Registered PF_XDP protocol family
Aug 08 15:51:10 ubuntu kernel: pci 0000:00:1b.0: bridge window [io  0x1000-0x0fff] to [bus 01] add_size 1000
Aug 08 15:51:10 ubuntu kernel: pci 0000:00:1b.0: bridge window [mem 0x00100000-0x000fffff 64bit pref] to [bus 01] add_size 200000 add_align 100000
Aug 08 15:51:10 ubuntu kernel: pci 0000:00:1b.0: bridge window [mem 0x00100000-0x000fffff] to [bus 01] add_size 200000 add_align 100000
Aug 08 15:51:10 ubuntu kernel: pci 0000:00:1c.0: bridge window [io  0x1000-0x0fff] to [bus 03] add_size 1000
Aug 08 15:51:10 ubuntu kernel: pci 0000:00:1c.0: bridge window [mem 0x00100000-0x000fffff 64bit pref] to [bus 03] add_size 200000 add_align 100000
Aug 08 15:51:10 ubuntu kernel: pci 0000:00:1c.0: bridge window [mem 0x00100000-0x000fffff] to [bus 03] add_size 200000 add_align 100000
Aug 08 15:51:10 ubuntu kernel: pci 0000:00:1b.0: bridge window [mem 0x8fd00000-0x8fefffff]: assigned
Aug 08 15:51:10 ubuntu kernel: pci 0000:00:1b.0: bridge window [mem 0x4010000000-0x40101fffff 64bit pref]: assigned
Aug 08 15:51:10 ubuntu kernel: pci 0000:00:1c.0: bridge window [mem 0x8ff00000-0x900fffff]: assigned
Aug 08 15:51:10 ubuntu kernel: pci 0000:00:1c.0: bridge window [mem 0x4010200000-0x40103fffff 64bit pref]: assigned
Aug 08 15:51:10 ubuntu kernel: pci 0000:00:1b.0: bridge window [io  0x5000-0x5fff]: assigned
Aug 08 15:51:10 ubuntu kernel: pci 0000:00:1c.0: bridge window [io  0x6000-0x6fff]: assigned
Aug 08 15:51:10 ubuntu kernel: pci 0000:00:1b.0: PCI bridge to [bus 01]
Aug 08 15:51:10 ubuntu kernel: pci 0000:00:1b.0:   bridge window [io  0x5000-0x5fff]
Aug 08 15:51:10 ubuntu kernel: pci 0000:00:1b.0:   bridge window [mem 0x8fd00000-0x8fefffff]
Aug 08 15:51:10 ubuntu kernel: pci 0000:00:1b.0:   bridge window [mem 0x4010000000-0x40101fffff 64bit pref]
Aug 08 15:51:10 ubuntu kernel: pci 0000:00:1b.4: PCI bridge to [bus 02]
Aug 08 15:51:10 ubuntu kernel: pci 0000:00:1b.4:   bridge window [mem 0x8fb00000-0x8fbfffff]
Aug 08 15:51:10 ubuntu kernel: pci 0000:00:1c.0: PCI bridge to [bus 03]
Aug 08 15:51:10 ubuntu kernel: pci 0000:00:1c.0:   bridge window [io  0x6000-0x6fff]
Aug 08 15:51:10 ubuntu kernel: pci 0000:00:1c.0:   bridge window [mem 0x8ff00000-0x900fffff]
Aug 08 15:51:10 ubuntu kernel: pci 0000:00:1c.0:   bridge window [mem 0x4010200000-0x40103fffff 64bit pref]
Aug 08 15:51:10 ubuntu kernel: pci 0000:00:1c.3: PCI bridge to [bus 04]
Aug 08 15:51:10 ubuntu kernel: pci 0000:00:1c.3:   bridge window [io  0x3000-0x3fff]
Aug 08 15:51:10 ubuntu kernel: pci 0000:00:1c.3:   bridge window [mem 0x8fa00000-0x8fafffff]
Aug 08 15:51:10 ubuntu kernel: pci 0000:00:1d.0: PCI bridge to [bus 05]
Aug 08 15:51:10 ubuntu kernel: pci 0000:00:1d.0:   bridge window [mem 0x8f900000-0x8f9fffff]
Aug 08 15:51:10 ubuntu kernel: pci_bus 0000:00: resource 4 [io  0x0000-0x0cf7 window]
Aug 08 15:51:10 ubuntu kernel: pci_bus 0000:00: resource 5 [io  0x0d00-0xffff window]
Aug 08 15:51:10 ubuntu kernel: pci_bus 0000:00: resource 6 [mem 0x000a0000-0x000bffff window]
Aug 08 15:51:10 ubuntu kernel: pci_bus 0000:00: resource 7 [mem 0x000e0000-0x000effff window]
Aug 08 15:51:10 ubuntu kernel: pci_bus 0000:00: resource 8 [mem 0x8f800000-0xdfffffff window]
Aug 08 15:51:10 ubuntu kernel: pci_bus 0000:00: resource 9 [mem 0x4000000000-0x7fffffffff window]
Aug 08 15:51:10 ubuntu kernel: pci_bus 0000:00: resource 10 [mem 0xfc800000-0xfdffffff window]
Aug 08 15:51:10 ubuntu kernel: pci_bus 0000:01: resource 0 [io  0x5000-0x5fff]
Aug 08 15:51:10 ubuntu kernel: pci_bus 0000:01: resource 1 [mem 0x8fd00000-0x8fefffff]
Aug 08 15:51:10 ubuntu kernel: pci_bus 0000:01: resource 2 [mem 0x4010000000-0x40101fffff 64bit pref]
Aug 08 15:51:10 ubuntu kernel: pci_bus 0000:02: resource 1 [mem 0x8fb00000-0x8fbfffff]
Aug 08 15:51:10 ubuntu kernel: pci_bus 0000:03: resource 0 [io  0x6000-0x6fff]
Aug 08 15:51:10 ubuntu kernel: pci_bus 0000:03: resource 1 [mem 0x8ff00000-0x900fffff]
Aug 08 15:51:10 ubuntu kernel: pci_bus 0000:03: resource 2 [mem 0x4010200000-0x40103fffff 64bit pref]
Aug 08 15:51:10 ubuntu kernel: pci_bus 0000:04: resource 0 [io  0x3000-0x3fff]
Aug 08 15:51:10 ubuntu kernel: pci_bus 0000:04: resource 1 [mem 0x8fa00000-0x8fafffff]
Aug 08 15:51:10 ubuntu kernel: pci_bus 0000:05: resource 1 [mem 0x8f900000-0x8f9fffff]
Aug 08 15:51:10 ubuntu kernel: PCI: CLS 64 bytes, default 64
Aug 08 15:51:10 ubuntu kernel: PCI-DMA: Using software bounce buffering for IO (SWIOTLB)
Aug 08 15:51:10 ubuntu kernel: software IO TLB: mapped [mem 0x000000007f1fa000-0x00000000831fa000] (64MB)
Aug 08 15:51:10 ubuntu kernel: Trying to unpack rootfs image as initramfs...
Aug 08 15:51:10 ubuntu kernel: platform rtc_cmos: registered platform RTC device (no PNP device found)
Aug 08 15:51:10 ubuntu kernel: Initialise system trusted keyrings
Aug 08 15:51:10 ubuntu kernel: Key type blacklist registered
Aug 08 15:51:10 ubuntu kernel: workingset: timestamp_bits=36 max_order=21 bucket_order=0
Aug 08 15:51:10 ubuntu kernel: zbud: loaded
Aug 08 15:51:10 ubuntu kernel: squashfs: version 4.0 (2009/01/31) Phillip Lougher
Aug 08 15:51:10 ubuntu kernel: fuse: init (API version 7.39)
Aug 08 15:51:10 ubuntu kernel: integrity: Platform Keyring initialized
Aug 08 15:51:10 ubuntu kernel: integrity: Machine keyring initialized
Aug 08 15:51:10 ubuntu kernel: Key type asymmetric registered
Aug 08 15:51:10 ubuntu kernel: Asymmetric key parser 'x509' registered
Aug 08 15:51:10 ubuntu kernel: Block layer SCSI generic (bsg) driver version 0.4 loaded (major 243)
Aug 08 15:51:10 ubuntu kernel: io scheduler mq-deadline registered
Aug 08 15:51:10 ubuntu kernel: pcieport 0000:00:1b.4: AER: enabled with IRQ 121
Aug 08 15:51:10 ubuntu kernel: pcieport 0000:00:1c.3: AER: enabled with IRQ 123
Aug 08 15:51:10 ubuntu kernel: pcieport 0000:00:1d.0: AER: enabled with IRQ 124
Aug 08 15:51:10 ubuntu kernel: shpchp: Standard Hot Plug PCI Controller Driver version: 0.4
Aug 08 15:51:10 ubuntu kernel: Driver imsttfb not loading because of nomodeset parameter
Aug 08 15:51:10 ubuntu kernel: Driver asiliantfb not loading because of nomodeset parameter
Aug 08 15:51:10 ubuntu kernel: Monitor-Mwait will be used to enter C-1 state
Aug 08 15:51:10 ubuntu kernel: Monitor-Mwait will be used to enter C-2 state
Aug 08 15:51:10 ubuntu kernel: Monitor-Mwait will be used to enter C-3 state
Aug 08 15:51:10 ubuntu kernel: ACPI: \_SB_.PR00: Found 3 idle states
Aug 08 15:51:10 ubuntu kernel: input: Sleep Button as /devices/LNXSYSTM:00/LNXSYBUS:00/PNP0C0E:00/input/input0
Aug 08 15:51:10 ubuntu kernel: ACPI: button: Sleep Button [SLPB]
Aug 08 15:51:10 ubuntu kernel: input: Power Button as /devices/LNXSYSTM:00/LNXSYBUS:00/PNP0C0C:00/input/input1
Aug 08 15:51:10 ubuntu kernel: ACPI: button: Power Button [PWRB]
Aug 08 15:51:10 ubuntu kernel: input: Power Button as /devices/LNXSYSTM:00/LNXPWRBN:00/input/input2
Aug 08 15:51:10 ubuntu kernel: ACPI: button: Power Button [PWRF]
Aug 08 15:51:10 ubuntu kernel: thermal LNXTHERM:00: registered as thermal_zone0
Aug 08 15:51:10 ubuntu kernel: ACPI: thermal: Thermal Zone [TZ00] (28 C)
Aug 08 15:51:10 ubuntu kernel: Serial: 8250/16550 driver, 32 ports, IRQ sharing enabled
Aug 08 15:51:10 ubuntu kernel: 00:02: ttyS0 at I/O 0x3f8 (irq = 4, base_baud = 115200) is a 16550A
Aug 08 15:51:10 ubuntu kernel: hpet_acpi_add: no address or irqs in _CRS
Aug 08 15:51:10 ubuntu kernel: Linux agpgart interface v0.103
Aug 08 15:51:10 ubuntu kernel: loop: module loaded
Aug 08 15:51:10 ubuntu kernel: ACPI: bus type drm_connector registered
Aug 08 15:51:10 ubuntu kernel: tun: Universal TUN/TAP device driver, 1.6
Aug 08 15:51:10 ubuntu kernel: PPP generic driver version 2.4.2
Aug 08 15:51:10 ubuntu kernel: i8042: PNP: No PS/2 controller found.
Aug 08 15:51:10 ubuntu kernel: mousedev: PS/2 mouse device common for all mice
Aug 08 15:51:10 ubuntu kernel: rtc_cmos rtc_cmos: RTC can wake from S4
Aug 08 15:51:10 ubuntu kernel: rtc_cmos rtc_cmos: registered as rtc0
Aug 08 15:51:10 ubuntu kernel: rtc_cmos rtc_cmos: setting system clock to 2020-01-01T00:57:39 UTC (1577840259)
Aug 08 15:51:10 ubuntu kernel: rtc_cmos rtc_cmos: alarms up to one month, y3k, 114 bytes nvram
Aug 08 15:51:10 ubuntu kernel: i2c_dev: i2c /dev entries driver
Aug 08 15:51:10 ubuntu kernel: device-mapper: core: CONFIG_IMA_DISABLE_HTABLE is disabled. Duplicate IMA measurements will not be recorded in the IMA log.
Aug 08 15:51:10 ubuntu kernel: device-mapper: uevent: version 1.0.3
Aug 08 15:51:10 ubuntu kernel: device-mapper: ioctl: 4.48.0-ioctl (2023-03-01) initialised: dm-devel@redhat.com
Aug 08 15:51:10 ubuntu kernel: platform eisa.0: Probing EISA bus 0
Aug 08 15:51:10 ubuntu kernel: platform eisa.0: EISA: Cannot allocate resource for mainboard
Aug 08 15:51:10 ubuntu kernel: platform eisa.0: Cannot allocate resource for EISA slot 1
Aug 08 15:51:10 ubuntu kernel: platform eisa.0: Cannot allocate resource for EISA slot 2
Aug 08 15:51:10 ubuntu kernel: platform eisa.0: Cannot allocate resource for EISA slot 3
Aug 08 15:51:10 ubuntu kernel: platform eisa.0: Cannot allocate resource for EISA slot 4
Aug 08 15:51:10 ubuntu kernel: platform eisa.0: Cannot allocate resource for EISA slot 5
Aug 08 15:51:10 ubuntu kernel: platform eisa.0: Cannot allocate resource for EISA slot 6
Aug 08 15:51:10 ubuntu kernel: platform eisa.0: Cannot allocate resource for EISA slot 7
Aug 08 15:51:10 ubuntu kernel: platform eisa.0: Cannot allocate resource for EISA slot 8
Aug 08 15:51:10 ubuntu kernel: platform eisa.0: EISA: Detected 0 cards
Aug 08 15:51:10 ubuntu kernel: intel_pstate: Intel P-state driver initializing
Aug 08 15:51:10 ubuntu kernel: intel_pstate: HWP enabled
Aug 08 15:51:10 ubuntu kernel: ledtrig-cpu: registered to indicate activity on CPUs
Aug 08 15:51:10 ubuntu kernel: [drm] Initialized simpledrm 1.0.0 20200625 for simple-framebuffer.0 on minor 0
Aug 08 15:51:10 ubuntu kernel: fbcon: Deferring console take-over
Aug 08 15:51:10 ubuntu kernel: simple-framebuffer simple-framebuffer.0: [drm] fb0: simpledrmdrmfb frame buffer device
Aug 08 15:51:10 ubuntu kernel: drop_monitor: Initializing network drop monitor service
Aug 08 15:51:10 ubuntu kernel: NET: Registered PF_INET6 protocol family
Aug 08 15:51:10 ubuntu kernel: Freeing initrd memory: 76344K
Aug 08 15:51:10 ubuntu kernel: Segment Routing with IPv6
Aug 08 15:51:10 ubuntu kernel: In-situ OAM (IOAM) with IPv6
Aug 08 15:51:10 ubuntu kernel: NET: Registered PF_PACKET protocol family
Aug 08 15:51:10 ubuntu kernel: Key type dns_resolver registered
Aug 08 15:51:10 ubuntu kernel: ENERGY_PERF_BIAS: Set to 'normal', was 'performance'
Aug 08 15:51:10 ubuntu kernel: microcode: Current revision: 0x00000100
Aug 08 15:51:10 ubuntu kernel: IPI shorthand broadcast: enabled
Aug 08 15:51:10 ubuntu kernel: sched_clock: Marking stable (419001048, 5715414)->(512596498, -87880036)
Aug 08 15:51:10 ubuntu kernel: registered taskstats version 1
Aug 08 15:51:10 ubuntu kernel: Loading compiled-in X.509 certificates
Aug 08 15:51:10 ubuntu kernel: Loaded X.509 cert 'Build time autogenerated kernel key: d20b288af354b2a30a8094f4881ca576c390e95f'
Aug 08 15:51:10 ubuntu kernel: Loaded X.509 cert 'Canonical Ltd. Live Patch Signing: 14df34d1a87cf37625abec039ef2bf521249b969'
Aug 08 15:51:10 ubuntu kernel: Loaded X.509 cert 'Canonical Ltd. Kernel Module Signing: 88f752e560a1e0737e31163a466ad7b70a850c19'
Aug 08 15:51:10 ubuntu kernel: blacklist: Loading compiled-in revocation X.509 certificates
Aug 08 15:51:10 ubuntu kernel: Loaded X.509 cert 'Canonical Ltd. Secure Boot Signing: 61482aa2830d0ab2ad5af10b7250da9033ddcef0'
Aug 08 15:51:10 ubuntu kernel: Loaded X.509 cert 'Canonical Ltd. Secure Boot Signing (2017): 242ade75ac4a15e50d50c84b0d45ff3eae707a03'
Aug 08 15:51:10 ubuntu kernel: Loaded X.509 cert 'Canonical Ltd. Secure Boot Signing (ESM 2018): 365188c1d374d6b07c3c8f240f8ef722433d6a8b'
Aug 08 15:51:10 ubuntu kernel: Loaded X.509 cert 'Canonical Ltd. Secure Boot Signing (2019): c0746fd6c5da3ae827864651ad66ae47fe24b3e8'
Aug 08 15:51:10 ubuntu kernel: Loaded X.509 cert 'Canonical Ltd. Secure Boot Signing (2021 v1): a8d54bbb3825cfb94fa13c9f8a594a195c107b8d'
Aug 08 15:51:10 ubuntu kernel: Loaded X.509 cert 'Canonical Ltd. Secure Boot Signing (2021 v2): 4cf046892d6fd3c9a5b03f98d845f90851dc6a8c'
Aug 08 15:51:10 ubuntu kernel: Loaded X.509 cert 'Canonical Ltd. Secure Boot Signing (2021 v3): 100437bb6de6e469b581e61cd66bce3ef4ed53af'
Aug 08 15:51:10 ubuntu kernel: Loaded X.509 cert 'Canonical Ltd. Secure Boot Signing (Ubuntu Core 2019): c1d57b8f6b743f23ee41f4f7ee292f06eecadfb9'
Aug 08 15:51:10 ubuntu kernel: Key type .fscrypt registered
Aug 08 15:51:10 ubuntu kernel: Key type fscrypt-provisioning registered
Aug 08 15:51:10 ubuntu kernel: cryptd: max_cpu_qlen set to 1000
Aug 08 15:51:10 ubuntu kernel: AVX2 version of gcm_enc/dec engaged.
Aug 08 15:51:10 ubuntu kernel: AES CTR mode by8 optimization enabled
Aug 08 15:51:10 ubuntu kernel: Key type encrypted registered
Aug 08 15:51:10 ubuntu kernel: AppArmor: AppArmor sha256 policy hashing enabled
Aug 08 15:51:10 ubuntu kernel: integrity: Loading X.509 certificate: UEFI:db
Aug 08 15:51:10 ubuntu kernel: integrity: Loaded X.509 cert 'ASUSTeK MotherBoard SW Key Certificate: da83b990422ebc8c441f8d8b039a65a2'
Aug 08 15:51:10 ubuntu kernel: integrity: Loading X.509 certificate: UEFI:db
Aug 08 15:51:10 ubuntu kernel: integrity: Loaded X.509 cert 'ASUSTeK Notebook SW Key Certificate: b8e581e4df77a5bb4282d5ccfc00c071'
Aug 08 15:51:10 ubuntu kernel: integrity: Loading X.509 certificate: UEFI:db
Aug 08 15:51:10 ubuntu kernel: integrity: Loaded X.509 cert 'Microsoft Corporation UEFI CA 2011: 13adbf4309bd82709c8cd54f316ed522988a1bd4'
Aug 08 15:51:10 ubuntu kernel: integrity: Loading X.509 certificate: UEFI:db
Aug 08 15:51:10 ubuntu kernel: integrity: Loaded X.509 cert 'Microsoft Windows Production PCA 2011: a92902398e16c49778cd90f99e4f9ae17c55af53'
Aug 08 15:51:10 ubuntu kernel: integrity: Loading X.509 certificate: UEFI:db
Aug 08 15:51:10 ubuntu kernel: integrity: Loaded X.509 cert 'Microsoft Option ROM UEFI CA 2023: 514fbf937fa46fb57bf07af8bed84b3b864b1711'
Aug 08 15:51:10 ubuntu kernel: integrity: Loading X.509 certificate: UEFI:db
Aug 08 15:51:10 ubuntu kernel: integrity: Loaded X.509 cert 'Microsoft UEFI CA 2023: 81aa6b3244c935bce0d6628af39827421e32497d'
Aug 08 15:51:10 ubuntu kernel: integrity: Loading X.509 certificate: UEFI:db
Aug 08 15:51:10 ubuntu kernel: integrity: Loaded X.509 cert 'Microsoft Corporation: Windows UEFI CA 2023: aefc5fbbbe055d8f8daa585473499417ab5a5272'
Aug 08 15:51:10 ubuntu kernel: ima: secureboot mode enabled
Aug 08 15:51:10 ubuntu kernel: integrity: Loading X.509 certificate: UEFI:MokListRT (MOKvar table)
Aug 08 15:51:10 ubuntu kernel: integrity: Loaded X.509 cert 'SUSE Linux Enterprise Secure Boot CA: ecab0d42c456cf770436b973993862965e87262f'
Aug 08 15:51:10 ubuntu kernel: integrity: Loading X.509 certificate: UEFI:MokListRT (MOKvar table)
Aug 08 15:51:10 ubuntu kernel: integrity: Loaded X.509 cert 'grub: d939395cda059c19a699c85f3856d023be259007'
Aug 08 15:51:10 ubuntu kernel: ima: No TPM chip found, activating TPM-bypass!
Aug 08 15:51:10 ubuntu kernel: Loading compiled-in module X.509 certificates
Aug 08 15:51:10 ubuntu kernel: Loaded X.509 cert 'Build time autogenerated kernel key: d20b288af354b2a30a8094f4881ca576c390e95f'
Aug 08 15:51:10 ubuntu kernel: ima: Allocated hash algorithm: sha256
Aug 08 15:51:10 ubuntu kernel: evm: Initialising EVM extended attributes:
Aug 08 15:51:10 ubuntu kernel: evm: security.selinux
Aug 08 15:51:10 ubuntu kernel: evm: security.SMACK64
Aug 08 15:51:10 ubuntu kernel: evm: security.SMACK64EXEC
Aug 08 15:51:10 ubuntu kernel: evm: security.SMACK64TRANSMUTE
Aug 08 15:51:10 ubuntu kernel: evm: security.SMACK64MMAP
Aug 08 15:51:10 ubuntu kernel: evm: security.apparmor
Aug 08 15:51:10 ubuntu kernel: evm: security.ima
Aug 08 15:51:10 ubuntu kernel: evm: security.capability
Aug 08 15:51:10 ubuntu kernel: evm: HMAC attrs: 0x1
Aug 08 15:51:10 ubuntu kernel: audit: type=1807 audit(1577840259.579:2): action=measure func=KEXEC_KERNEL_CHECK res=1
Aug 08 15:51:10 ubuntu kernel: audit: type=1807 audit(1577840259.579:3): action=measure func=MODULE_CHECK res=1
Aug 08 15:51:10 ubuntu kernel: PM:   Magic number: 4:481:960
Aug 08 15:51:10 ubuntu kernel: memory memory11: hash matches
Aug 08 15:51:10 ubuntu kernel: RAS: Correctable Errors collector initialized.
Aug 08 15:51:10 ubuntu kernel: clk: Disabling unused clocks
Aug 08 15:51:10 ubuntu kernel: Freeing unused decrypted memory: 2028K
Aug 08 15:51:10 ubuntu kernel: Freeing unused kernel image (initmem) memory: 4972K
Aug 08 15:51:10 ubuntu kernel: Write protecting the kernel read-only data: 36864k
Aug 08 15:51:10 ubuntu kernel: Freeing unused kernel image (rodata/data gap) memory: 28K
Aug 08 15:51:10 ubuntu kernel: x86/mm: Checked W+X mappings: passed, no W+X pages found.
Aug 08 15:51:10 ubuntu kernel: Run /vtoy/vtoy as init process
Aug 08 15:51:10 ubuntu kernel:   with arguments:
Aug 08 15:51:10 ubuntu kernel:     /vtoy/vtoy
Aug 08 15:51:10 ubuntu kernel:     ---
Aug 08 15:51:10 ubuntu kernel:     splash
Aug 08 15:51:10 ubuntu kernel:   with environment:
Aug 08 15:51:10 ubuntu kernel:     HOME=/
Aug 08 15:51:10 ubuntu kernel:     TERM=linux
Aug 08 15:51:10 ubuntu kernel:     BOOT_IMAGE=/casper/vmlinuz
Aug 08 15:51:10 ubuntu kernel: xhci_hcd 0000:00:14.0: xHCI Host Controller
Aug 08 15:51:10 ubuntu kernel: xhci_hcd 0000:00:14.0: new USB bus registered, assigned bus number 1
Aug 08 15:51:10 ubuntu kernel: xhci_hcd 0000:00:14.0: hcc params 0x200077c1 hci version 0x100 quirks 0x0000000000109810
Aug 08 15:51:10 ubuntu kernel: xhci_hcd 0000:00:14.0: xHCI Host Controller
Aug 08 15:51:10 ubuntu kernel: xhci_hcd 0000:00:14.0: new USB bus registered, assigned bus number 2
Aug 08 15:51:10 ubuntu kernel: xhci_hcd 0000:00:14.0: Host supports USB 3.0 SuperSpeed
Aug 08 15:51:10 ubuntu kernel: usb usb1: New USB device found, idVendor=1d6b, idProduct=0002, bcdDevice= 6.08
Aug 08 15:51:10 ubuntu kernel: usb usb1: New USB device strings: Mfr=3, Product=2, SerialNumber=1
Aug 08 15:51:10 ubuntu kernel: usb usb1: Product: xHCI Host Controller
Aug 08 15:51:10 ubuntu kernel: usb usb1: Manufacturer: Linux 6.8.0-41-generic xhci-hcd
Aug 08 15:51:10 ubuntu kernel: usb usb1: SerialNumber: 0000:00:14.0
Aug 08 15:51:10 ubuntu kernel: ahci 0000:00:17.0: version 3.0
Aug 08 15:51:10 ubuntu kernel: hub 1-0:1.0: USB hub found
Aug 08 15:51:10 ubuntu kernel: hub 1-0:1.0: 12 ports detected
Aug 08 15:51:10 ubuntu kernel: ahci 0000:00:17.0: AHCI 0001.0301 32 slots 6 ports 6 Gbps 0x3f impl SATA mode
Aug 08 15:51:10 ubuntu kernel: ahci 0000:00:17.0: flags: 64bit ncq sntf led clo only pio slum part ems deso sadm sds apst 
Aug 08 15:51:10 ubuntu kernel: r8169 0000:04:00.0: can't disable ASPM; OS doesn't have ASPM control
Aug 08 15:51:10 ubuntu kernel: usb usb2: New USB device found, idVendor=1d6b, idProduct=0003, bcdDevice= 6.08
Aug 08 15:51:10 ubuntu kernel: usb usb2: New USB device strings: Mfr=3, Product=2, SerialNumber=1
Aug 08 15:51:10 ubuntu kernel: usb usb2: Product: xHCI Host Controller
Aug 08 15:51:10 ubuntu kernel: usb usb2: Manufacturer: Linux 6.8.0-41-generic xhci-hcd
Aug 08 15:51:10 ubuntu kernel: usb usb2: SerialNumber: 0000:00:14.0
Aug 08 15:51:10 ubuntu kernel: hub 2-0:1.0: USB hub found
Aug 08 15:51:10 ubuntu kernel: hub 2-0:1.0: 8 ports detected
Aug 08 15:51:10 ubuntu kernel: nvme 0000:02:00.0: platform quirk: setting simple suspend
Aug 08 15:51:10 ubuntu kernel: nvme 0000:05:00.0: platform quirk: setting simple suspend
Aug 08 15:51:10 ubuntu kernel: nvme nvme1: pci function 0000:05:00.0
Aug 08 15:51:10 ubuntu kernel: nvme nvme0: pci function 0000:02:00.0
Aug 08 15:51:10 ubuntu kernel: r8169 0000:04:00.0 eth0: RTL8168h/8111h, 3c:7c:3f:bb:ae:c4, XID 541, IRQ 127
Aug 08 15:51:10 ubuntu kernel: r8169 0000:04:00.0 eth0: jumbo features [frames: 9194 bytes, tx checksumming: ko]
Aug 08 15:51:10 ubuntu kernel: nvme nvme1: Shutdown timeout set to 8 seconds
Aug 08 15:51:10 ubuntu kernel: nvme nvme0: 8/0/0 default/read/poll queues
Aug 08 15:51:10 ubuntu kernel:  nvme0n1: p1
Aug 08 15:51:10 ubuntu kernel: nvme nvme1: 16/0/0 default/read/poll queues
Aug 08 15:51:10 ubuntu kernel: r8169 0000:04:00.0 enp4s0: renamed from eth0
Aug 08 15:51:10 ubuntu kernel: scsi host0: ahci
Aug 08 15:51:10 ubuntu kernel: scsi host1: ahci
Aug 08 15:51:10 ubuntu kernel: scsi host2: ahci
Aug 08 15:51:10 ubuntu kernel: scsi host3: ahci
Aug 08 15:51:10 ubuntu kernel: scsi host4: ahci
Aug 08 15:51:10 ubuntu kernel: scsi host5: ahci
Aug 08 15:51:10 ubuntu kernel: ata1: SATA max UDMA/133 abar m2048@0x8fc06000 port 0x8fc06100 irq 126 lpm-pol 0
Aug 08 15:51:10 ubuntu kernel: ata2: SATA max UDMA/133 abar m2048@0x8fc06000 port 0x8fc06180 irq 126 lpm-pol 0
Aug 08 15:51:10 ubuntu kernel: ata3: SATA max UDMA/133 abar m2048@0x8fc06000 port 0x8fc06200 irq 126 lpm-pol 0
Aug 08 15:51:10 ubuntu kernel: ata4: SATA max UDMA/133 abar m2048@0x8fc06000 port 0x8fc06280 irq 126 lpm-pol 0
Aug 08 15:51:10 ubuntu kernel: ata5: SATA max UDMA/133 abar m2048@0x8fc06000 port 0x8fc06300 irq 126 lpm-pol 0
Aug 08 15:51:10 ubuntu kernel: ata6: SATA max UDMA/133 abar m2048@0x8fc06000 port 0x8fc06380 irq 126 lpm-pol 0
Aug 08 15:51:10 ubuntu kernel: usb 1-3: new low-speed USB device number 2 using xhci_hcd
Aug 08 15:51:10 ubuntu kernel: usb 1-3: New USB device found, idVendor=1a2c, idProduct=4094, bcdDevice= 1.10
Aug 08 15:51:10 ubuntu kernel: usb 1-3: New USB device strings: Mfr=1, Product=2, SerialNumber=0
Aug 08 15:51:10 ubuntu kernel: usb 1-3: Product: USB Keyboard
Aug 08 15:51:10 ubuntu kernel: usb 1-3: Manufacturer: SEMICO
Aug 08 15:51:10 ubuntu kernel: ata2: SATA link down (SStatus 4 SControl 300)
Aug 08 15:51:10 ubuntu kernel: ata1: SATA link down (SStatus 4 SControl 300)
Aug 08 15:51:10 ubuntu kernel: ata6: SATA link down (SStatus 4 SControl 300)
Aug 08 15:51:10 ubuntu kernel: ata5: SATA link down (SStatus 4 SControl 300)
Aug 08 15:51:10 ubuntu kernel: ata4: SATA link down (SStatus 4 SControl 300)
Aug 08 15:51:10 ubuntu kernel: ata3: SATA link down (SStatus 4 SControl 300)
Aug 08 15:51:10 ubuntu kernel: usb 1-4: new low-speed USB device number 3 using xhci_hcd
Aug 08 15:51:10 ubuntu kernel: usb 1-4: New USB device found, idVendor=30fa, idProduct=0400, bcdDevice= 1.00
Aug 08 15:51:10 ubuntu kernel: usb 1-4: New USB device strings: Mfr=0, Product=1, SerialNumber=0
Aug 08 15:51:10 ubuntu kernel: usb 1-4: Product: USB Optical Mouse 
Aug 08 15:51:10 ubuntu kernel: tsc: Refined TSC clocksource calibration: 2904.007 MHz
Aug 08 15:51:10 ubuntu kernel: clocksource: tsc: mask: 0xffffffffffffffff max_cycles: 0x29dc0c50045, max_idle_ns: 440795208304 ns
Aug 08 15:51:10 ubuntu kernel: clocksource: Switched to clocksource tsc
Aug 08 15:51:10 ubuntu kernel: usb 1-5: new high-speed USB device number 4 using xhci_hcd
Aug 08 15:51:10 ubuntu kernel: usb 1-5: device descriptor read/64, error -110
Aug 08 15:51:10 ubuntu kernel: usb 1-5: New USB device found, idVendor=048d, idProduct=1234, bcdDevice= 1.00
Aug 08 15:51:10 ubuntu kernel: usb 1-5: New USB device strings: Mfr=1, Product=2, SerialNumber=3
Aug 08 15:51:10 ubuntu kernel: usb 1-5: Product: UDisk           
Aug 08 15:51:10 ubuntu kernel: usb 1-5: Manufacturer: General 
Aug 08 15:51:10 ubuntu kernel: usb 1-5: SerialNumber: 2504231843543787303313
Aug 08 15:51:10 ubuntu kernel: usb 1-6: new high-speed USB device number 5 using xhci_hcd
Aug 08 15:51:10 ubuntu kernel: usb 1-6: device descriptor read/64, error -110
Aug 08 15:51:10 ubuntu kernel: usb 1-6: New USB device found, idVendor=048d, idProduct=1234, bcdDevice= 1.00
Aug 08 15:51:10 ubuntu kernel: usb 1-6: New USB device strings: Mfr=1, Product=2, SerialNumber=3
Aug 08 15:51:10 ubuntu kernel: usb 1-6: Product: UDisk           
Aug 08 15:51:10 ubuntu kernel: usb 1-6: Manufacturer: General 
Aug 08 15:51:10 ubuntu kernel: usb 1-6: SerialNumber: Љ
Aug 08 15:51:10 ubuntu kernel: usb-storage 1-5:1.0: USB Mass Storage device detected
Aug 08 15:51:10 ubuntu kernel: scsi host6: usb-storage 1-5:1.0
Aug 08 15:51:10 ubuntu kernel: usb-storage 1-6:1.0: USB Mass Storage device detected
Aug 08 15:51:10 ubuntu kernel: scsi host7: usb-storage 1-6:1.0
Aug 08 15:51:10 ubuntu kernel: usbcore: registered new interface driver usb-storage
Aug 08 15:51:10 ubuntu kernel: hid: raw HID events driver (C) Jiri Kosina
Aug 08 15:51:10 ubuntu kernel: usbcore: registered new interface driver uas
Aug 08 15:51:10 ubuntu kernel: usbcore: registered new interface driver usbhid
Aug 08 15:51:10 ubuntu kernel: usbhid: USB HID core driver
Aug 08 15:51:10 ubuntu kernel: input: SEMICO USB Keyboard as /devices/pci0000:00/0000:00:14.0/usb1/1-3/1-3:1.0/0003:1A2C:4094.0001/input/input3
Aug 08 15:51:10 ubuntu kernel: hid-generic 0003:1A2C:4094.0001: input,hidraw0: USB HID v1.10 Keyboard [SEMICO USB Keyboard] on usb-0000:00:14.0-3/input0
Aug 08 15:51:10 ubuntu kernel: input: SEMICO USB Keyboard Consumer Control as /devices/pci0000:00/0000:00:14.0/usb1/1-3/1-3:1.1/0003:1A2C:4094.0002/input/input4
Aug 08 15:51:10 ubuntu kernel: input: SEMICO USB Keyboard System Control as /devices/pci0000:00/0000:00:14.0/usb1/1-3/1-3:1.1/0003:1A2C:4094.0002/input/input5
Aug 08 15:51:10 ubuntu kernel: hid-generic 0003:1A2C:4094.0002: input,hidraw1: USB HID v1.10 Device [SEMICO USB Keyboard] on usb-0000:00:14.0-3/input1
Aug 08 15:51:10 ubuntu kernel: input: USB Optical Mouse  as /devices/pci0000:00/0000:00:14.0/usb1/1-4/1-4:1.0/0003:30FA:0400.0003/input/input6
Aug 08 15:51:10 ubuntu kernel: hid-generic 0003:30FA:0400.0003: input,hidraw2: USB HID v1.11 Mouse [USB Optical Mouse ] on usb-0000:00:14.0-4/input0
Aug 08 15:51:10 ubuntu kernel: raid6: avx2x4   gen() 51114 MB/s
Aug 08 15:51:10 ubuntu kernel: raid6: avx2x2   gen() 51392 MB/s
Aug 08 15:51:10 ubuntu kernel: raid6: avx2x1   gen() 44354 MB/s
Aug 08 15:51:10 ubuntu kernel: raid6: using algorithm avx2x2 gen() 51392 MB/s
Aug 08 15:51:10 ubuntu kernel: raid6: .... xor() 32049 MB/s, rmw enabled
Aug 08 15:51:10 ubuntu kernel: raid6: using avx2x2 recovery algorithm
Aug 08 15:51:10 ubuntu kernel: xor: automatically using best checksumming function   avx       
Aug 08 15:51:10 ubuntu kernel: async_tx: api initialized (async)
Aug 08 15:51:10 ubuntu kernel: scsi 6:0:0:0: Direct-Access     General  UDisk            5.00 PQ: 0 ANSI: 2
Aug 08 15:51:10 ubuntu kernel: scsi 7:0:0:0: Direct-Access     General  UDisk            5.00 PQ: 0 ANSI: 2
Aug 08 15:51:10 ubuntu kernel: sd 6:0:0:0: Attached scsi generic sg0 type 0
Aug 08 15:51:10 ubuntu kernel: sd 7:0:0:0: Attached scsi generic sg1 type 0
Aug 08 15:51:10 ubuntu kernel: sd 6:0:0:0: [sda] 61440000 512-byte logical blocks: (31.5 GB/29.3 GiB)
Aug 08 15:51:10 ubuntu kernel: sd 6:0:0:0: [sda] Write Protect is off
Aug 08 15:51:10 ubuntu kernel: sd 6:0:0:0: [sda] Mode Sense: 0b 00 00 08
Aug 08 15:51:10 ubuntu kernel: sd 6:0:0:0: [sda] No Caching mode page found
Aug 08 15:51:10 ubuntu kernel: sd 6:0:0:0: [sda] Assuming drive cache: write through
Aug 08 15:51:10 ubuntu kernel: sd 7:0:0:0: [sdb] 61440000 512-byte logical blocks: (31.5 GB/29.3 GiB)
Aug 08 15:51:10 ubuntu kernel: sd 7:0:0:0: [sdb] Write Protect is off
Aug 08 15:51:10 ubuntu kernel: sd 7:0:0:0: [sdb] Mode Sense: 0b 00 00 08
Aug 08 15:51:10 ubuntu kernel: sd 7:0:0:0: [sdb] No Caching mode page found
Aug 08 15:51:10 ubuntu kernel: sd 7:0:0:0: [sdb] Assuming drive cache: write through
Aug 08 15:51:10 ubuntu kernel:  sdb: sdb1 sdb2
Aug 08 15:51:10 ubuntu kernel: sd 7:0:0:0: [sdb] Attached SCSI removable disk
Aug 08 15:51:10 ubuntu kernel:  sda: sda1 sda2 sda3
Aug 08 15:51:10 ubuntu kernel: sd 6:0:0:0: [sda] Attached SCSI removable disk
Aug 08 15:51:10 ubuntu kernel: ISO 9660 Extensions: Microsoft Joliet Level 3
Aug 08 15:51:10 ubuntu kernel: ISO 9660 Extensions: RRIP_1991A
Aug 08 15:51:10 ubuntu kernel: loop0: detected capacity change from 0 to 3423344
Aug 08 15:51:10 ubuntu kernel: loop1: detected capacity change from 0 to 964624
Aug 08 15:51:10 ubuntu kernel: loop2: detected capacity change from 0 to 1790704
Aug 08 15:51:10 ubuntu kernel: overlayfs: null uuid detected in lower fs '/', falling back to xino=off,index=off,nfs_export=off.
Aug 08 15:51:10 ubuntu kernel: evm: overlay not supported
Aug 08 15:51:10 ubuntu systemd[1]: System time before build time, advancing clock.
Aug 08 15:51:10 ubuntu systemd[1]: Inserted module 'autofs4'
Aug 08 15:51:10 ubuntu systemd[1]: systemd 255.4-1ubuntu8.4 running in system mode (+PAM +AUDIT +SELINUX +APPARMOR +IMA +SMACK +SECCOMP +GCRYPT -GNUTLS +OPENSSL +ACL +BLKID +CURL +ELFUTILS +FIDO2 +IDN2 -IDN +IPTC +KMOD +LIBCRYPTSETUP +LIBFDISK +PCRE2 -PWQUALITY +P11KIT +QRENCODE +TPM2 +BZIP2 +LZ4 +XZ +ZLIB +ZSTD -BPF_FRAMEWORK -XKBCOMMON +UTMP +SYSVINIT default-hierarchy=unified)
Aug 08 15:51:10 ubuntu systemd[1]: Detected architecture x86-64.
Aug 08 15:51:10 ubuntu systemd[1]: Hostname set to <ubuntu>.
Aug 08 15:51:10 ubuntu systemd[1]: Initializing machine ID from random generator.
Aug 08 15:51:10 ubuntu systemd[1]: Configuration file /run/systemd/system/netplan-ovs-cleanup.service is marked world-inaccessible. This has no effect as configuration data is accessible via APIs without restrictions. Proceeding anyway.
Aug 08 15:51:10 ubuntu systemd[1]: Queued start job for default target graphical.target.
Aug 08 15:51:10 ubuntu systemd[1]: Created slice system-modprobe.slice - Slice /system/modprobe.
Aug 08 15:51:10 ubuntu systemd[1]: Created slice user.slice - User and Session Slice.
Aug 08 15:51:10 ubuntu systemd[1]: Started systemd-ask-password-wall.path - Forward Password Requests to Wall Directory Watch.
Aug 08 15:51:10 ubuntu systemd[1]: Set up automount proc-sys-fs-binfmt_misc.automount - Arbitrary Executable File Formats File System Automount Point.
Aug 08 15:51:10 ubuntu systemd[1]: Reached target integritysetup.target - Local Integrity Protected Volumes.
Aug 08 15:51:10 ubuntu systemd[1]: Reached target remote-fs.target - Remote File Systems.
Aug 08 15:51:10 ubuntu systemd[1]: Reached target slices.target - Slice Units.
Aug 08 15:51:10 ubuntu systemd[1]: Reached target swap.target - Swaps.
Aug 08 15:51:10 ubuntu systemd[1]: Reached target veritysetup.target - Local Verity Protected Volumes.
Aug 08 15:51:10 ubuntu systemd[1]: Listening on dm-event.socket - Device-mapper event daemon FIFOs.
Aug 08 15:51:10 ubuntu systemd[1]: Listening on lvm2-lvmpolld.socket - LVM2 poll daemon socket.
Aug 08 15:51:10 ubuntu systemd[1]: Listening on syslog.socket - Syslog Socket.
Aug 08 15:51:10 ubuntu systemd[1]: Listening on systemd-initctl.socket - initctl Compatibility Named Pipe.
Aug 08 15:51:10 ubuntu systemd[1]: Listening on systemd-journald-dev-log.socket - Journal Socket (/dev/log).
Aug 08 15:51:10 ubuntu systemd[1]: Listening on systemd-journald.socket - Journal Socket.
Aug 08 15:51:10 ubuntu systemd[1]: Listening on systemd-oomd.socket - Userspace Out-Of-Memory (OOM) Killer Socket.
Aug 08 15:51:10 ubuntu systemd[1]: systemd-pcrextend.socket - TPM2 PCR Extension (Varlink) was skipped because of an unmet condition check (ConditionSecurity=measured-uki).
Aug 08 15:51:10 ubuntu systemd[1]: Listening on systemd-udevd-control.socket - udev Control Socket.
Aug 08 15:51:10 ubuntu systemd[1]: Listening on systemd-udevd-kernel.socket - udev Kernel Socket.
Aug 08 15:51:10 ubuntu systemd[1]: Mounting dev-hugepages.mount - Huge Pages File System...
Aug 08 15:51:10 ubuntu systemd[1]: Mounting dev-mqueue.mount - POSIX Message Queue File System...
Aug 08 15:51:10 ubuntu systemd[1]: Mounting sys-kernel-debug.mount - Kernel Debug File System...
Aug 08 15:51:10 ubuntu systemd[1]: Mounting sys-kernel-tracing.mount - Kernel Trace File System...
Aug 08 15:51:10 ubuntu systemd[1]: Starting systemd-journald.service - Journal Service...
Aug 08 15:51:10 ubuntu systemd[1]: Finished blk-availability.service - Availability of block devices.
Aug 08 15:51:10 ubuntu systemd[1]: Starting keyboard-setup.service - Set the console keyboard layout...
Aug 08 15:51:10 ubuntu systemd[1]: Starting kmod-static-nodes.service - Create List of Static Device Nodes...
Aug 08 15:51:10 ubuntu systemd[1]: Starting lvm2-monitor.service - Monitoring of LVM2 mirrors, snapshots etc. using dmeventd or progress polling...
Aug 08 15:51:10 ubuntu systemd[1]: Starting modprobe@configfs.service - Load Kernel Module configfs...
Aug 08 15:51:10 ubuntu systemd[1]: Starting modprobe@dm_mod.service - Load Kernel Module dm_mod...
Aug 08 15:51:10 ubuntu systemd[1]: Starting modprobe@drm.service - Load Kernel Module drm...
Aug 08 15:51:10 ubuntu systemd[1]: Starting modprobe@efi_pstore.service - Load Kernel Module efi_pstore...
Aug 08 15:51:10 ubuntu systemd[1]: Starting modprobe@fuse.service - Load Kernel Module fuse...
Aug 08 15:51:10 ubuntu systemd[1]: Starting modprobe@loop.service - Load Kernel Module loop...
Aug 08 15:51:10 ubuntu systemd[1]: Starting systemd-modules-load.service - Load Kernel Modules...
Aug 08 15:51:10 ubuntu systemd[1]: systemd-pcrmachine.service - TPM2 PCR Machine ID Measurement was skipped because of an unmet condition check (ConditionSecurity=measured-uki).
Aug 08 15:51:10 ubuntu systemd[1]: Starting systemd-remount-fs.service - Remount Root and Kernel File Systems...
Aug 08 15:51:10 ubuntu systemd[1]: systemd-tpm2-setup-early.service - TPM2 SRK Setup (Early) was skipped because of an unmet condition check (ConditionSecurity=measured-uki).
Aug 08 15:51:10 ubuntu kernel: pstore: Using crash dump compression: deflate
Aug 08 15:51:10 ubuntu systemd[1]: Starting systemd-udev-trigger.service - Coldplug All udev Devices...
Aug 08 15:51:10 ubuntu systemd[1]: Mounted dev-hugepages.mount - Huge Pages File System.
Aug 08 15:51:10 ubuntu systemd[1]: Mounted dev-mqueue.mount - POSIX Message Queue File System.
Aug 08 15:51:10 ubuntu systemd[1]: Mounted sys-kernel-debug.mount - Kernel Debug File System.
Aug 08 15:51:10 ubuntu systemd[1]: Mounted sys-kernel-tracing.mount - Kernel Trace File System.
Aug 08 15:51:10 ubuntu systemd[1]: Finished kmod-static-nodes.service - Create List of Static Device Nodes.
Aug 08 15:51:10 ubuntu systemd[1]: modprobe@configfs.service: Deactivated successfully.
Aug 08 15:51:10 ubuntu systemd[1]: Finished modprobe@configfs.service - Load Kernel Module configfs.
Aug 08 15:51:10 ubuntu systemd[1]: modprobe@dm_mod.service: Deactivated successfully.
Aug 08 15:51:10 ubuntu systemd[1]: Finished modprobe@dm_mod.service - Load Kernel Module dm_mod.
Aug 08 15:51:10 ubuntu systemd[1]: modprobe@drm.service: Deactivated successfully.
Aug 08 15:51:10 ubuntu systemd[1]: Finished modprobe@drm.service - Load Kernel Module drm.
Aug 08 15:51:10 ubuntu systemd[1]: modprobe@fuse.service: Deactivated successfully.
Aug 08 15:51:10 ubuntu systemd[1]: Finished modprobe@fuse.service - Load Kernel Module fuse.
Aug 08 15:51:10 ubuntu systemd[1]: modprobe@loop.service: Deactivated successfully.
Aug 08 15:51:10 ubuntu systemd[1]: Finished modprobe@loop.service - Load Kernel Module loop.
Aug 08 15:51:10 ubuntu systemd[1]: Mounting sys-fs-fuse-connections.mount - FUSE Control File System...
Aug 08 15:51:10 ubuntu systemd[1]: Mounting sys-kernel-config.mount - Kernel Configuration File System...
Aug 08 15:51:10 ubuntu kernel: pstore: Registered efi_pstore as persistent store backend
Aug 08 15:51:10 ubuntu systemd[1]: systemd-repart.service - Repartition Root Disk was skipped because no trigger condition checks were met.
Aug 08 15:51:10 ubuntu systemd-journald[1114]: Collecting audit messages is disabled.
Aug 08 15:51:10 ubuntu systemd[1]: Starting systemd-tmpfiles-setup-dev-early.service - Create Static Device Nodes in /dev gracefully...
Aug 08 15:51:10 ubuntu systemd[1]: modprobe@efi_pstore.service: Deactivated successfully.
Aug 08 15:51:10 ubuntu systemd[1]: Finished modprobe@efi_pstore.service - Load Kernel Module efi_pstore.
Aug 08 15:51:10 ubuntu systemd[1]: Finished systemd-remount-fs.service - Remount Root and Kernel File Systems.
Aug 08 15:51:10 ubuntu systemd[1]: Mounted sys-fs-fuse-connections.mount - FUSE Control File System.
Aug 08 15:51:10 ubuntu systemd[1]: Mounted sys-kernel-config.mount - Kernel Configuration File System.
Aug 08 15:51:10 ubuntu systemd-journald[1114]: Journal started
Aug 08 15:51:10 ubuntu systemd-journald[1114]: Runtime Journal (/run/log/journal/56d1e50d8c324ff0b3fcfb5bea999ea7) is 8.0M, max 77.8M, 69.8M free.
Aug 08 15:51:10 ubuntu systemd[1]: Starting cloud-init-local.service - Initial cloud-init job (pre-networking)...
Aug 08 15:51:10 ubuntu systemd[1]: systemd-hwdb-update.service - Rebuild Hardware Database was skipped because no trigger condition checks were met.
Aug 08 15:51:10 ubuntu systemd[1]: systemd-pstore.service - Platform Persistent Storage Archival was skipped because of an unmet condition check (ConditionDirectoryNotEmpty=/sys/fs/pstore).
Aug 08 15:51:10 ubuntu systemd[1]: Starting systemd-random-seed.service - Load/Save OS Random Seed...
Aug 08 15:51:10 ubuntu systemd[1]: systemd-tpm2-setup.service - TPM2 SRK Setup was skipped because of an unmet condition check (ConditionSecurity=measured-uki).
Aug 08 15:51:10 ubuntu systemd[1]: Started systemd-journald.service - Journal Service.
Aug 08 15:51:10 ubuntu systemd[1]: Starting systemd-journal-flush.service - Flush Journal to Persistent Storage...
Aug 08 15:51:10 ubuntu systemd-modules-load[1125]: Inserted module 'lp'
Aug 08 15:51:10 ubuntu kernel: lp: driver loaded but no devices found
Aug 08 15:51:10 ubuntu systemd[1]: Finished keyboard-setup.service - Set the console keyboard layout.
Aug 08 15:51:11 ubuntu systemd-modules-load[1125]: Inserted module 'ppdev'
Aug 08 15:51:11 ubuntu kernel: ppdev: user-space parallel port driver
Aug 08 15:51:11 ubuntu kernel: parport_pc 00:01: reported by Plug and Play ACPI
Aug 08 15:51:11 ubuntu kernel: parport0: PC-style at 0x378, irq 5 [PCSPP]
Aug 08 15:51:11 ubuntu systemd-journald[1114]: Time spent on flushing to /var/log/journal/56d1e50d8c324ff0b3fcfb5bea999ea7 is 5.564ms for 967 entries.
Aug 08 15:51:11 ubuntu systemd-journald[1114]: System Journal (/var/log/journal/56d1e50d8c324ff0b3fcfb5bea999ea7) is 8.0M, max 389.3M, 381.3M free.
Aug 08 15:51:11 ubuntu systemd-journald[1114]: Received client request to flush runtime journal.
Aug 08 15:51:11 ubuntu systemd[1]: Finished systemd-random-seed.service - Load/Save OS Random Seed.
Aug 08 15:51:11 ubuntu systemd[1]: Finished systemd-journal-flush.service - Flush Journal to Persistent Storage.
Aug 08 15:51:11 ubuntu systemd[1]: Finished systemd-tmpfiles-setup-dev-early.service - Create Static Device Nodes in /dev gracefully.
Aug 08 15:51:11 ubuntu systemd[1]: Starting systemd-sysusers.service - Create System Users...
Aug 08 15:51:11 ubuntu systemd[1]: Finished systemd-udev-trigger.service - Coldplug All udev Devices.
Aug 08 15:51:11 ubuntu systemd[1]: Starting systemd-udev-settle.service - Wait for udev To Complete Device Initialization...
Aug 08 15:51:11 ubuntu udevadm[1165]: systemd-udev-settle.service is deprecated. Please fix zfs-import-cache.service, zfs-load-module.service not to pull it in.
Aug 08 15:51:11 ubuntu systemd-modules-load[1125]: Inserted module 'parport_pc'
Aug 08 15:51:11 ubuntu kernel: lp0: using parport0 (interrupt-driven).
Aug 08 15:51:11 ubuntu systemd-modules-load[1125]: Inserted module 'msr'
Aug 08 15:51:11 ubuntu systemd-sysusers[1162]: Creating group 'gamemode' with GID 986.
Aug 08 15:51:11 ubuntu systemd-sysusers[1162]: Creating group 'gnome-initial-setup' with GID 985.
Aug 08 15:51:11 ubuntu systemd[1]: Finished systemd-sysusers.service - Create System Users.
Aug 08 15:51:11 ubuntu systemd[1]: Starting systemd-tmpfiles-setup-dev.service - Create Static Device Nodes in /dev...
Aug 08 15:51:11 ubuntu systemd[1]: Finished lvm2-monitor.service - Monitoring of LVM2 mirrors, snapshots etc. using dmeventd or progress polling.
Aug 08 15:51:11 ubuntu systemd[1]: Finished systemd-modules-load.service - Load Kernel Modules.
Aug 08 15:51:11 ubuntu systemd[1]: Starting systemd-sysctl.service - Apply Kernel Variables...
Aug 08 15:51:11 ubuntu systemd[1]: Finished systemd-tmpfiles-setup-dev.service - Create Static Device Nodes in /dev.
Aug 08 15:51:11 ubuntu systemd[1]: Reached target local-fs-pre.target - Preparation for Local File Systems.
Aug 08 15:51:11 ubuntu systemd[1]: tmp.mount: Directory /tmp to mount over is not empty, mounting anyway.
Aug 08 15:51:11 ubuntu systemd[1]: Mounting tmp.mount - /tmp...
Aug 08 15:51:11 ubuntu systemd[1]: Starting systemd-udevd.service - Rule-based Manager for Device Events and Files...
Aug 08 15:51:11 ubuntu systemd[1]: Mounted tmp.mount - /tmp.
Aug 08 15:51:11 ubuntu systemd-udevd[1177]: Using default interface naming scheme 'v255'.
Aug 08 15:51:11 ubuntu systemd[1]: Finished systemd-sysctl.service - Apply Kernel Variables.
Aug 08 15:51:11 ubuntu systemd[1]: Started systemd-udevd.service - Rule-based Manager for Device Events and Files.
Aug 08 15:51:11 ubuntu systemd[1]: Starting plymouth-start.service - Show Plymouth Boot Screen...
Aug 08 15:51:11 ubuntu (udev-worker)[1182]: dm-0: Process '/usr/bin/unshare -m /usr/bin/snap auto-import --mount=/dev/dm-0' failed with exit code 1.
Aug 08 15:51:11 ubuntu kernel: resource: resource sanity check: requesting [mem 0x00000000fdffe800-0x00000000fe0007ff], which spans more than PCI Bus 0000:00 [mem 0xfc800000-0xfdffffff window]
Aug 08 15:51:11 ubuntu kernel: caller get_primary_reg_base+0x4f/0xb0 [intel_pmc_core] mapping multiple BARs
Aug 08 15:51:11 ubuntu kernel: intel_pmc_core INT33A1:00:  initialized
Aug 08 15:51:11 ubuntu (udev-worker)[1200]: nvme0n1: Process '/usr/bin/unshare -m /usr/bin/snap auto-import --mount=/dev/nvme0n1' failed with exit code 1.
Aug 08 15:51:11 ubuntu kernel: RAPL PMU: API unit is 2^-32 Joules, 4 fixed counters, 655360 ms ovfl timer
Aug 08 15:51:11 ubuntu kernel: RAPL PMU: hw unit of domain pp0-core 2^-14 Joules
Aug 08 15:51:11 ubuntu kernel: RAPL PMU: hw unit of domain package 2^-14 Joules
Aug 08 15:51:11 ubuntu kernel: RAPL PMU: hw unit of domain dram 2^-14 Joules
Aug 08 15:51:11 ubuntu kernel: RAPL PMU: hw unit of domain pp1-gpu 2^-14 Joules
Aug 08 15:51:11 ubuntu (udev-worker)[1200]: nvme0n1p1: Process '/usr/bin/unshare -m /usr/bin/snap auto-import --mount=/dev/nvme0n1p1' failed with exit code 1.
Aug 08 15:51:11 ubuntu (udev-worker)[1200]: nvme1n1: Process '/usr/bin/unshare -m /usr/bin/snap auto-import --mount=/dev/nvme1n1' failed with exit code 1.
Aug 08 15:51:11 ubuntu systemd[1]: Listening on systemd-rfkill.socket - Load/Save RF Kill Switch Status /dev/rfkill Watch.
Aug 08 15:51:11 ubuntu systemd[1]: Starting modprobe@dm_mod.service - Load Kernel Module dm_mod...
Aug 08 15:51:11 ubuntu systemd[1]: Starting modprobe@efi_pstore.service - Load Kernel Module efi_pstore...
Aug 08 15:51:11 ubuntu systemd[1]: Starting modprobe@loop.service - Load Kernel Module loop...
Aug 08 15:51:11 ubuntu systemd[1]: systemd-hwdb-update.service - Rebuild Hardware Database was skipped because no trigger condition checks were met.
Aug 08 15:51:11 ubuntu systemd[1]: systemd-pcrmachine.service - TPM2 PCR Machine ID Measurement was skipped because of an unmet condition check (ConditionSecurity=measured-uki).
Aug 08 15:51:11 ubuntu systemd[1]: systemd-tpm2-setup-early.service - TPM2 SRK Setup (Early) was skipped because of an unmet condition check (ConditionSecurity=measured-uki).
Aug 08 15:51:11 ubuntu systemd[1]: systemd-tpm2-setup.service - TPM2 SRK Setup was skipped because of an unmet condition check (ConditionSecurity=measured-uki).
Aug 08 15:51:11 ubuntu kernel: i801_smbus 0000:00:1f.4: SPD Write Disable is set
Aug 08 15:51:11 ubuntu kernel: i801_smbus 0000:00:1f.4: SMBus using PCI interrupt
Aug 08 15:51:11 ubuntu kernel: i2c i2c-0: 1/4 memory slots populated (from DMI)
Aug 08 15:51:11 ubuntu kernel: i2c i2c-0: Successfully instantiated SPD at 0x52
Aug 08 15:51:11 ubuntu kernel: mei_me 0000:00:16.0: enabling device (0000 -> 0002)
Aug 08 15:51:11 ubuntu systemd[1]: modprobe@dm_mod.service: Deactivated successfully.
Aug 08 15:51:11 ubuntu systemd[1]: Finished modprobe@dm_mod.service - Load Kernel Module dm_mod.
Aug 08 15:51:11 ubuntu systemd[1]: modprobe@efi_pstore.service: Deactivated successfully.
Aug 08 15:51:11 ubuntu systemd[1]: Finished modprobe@efi_pstore.service - Load Kernel Module efi_pstore.
Aug 08 15:51:11 ubuntu systemd[1]: modprobe@loop.service: Deactivated successfully.
Aug 08 15:51:11 ubuntu systemd[1]: Finished modprobe@loop.service - Load Kernel Module loop.
Aug 08 15:51:11 ubuntu systemd[1]: systemd-pstore.service - Platform Persistent Storage Archival was skipped because of an unmet condition check (ConditionDirectoryNotEmpty=/sys/fs/pstore).
Aug 08 15:51:11 ubuntu systemd[1]: systemd-repart.service - Repartition Root Disk was skipped because no trigger condition checks were met.
Aug 08 15:51:11 ubuntu kernel: ee1004 0-0052: 512 byte EE1004-compliant SPD EEPROM, read-only
Aug 08 15:51:11 ubuntu kernel: asus_wmi: ASUS WMI generic driver loaded
Aug 08 15:51:11 ubuntu kernel: asus_wmi: Initialization: 0x0
Aug 08 15:51:11 ubuntu kernel: asus_wmi: BIOS WMI version: 0.9
Aug 08 15:51:11 ubuntu kernel: asus_wmi: SFUN value: 0x0
Aug 08 15:51:11 ubuntu kernel: eeepc-wmi eeepc-wmi: Detected ASUSWMI, use DCTS
Aug 08 15:51:11 ubuntu mtp-probe[1292]: checking bus 1, device 5: "/sys/devices/pci0000:00/0000:00:14.0/usb1/1-6"
Aug 08 15:51:11 ubuntu mtp-probe[1283]: checking bus 1, device 3: "/sys/devices/pci0000:00/0000:00:14.0/usb1/1-4"
Aug 08 15:51:11 ubuntu mtp-probe[1283]: bus: 1, device: 3 was not an MTP device
Aug 08 15:51:11 ubuntu mtp-probe[1292]: bus: 1, device: 5 was not an MTP device
Aug 08 15:51:11 ubuntu kernel: input: Eee PC WMI hotkeys as /devices/platform/eeepc-wmi/input/input7
Aug 08 15:51:11 ubuntu (udev-worker)[1200]: event7: Failed to call EVIOCSKEYCODE with scan code 0x7c, and key code 190: Invalid argument
Aug 08 15:51:11 ubuntu mtp-probe[1287]: checking bus 1, device 2: "/sys/devices/pci0000:00/0000:00:14.0/usb1/1-3"
Aug 08 15:51:11 ubuntu mtp-probe[1287]: bus: 1, device: 2 was not an MTP device
Aug 08 15:51:11 ubuntu mtp-probe[1291]: checking bus 1, device 4: "/sys/devices/pci0000:00/0000:00:14.0/usb1/1-5"
Aug 08 15:51:11 ubuntu mtp-probe[1291]: bus: 1, device: 4 was not an MTP device
Aug 08 15:51:11 ubuntu kernel: intel_tcc_cooling: Programmable TCC Offset detected
Aug 08 15:51:11 ubuntu (udev-worker)[1204]: sdb: Process '/usr/bin/unshare -m /usr/bin/snap auto-import --mount=/dev/sdb' failed with exit code 1.
Aug 08 15:51:11 ubuntu systemd[1]: Started plymouth-start.service - Show Plymouth Boot Screen.
Aug 08 15:51:11 ubuntu systemd[1]: systemd-ask-password-console.path - Dispatch Password Requests to Console Directory Watch was skipped because of an unmet condition check (ConditionPathExists=!/run/plymouth/pid).
Aug 08 15:51:11 ubuntu systemd[1]: Started systemd-ask-password-plymouth.path - Forward Password Requests to Plymouth Directory Watch.
Aug 08 15:51:11 ubuntu systemd[1]: Reached target cryptsetup.target - Local Encrypted Volumes.
Aug 08 15:51:11 ubuntu (udev-worker)[1191]: sda: Process '/usr/bin/unshare -m /usr/bin/snap auto-import --mount=/dev/sda' failed with exit code 1.
Aug 08 15:51:11 ubuntu (udev-worker)[1224]: sdb2: Process '/usr/bin/unshare -m /usr/bin/snap auto-import --mount=/dev/sdb2' failed with exit code 1.
Aug 08 15:51:11 ubuntu (udev-worker)[1200]: sdb1: Process '/usr/bin/unshare -m /usr/bin/snap auto-import --mount=/dev/sdb1' failed with exit code 1.
Aug 08 15:51:11 ubuntu kernel: intel_rapl_common: Found RAPL domain package
Aug 08 15:51:11 ubuntu kernel: intel_rapl_common: Found RAPL domain core
Aug 08 15:51:11 ubuntu kernel: intel_rapl_common: Found RAPL domain uncore
Aug 08 15:51:11 ubuntu kernel: intel_rapl_common: Found RAPL domain dram
Aug 08 15:51:12 ubuntu (udev-worker)[1191]: sda1: Process '/usr/bin/unshare -m /usr/bin/snap auto-import --mount=/dev/sda1' failed with exit code 1.
Aug 08 15:51:12 ubuntu (udev-worker)[1206]: sda3: Process '/usr/bin/unshare -m /usr/bin/snap auto-import --mount=/dev/sda3' failed with exit code 1.
Aug 08 15:51:12 ubuntu (udev-worker)[1204]: sda2: Process '/usr/bin/unshare -m /usr/bin/snap auto-import --mount=/dev/sda2' failed with exit code 1.
Aug 08 15:51:12 ubuntu kernel: snd_hda_intel 0000:00:1f.3: enabling device (0400 -> 0402)
Aug 08 15:51:12 ubuntu kernel: snd_hda_codec_realtek hdaudioC0D0: autoconfig for ALC887-VD: line_outs=1 (0x14/0x0/0x0/0x0/0x0) type:line
Aug 08 15:51:12 ubuntu kernel: snd_hda_codec_realtek hdaudioC0D0:    speaker_outs=0 (0x0/0x0/0x0/0x0/0x0)
Aug 08 15:51:12 ubuntu kernel: snd_hda_codec_realtek hdaudioC0D0:    hp_outs=1 (0x1b/0x0/0x0/0x0/0x0)
Aug 08 15:51:12 ubuntu kernel: snd_hda_codec_realtek hdaudioC0D0:    mono: mono_out=0x0
Aug 08 15:51:12 ubuntu kernel: snd_hda_codec_realtek hdaudioC0D0:    dig-out=0x11/0x0
Aug 08 15:51:12 ubuntu kernel: snd_hda_codec_realtek hdaudioC0D0:    inputs:
Aug 08 15:51:12 ubuntu kernel: snd_hda_codec_realtek hdaudioC0D0:      Front Mic=0x19
Aug 08 15:51:12 ubuntu kernel: snd_hda_codec_realtek hdaudioC0D0:      Rear Mic=0x18
Aug 08 15:51:12 ubuntu kernel: snd_hda_codec_realtek hdaudioC0D0:      Line=0x1a
Aug 08 15:51:12 ubuntu kernel: snd_hda_codec_hdmi hdaudioC0D2: No i915 binding for Intel HDMI/DP codec
Aug 08 15:51:12 ubuntu kernel: hdaudio hdaudioC0D2: Unable to configure, disabling
Aug 08 15:51:12 ubuntu kernel: input: HDA Intel PCH Front Mic as /devices/pci0000:00/0000:00:1f.3/sound/card0/input8
Aug 08 15:51:12 ubuntu kernel: input: HDA Intel PCH Rear Mic as /devices/pci0000:00/0000:00:1f.3/sound/card0/input9
Aug 08 15:51:12 ubuntu kernel: input: HDA Intel PCH Line as /devices/pci0000:00/0000:00:1f.3/sound/card0/input10
Aug 08 15:51:12 ubuntu kernel: input: HDA Intel PCH Line Out as /devices/pci0000:00/0000:00:1f.3/sound/card0/input11
Aug 08 15:51:12 ubuntu kernel: input: HDA Intel PCH Front Headphone as /devices/pci0000:00/0000:00:1f.3/sound/card0/input12
Aug 08 15:51:12 ubuntu (udev-worker)[1238]: controlC0: Process '/usr/sbin/alsactl -E HOME=/run/alsa -E XDG_RUNTIME_DIR=/run/alsa/runtime restore 0' failed with exit code 99.
Aug 08 15:51:12 ubuntu systemd[1]: Finished systemd-udev-settle.service - Wait for udev To Complete Device Initialization.
Aug 08 15:51:12 ubuntu systemd[1]: systemd-ask-password-console.path - Dispatch Password Requests to Console Directory Watch was skipped because of an unmet condition check (ConditionPathExists=!/run/plymouth/pid).
Aug 08 15:51:12 ubuntu systemd[1]: Starting modprobe@dm_mod.service - Load Kernel Module dm_mod...
Aug 08 15:51:12 ubuntu systemd[1]: Starting modprobe@efi_pstore.service - Load Kernel Module efi_pstore...
Aug 08 15:51:12 ubuntu systemd[1]: Starting modprobe@loop.service - Load Kernel Module loop...
Aug 08 15:51:12 ubuntu systemd[1]: systemd-hwdb-update.service - Rebuild Hardware Database was skipped because no trigger condition checks were met.
Aug 08 15:51:12 ubuntu systemd[1]: systemd-pcrmachine.service - TPM2 PCR Machine ID Measurement was skipped because of an unmet condition check (ConditionSecurity=measured-uki).
Aug 08 15:51:12 ubuntu systemd[1]: systemd-tpm2-setup-early.service - TPM2 SRK Setup (Early) was skipped because of an unmet condition check (ConditionSecurity=measured-uki).
Aug 08 15:51:12 ubuntu systemd[1]: systemd-tpm2-setup.service - TPM2 SRK Setup was skipped because of an unmet condition check (ConditionSecurity=measured-uki).
