2024-08-08T14:51:14.261448+00:00 lloyddesk kernel: Linux version 6.8.0-41-generic (buildd@lcy02-amd64-100) (x86_64-linux-gnu-gcc-13 (Ubuntu 13.2.0-23ubuntu4) 13.2.0, GNU ld (GNU Binutils for Ubuntu) 2.42) #41-Ubuntu SMP PREEMPT_DYNAMIC Fri Aug  2 20:41:06 UTC 2024 (Ubuntu 6.8.0-41.41-generic 6.8.12)
2024-08-08T14:51:14.261456+00:00 lloyddesk kernel: Command line: BOOT_IMAGE=/vmlinuz-6.8.0-41-generic root=/dev/mapper/ubuntu--vg-ubuntu--lv ro quiet splash vt.handoff=7
2024-08-08T14:51:14.261457+00:00 lloyddesk kernel: KERNEL supported cpus:
2024-08-08T14:51:14.261458+00:00 lloyddesk kernel:   Intel GenuineIntel
2024-08-08T14:51:14.261458+00:00 lloyddesk kernel:   AMD AuthenticAMD
2024-08-08T14:51:14.261459+00:00 lloyddesk kernel:   Hygon HygonGenuine
2024-08-08T14:51:14.261459+00:00 lloyddesk kernel:   Centaur CentaurHauls
2024-08-08T14:51:14.261461+00:00 lloyddesk kernel:   zhaoxin   Shanghai  
2024-08-08T14:51:14.261461+00:00 lloyddesk kernel: BIOS-provided physical RAM map:
2024-08-08T14:51:14.261462+00:00 lloyddesk kernel: BIOS-e820: [mem 0x0000000000000000-0x000000000009dfff] usable
2024-08-08T14:51:14.261462+00:00 lloyddesk kernel: BIOS-e820: [mem 0x000000000009e000-0x000000000009efff] reserved
2024-08-08T14:51:14.261462+00:00 lloyddesk kernel: BIOS-e820: [mem 0x000000000009f000-0x000000000009ffff] usable
2024-08-08T14:51:14.261463+00:00 lloyddesk kernel: BIOS-e820: [mem 0x00000000000a0000-0x00000000000fffff] reserved
2024-08-08T14:51:14.261465+00:00 lloyddesk kernel: BIOS-e820: [mem 0x0000000000100000-0x000000006b12afff] usable
2024-08-08T14:51:14.261465+00:00 lloyddesk kernel: BIOS-e820: [mem 0x000000006b12b000-0x000000006b12bfff] reserved
2024-08-08T14:51:14.261466+00:00 lloyddesk kernel: BIOS-e820: [mem 0x000000006b12c000-0x000000006cc8cfff] usable
2024-08-08T14:51:14.261466+00:00 lloyddesk kernel: BIOS-e820: [mem 0x000000006cc8d000-0x000000006cc8dfff] reserved
2024-08-08T14:51:14.261467+00:00 lloyddesk kernel: BIOS-e820: [mem 0x000000006cc8e000-0x000000007a747fff] usable
2024-08-08T14:51:14.261467+00:00 lloyddesk kernel: BIOS-e820: [mem 0x000000007a748000-0x000000007a748fff] ACPI NVS
2024-08-08T14:51:14.261468+00:00 lloyddesk kernel: BIOS-e820: [mem 0x000000007a749000-0x000000007a76ffff] usable
2024-08-08T14:51:14.261470+00:00 lloyddesk kernel: BIOS-e820: [mem 0x000000007a770000-0x000000007a770fff] reserved
2024-08-08T14:51:14.261471+00:00 lloyddesk kernel: BIOS-e820: [mem 0x000000007a771000-0x0000000087363fff] usable
2024-08-08T14:51:14.261471+00:00 lloyddesk kernel: BIOS-e820: [mem 0x0000000087364000-0x00000000891f2fff] reserved
2024-08-08T14:51:14.261472+00:00 lloyddesk kernel: BIOS-e820: [mem 0x00000000891f3000-0x0000000089387fff] ACPI data
2024-08-08T14:51:14.261473+00:00 lloyddesk kernel: BIOS-e820: [mem 0x0000000089388000-0x0000000089487fff] ACPI NVS
2024-08-08T14:51:14.261473+00:00 lloyddesk kernel: BIOS-e820: [mem 0x0000000089488000-0x0000000089ffdfff] reserved
2024-08-08T14:51:14.261475+00:00 lloyddesk kernel: BIOS-e820: [mem 0x0000000089ffe000-0x0000000089ffefff] usable
2024-08-08T14:51:14.261476+00:00 lloyddesk kernel: BIOS-e820: [mem 0x0000000089fff000-0x000000008f7fffff] reserved
2024-08-08T14:51:14.261477+00:00 lloyddesk kernel: BIOS-e820: [mem 0x00000000e0000000-0x00000000efffffff] reserved
2024-08-08T14:51:14.261477+00:00 lloyddesk kernel: BIOS-e820: [mem 0x00000000fe000000-0x00000000fe010fff] reserved
2024-08-08T14:51:14.261478+00:00 lloyddesk kernel: BIOS-e820: [mem 0x00000000fec00000-0x00000000fec00fff] reserved
2024-08-08T14:51:14.261478+00:00 lloyddesk kernel: BIOS-e820: [mem 0x00000000fee00000-0x00000000fee00fff] reserved
2024-08-08T14:51:14.261479+00:00 lloyddesk kernel: BIOS-e820: [mem 0x00000000ff000000-0x00000000ffffffff] reserved
2024-08-08T14:51:14.261480+00:00 lloyddesk kernel: BIOS-e820: [mem 0x0000000100000000-0x000000026f7fffff] usable
2024-08-08T14:51:14.261481+00:00 lloyddesk kernel: NX (Execute Disable) protection: active
2024-08-08T14:51:14.261482+00:00 lloyddesk kernel: APIC: Static calls initialized
2024-08-08T14:51:14.261482+00:00 lloyddesk kernel: e820: update [mem 0x798e3018-0x798f1057] usable ==> usable
2024-08-08T14:51:14.261482+00:00 lloyddesk kernel: e820: update [mem 0x798e3018-0x798f1057] usable ==> usable
2024-08-08T14:51:14.261484+00:00 lloyddesk kernel: extended physical RAM map:
2024-08-08T14:51:14.261486+00:00 lloyddesk kernel: reserve setup_data: [mem 0x0000000000000000-0x000000000009dfff] usable
2024-08-08T14:51:14.261487+00:00 lloyddesk kernel: reserve setup_data: [mem 0x000000000009e000-0x000000000009efff] reserved
2024-08-08T14:51:14.261487+00:00 lloyddesk kernel: reserve setup_data: [mem 0x000000000009f000-0x000000000009ffff] usable
2024-08-08T14:51:14.261488+00:00 lloyddesk kernel: reserve setup_data: [mem 0x00000000000a0000-0x00000000000fffff] reserved
2024-08-08T14:51:14.261489+00:00 lloyddesk kernel: reserve setup_data: [mem 0x0000000000100000-0x000000006b12afff] usable
2024-08-08T14:51:14.261489+00:00 lloyddesk kernel: reserve setup_data: [mem 0x000000006b12b000-0x000000006b12bfff] reserved
2024-08-08T14:51:14.261491+00:00 lloyddesk kernel: reserve setup_data: [mem 0x000000006b12c000-0x000000006cc8cfff] usable
2024-08-08T14:51:14.261492+00:00 lloyddesk kernel: reserve setup_data: [mem 0x000000006cc8d000-0x000000006cc8dfff] reserved
2024-08-08T14:51:14.261492+00:00 lloyddesk kernel: reserve setup_data: [mem 0x000000006cc8e000-0x00000000798e3017] usable
2024-08-08T14:51:14.261493+00:00 lloyddesk kernel: reserve setup_data: [mem 0x00000000798e3018-0x00000000798f1057] usable
2024-08-08T14:51:14.261494+00:00 lloyddesk kernel: reserve setup_data: [mem 0x00000000798f1058-0x000000007a747fff] usable
2024-08-08T14:51:14.261494+00:00 lloyddesk kernel: reserve setup_data: [mem 0x000000007a748000-0x000000007a748fff] ACPI NVS
2024-08-08T14:51:14.261495+00:00 lloyddesk kernel: reserve setup_data: [mem 0x000000007a749000-0x000000007a76ffff] usable
2024-08-08T14:51:14.261496+00:00 lloyddesk kernel: reserve setup_data: [mem 0x000000007a770000-0x000000007a770fff] reserved
2024-08-08T14:51:14.261497+00:00 lloyddesk kernel: reserve setup_data: [mem 0x000000007a771000-0x0000000087363fff] usable
2024-08-08T14:51:14.261497+00:00 lloyddesk kernel: reserve setup_data: [mem 0x0000000087364000-0x00000000891f2fff] reserved
2024-08-08T14:51:14.261498+00:00 lloyddesk kernel: reserve setup_data: [mem 0x00000000891f3000-0x0000000089387fff] ACPI data
2024-08-08T14:51:14.261498+00:00 lloyddesk kernel: reserve setup_data: [mem 0x0000000089388000-0x0000000089487fff] ACPI NVS
2024-08-08T14:51:14.261499+00:00 lloyddesk kernel: reserve setup_data: [mem 0x0000000089488000-0x0000000089ffdfff] reserved
2024-08-08T14:51:14.261501+00:00 lloyddesk kernel: reserve setup_data: [mem 0x0000000089ffe000-0x0000000089ffefff] usable
2024-08-08T14:51:14.261501+00:00 lloyddesk kernel: reserve setup_data: [mem 0x0000000089fff000-0x000000008f7fffff] reserved
2024-08-08T14:51:14.261502+00:00 lloyddesk kernel: reserve setup_data: [mem 0x00000000e0000000-0x00000000efffffff] reserved
2024-08-08T14:51:14.261502+00:00 lloyddesk kernel: reserve setup_data: [mem 0x00000000fe000000-0x00000000fe010fff] reserved
2024-08-08T14:51:14.261502+00:00 lloyddesk kernel: reserve setup_data: [mem 0x00000000fec00000-0x00000000fec00fff] reserved
2024-08-08T14:51:14.261502+00:00 lloyddesk kernel: reserve setup_data: [mem 0x00000000fee00000-0x00000000fee00fff] reserved
2024-08-08T14:51:14.261504+00:00 lloyddesk kernel: reserve setup_data: [mem 0x00000000ff000000-0x00000000ffffffff] reserved
2024-08-08T14:51:14.261504+00:00 lloyddesk kernel: reserve setup_data: [mem 0x0000000100000000-0x000000026f7fffff] usable
2024-08-08T14:51:14.261504+00:00 lloyddesk kernel: efi: EFI v2.7 by American Megatrends
2024-08-08T14:51:14.261505+00:00 lloyddesk kernel: efi: ACPI=0x89387000 ACPI 2.0=0x89387014 TPMFinalLog=0x893d6000 SMBIOS=0x89bb7000 SMBIOS 3.0=0x89bb6000 MEMATTR=0x85247018 ESRT=0x856f6b98 MOKvar=0x89be4000 INITRD=0x7a8cd398 RNG=0x89337c18 TPMEventLog=0x798f2018 
2024-08-08T14:51:14.261505+00:00 lloyddesk kernel: random: crng init done
2024-08-08T14:51:14.261506+00:00 lloyddesk kernel: efi: Remove mem90: MMIO range=[0xe0000000-0xefffffff] (256MB) from e820 map
2024-08-08T14:51:14.261506+00:00 lloyddesk kernel: e820: remove [mem 0xe0000000-0xefffffff] reserved
2024-08-08T14:51:14.261508+00:00 lloyddesk kernel: efi: Not removing mem91: MMIO range=[0xfe000000-0xfe010fff] (68KB) from e820 map
2024-08-08T14:51:14.261508+00:00 lloyddesk kernel: efi: Not removing mem92: MMIO range=[0xfec00000-0xfec00fff] (4KB) from e820 map
2024-08-08T14:51:14.261508+00:00 lloyddesk kernel: efi: Not removing mem93: MMIO range=[0xfee00000-0xfee00fff] (4KB) from e820 map
2024-08-08T14:51:14.261509+00:00 lloyddesk kernel: efi: Remove mem94: MMIO range=[0xff000000-0xffffffff] (16MB) from e820 map
2024-08-08T14:51:14.261509+00:00 lloyddesk kernel: e820: remove [mem 0xff000000-0xffffffff] reserved
2024-08-08T14:51:14.261509+00:00 lloyddesk kernel: secureboot: Secure boot enabled
2024-08-08T14:51:14.261510+00:00 lloyddesk kernel: Kernel is locked down from EFI Secure Boot mode; see man kernel_lockdown.7
2024-08-08T14:51:14.261511+00:00 lloyddesk kernel: SMBIOS 3.2.0 present.
2024-08-08T14:51:14.261512+00:00 lloyddesk kernel: DMI: ASUS System Product Name/PRIME B460M-A, BIOS 1806 12/18/2025
2024-08-08T14:51:14.261512+00:00 lloyddesk kernel: tsc: Detected 2900.000 MHz processor
2024-08-08T14:51:14.261512+00:00 lloyddesk kernel: tsc: Detected 2899.886 MHz TSC
2024-08-08T14:51:14.261513+00:00 lloyddesk kernel: e820: update [mem 0x00000000-0x00000fff] usable ==> reserved
2024-08-08T14:51:14.261514+00:00 lloyddesk kernel: e820: remove [mem 0x000a0000-0x000fffff] usable
2024-08-08T14:51:14.261515+00:00 lloyddesk kernel: last_pfn = 0x26f800 max_arch_pfn = 0x400000000
2024-08-08T14:51:14.261515+00:00 lloyddesk kernel: MTRR map: 5 entries (3 fixed + 2 variable; max 23), built from 10 variable MTRRs
2024-08-08T14:51:14.261515+00:00 lloyddesk kernel: x86/PAT: Configuration [0-7]: WB  WC  UC- UC  WB  WP  UC- WT  
2024-08-08T14:51:14.261516+00:00 lloyddesk kernel: last_pfn = 0x89fff max_arch_pfn = 0x400000000
2024-08-08T14:51:14.261516+00:00 lloyddesk kernel: esrt: Reserving ESRT space from 0x00000000856f6b98 to 0x00000000856f6bd0.
2024-08-08T14:51:14.261516+00:00 lloyddesk kernel: e820: update [mem 0x856f6000-0x856f6fff] usable ==> reserved
2024-08-08T14:51:14.261518+00:00 lloyddesk kernel: Using GB pages for direct mapping
2024-08-08T14:51:14.261519+00:00 lloyddesk kernel: secureboot: Secure boot enabled
2024-08-08T14:51:14.261519+00:00 lloyddesk kernel: RAMDISK: [mem 0x72dc2000-0x77204fff]
2024-08-08T14:51:14.261519+00:00 lloyddesk kernel: ACPI: Early table checksum verification disabled
2024-08-08T14:51:14.261519+00:00 lloyddesk kernel: ACPI: RSDP 0x0000000089387014 000024 (v02 ALASKA)
2024-08-08T14:51:14.261519+00:00 lloyddesk kernel: ACPI: XSDT 0x0000000089386728 0000BC (v01 ALASKA A M I    01072009 AMI  01000013)
2024-08-08T14:51:14.261521+00:00 lloyddesk kernel: ACPI: FACP 0x0000000089380000 000114 (v06 ALASKA A M I    01072009 AMI  00010013)
2024-08-08T14:51:14.261521+00:00 lloyddesk kernel: ACPI: DSDT 0x0000000089346000 039185 (v02 ALASKA A M I    01072009 INTL 20160527)
2024-08-08T14:51:14.261521+00:00 lloyddesk kernel: ACPI: FACS 0x0000000089487000 000040
2024-08-08T14:51:14.261556+00:00 lloyddesk kernel: ACPI: MCFG 0x0000000089385000 00003C (v01 ALASKA A M I    01072009 MSFT 00000097)
2024-08-08T14:51:14.261557+00:00 lloyddesk kernel: ACPI: SSDT 0x0000000089382000 0020AD (v02 CpuRef CpuSsdt  00003000 INTL 20160527)
2024-08-08T14:51:14.261558+00:00 lloyddesk kernel: ACPI: SSDT 0x0000000089381000 000A52 (v02 PmRef  ItbmSci  00003000 INTL 20160527)
2024-08-08T14:51:14.261558+00:00 lloyddesk kernel: ACPI: FIDT 0x0000000089345000 00009C (v01 ALASKA A M I    01072009 AMI  00010013)
2024-08-08T14:51:14.261560+00:00 lloyddesk kernel: ACPI: SSDT 0x0000000089340000 0030AD (v02 SaSsdt SaSsdt   00003000 INTL 20160527)
2024-08-08T14:51:14.261560+00:00 lloyddesk kernel: ACPI: HPET 0x000000008933F000 000038 (v01 ALASKA A M I    01072009 AMI  01000013)
2024-08-08T14:51:14.261561+00:00 lloyddesk kernel: ACPI: SSDT 0x000000008933D000 00147B (v02 ALASKA Ther_Rvp 00001000 INTL 20160527)
2024-08-08T14:51:14.261562+00:00 lloyddesk kernel: ACPI: SSDT 0x0000000089339000 00373E (v02 INTEL  xh_cmvd4 00000000 INTL 20160527)
2024-08-08T14:51:14.261562+00:00 lloyddesk kernel: ACPI: NHLT 0x0000000089338000 00002D (v00 ALASKA A M I    01072009 AMI  01000013)
2024-08-08T14:51:14.261562+00:00 lloyddesk kernel: ACPI: LPIT 0x0000000089336000 000094 (v01 ALASKA A M I    01072009 AMI  01000013)
2024-08-08T14:51:14.261564+00:00 lloyddesk kernel: ACPI: WSMT 0x0000000089335000 000028 (v01 ALASKA A M I    01072009 AMI  01000013)
2024-08-08T14:51:14.261564+00:00 lloyddesk kernel: ACPI: SSDT 0x0000000089332000 002720 (v02 ALASKA PtidDevc 00001000 INTL 20160527)
2024-08-08T14:51:14.261565+00:00 lloyddesk kernel: ACPI: DBGP 0x0000000089331000 000034 (v01 ALASKA A M I    01072009 AMI  01000013)
2024-08-08T14:51:14.261566+00:00 lloyddesk kernel: ACPI: DBG2 0x0000000089330000 000054 (v00 ALASKA A M I    01072009 AMI  01000013)
2024-08-08T14:51:14.261566+00:00 lloyddesk kernel: ACPI: WPBT 0x0000000089247000 00003C (v01 ALASKA A M I    00000001 ASUS 00000001)
2024-08-08T14:51:14.261566+00:00 lloyddesk kernel: ACPI: TPM2 0x0000000089246000 00004C (v04 ALASKA A M I    00000001 AMI  00000000)
2024-08-08T14:51:14.261568+00:00 lloyddesk kernel: ACPI: APIC 0x0000000089245000 00012C (v04 ALASKA A M I    01072009 AMI  00010013)
2024-08-08T14:51:14.261569+00:00 lloyddesk kernel: ACPI: FPDT 0x0000000089244000 000044 (v01 ALASKA A M I    01072009 AMI  01000013)
2024-08-08T14:51:14.261569+00:00 lloyddesk kernel: ACPI: Reserving FACP table memory at [mem 0x89380000-0x89380113]
2024-08-08T14:51:14.261569+00:00 lloyddesk kernel: ACPI: Reserving DSDT table memory at [mem 0x89346000-0x8937f184]
2024-08-08T14:51:14.261570+00:00 lloyddesk kernel: ACPI: Reserving FACS table memory at [mem 0x89487000-0x8948703f]
2024-08-08T14:51:14.261570+00:00 lloyddesk kernel: ACPI: Reserving MCFG table memory at [mem 0x89385000-0x8938503b]
2024-08-08T14:51:14.261571+00:00 lloyddesk kernel: ACPI: Reserving SSDT table memory at [mem 0x89382000-0x893840ac]
2024-08-08T14:51:14.261572+00:00 lloyddesk kernel: ACPI: Reserving SSDT table memory at [mem 0x89381000-0x89381a51]
2024-08-08T14:51:14.261573+00:00 lloyddesk kernel: ACPI: Reserving FIDT table memory at [mem 0x89345000-0x8934509b]
2024-08-08T14:51:14.261573+00:00 lloyddesk kernel: ACPI: Reserving SSDT table memory at [mem 0x89340000-0x893430ac]
2024-08-08T14:51:14.261573+00:00 lloyddesk kernel: ACPI: Reserving HPET table memory at [mem 0x8933f000-0x8933f037]
2024-08-08T14:51:14.261574+00:00 lloyddesk kernel: ACPI: Reserving SSDT table memory at [mem 0x8933d000-0x8933e47a]
2024-08-08T14:51:14.261574+00:00 lloyddesk kernel: ACPI: Reserving SSDT table memory at [mem 0x89339000-0x8933c73d]
2024-08-08T14:51:14.261575+00:00 lloyddesk kernel: ACPI: Reserving NHLT table memory at [mem 0x89338000-0x8933802c]
2024-08-08T14:51:14.261576+00:00 lloyddesk kernel: ACPI: Reserving LPIT table memory at [mem 0x89336000-0x89336093]
2024-08-08T14:51:14.261576+00:00 lloyddesk kernel: ACPI: Reserving WSMT table memory at [mem 0x89335000-0x89335027]
2024-08-08T14:51:14.261577+00:00 lloyddesk kernel: ACPI: Reserving SSDT table memory at [mem 0x89332000-0x8933471f]
2024-08-08T14:51:14.261577+00:00 lloyddesk kernel: ACPI: Reserving DBGP table memory at [mem 0x89331000-0x89331033]
2024-08-08T14:51:14.261578+00:00 lloyddesk kernel: ACPI: Reserving DBG2 table memory at [mem 0x89330000-0x89330053]
2024-08-08T14:51:14.261578+00:00 lloyddesk kernel: ACPI: Reserving WPBT table memory at [mem 0x89247000-0x8924703b]
2024-08-08T14:51:14.261579+00:00 lloyddesk kernel: ACPI: Reserving TPM2 table memory at [mem 0x89246000-0x8924604b]
2024-08-08T14:51:14.261580+00:00 lloyddesk kernel: ACPI: Reserving APIC table memory at [mem 0x89245000-0x8924512b]
2024-08-08T14:51:14.261581+00:00 lloyddesk kernel: ACPI: Reserving FPDT table memory at [mem 0x89244000-0x89244043]
2024-08-08T14:51:14.261581+00:00 lloyddesk kernel: No NUMA configuration found
2024-08-08T14:51:14.261581+00:00 lloyddesk kernel: Faking a node at [mem 0x0000000000000000-0x000000026f7fffff]
2024-08-08T14:51:14.261582+00:00 lloyddesk kernel: NODE_DATA(0) allocated [mem 0x26f7d5000-0x26f7fffff]
2024-08-08T14:51:14.261583+00:00 lloyddesk kernel: Zone ranges:
2024-08-08T14:51:14.261583+00:00 lloyddesk kernel:   DMA      [mem 0x0000000000001000-0x0000000000ffffff]
2024-08-08T14:51:14.261584+00:00 lloyddesk kernel:   DMA32    [mem 0x0000000001000000-0x00000000ffffffff]
2024-08-08T14:51:14.261584+00:00 lloyddesk kernel:   Normal   [mem 0x0000000100000000-0x000000026f7fffff]
2024-08-08T14:51:14.261585+00:00 lloyddesk kernel:   Device   empty
2024-08-08T14:51:14.261585+00:00 lloyddesk kernel: Movable zone start for each node
2024-08-08T14:51:14.261586+00:00 lloyddesk kernel: Early memory node ranges
2024-08-08T14:51:14.261587+00:00 lloyddesk kernel:   node   0: [mem 0x0000000000001000-0x000000000009dfff]
2024-08-08T14:51:14.261587+00:00 lloyddesk kernel:   node   0: [mem 0x000000000009f000-0x000000000009ffff]
2024-08-08T14:51:14.261587+00:00 lloyddesk kernel:   node   0: [mem 0x0000000000100000-0x000000006b12afff]
2024-08-08T14:51:14.261588+00:00 lloyddesk kernel:   node   0: [mem 0x000000006b12c000-0x000000006cc8cfff]
2024-08-08T14:51:14.261588+00:00 lloyddesk kernel:   node   0: [mem 0x000000006cc8e000-0x000000007a747fff]
2024-08-08T14:51:14.261589+00:00 lloyddesk kernel:   node   0: [mem 0x000000007a749000-0x000000007a76ffff]
2024-08-08T14:51:14.261590+00:00 lloyddesk kernel:   node   0: [mem 0x000000007a771000-0x0000000087363fff]
2024-08-08T14:51:14.261590+00:00 lloyddesk kernel:   node   0: [mem 0x0000000089ffe000-0x0000000089ffefff]
2024-08-08T14:51:14.261591+00:00 lloyddesk kernel:   node   0: [mem 0x0000000100000000-0x000000026f7fffff]
2024-08-08T14:51:14.261591+00:00 lloyddesk kernel: Initmem setup node 0 [mem 0x0000000000001000-0x000000026f7fffff]
2024-08-08T14:51:14.261591+00:00 lloyddesk kernel: On node 0, zone DMA: 1 pages in unavailable ranges
2024-08-08T14:51:14.261592+00:00 lloyddesk kernel: On node 0, zone DMA: 1 pages in unavailable ranges
2024-08-08T14:51:14.261593+00:00 lloyddesk kernel: On node 0, zone DMA: 96 pages in unavailable ranges
2024-08-08T14:51:14.261594+00:00 lloyddesk kernel: On node 0, zone DMA32: 1 pages in unavailable ranges
2024-08-08T14:51:14.261595+00:00 lloyddesk kernel: message repeated 3 times: [ On node 0, zone DMA32: 1 pages in unavailable ranges]
2024-08-08T14:51:14.261596+00:00 lloyddesk kernel: On node 0, zone DMA32: 11418 pages in unavailable ranges
2024-08-08T14:51:14.261598+00:00 lloyddesk kernel: On node 0, zone Normal: 24577 pages in unavailable ranges
2024-08-08T14:51:14.261598+00:00 lloyddesk kernel: On node 0, zone Normal: 2048 pages in unavailable ranges
2024-08-08T14:51:14.261599+00:00 lloyddesk kernel: Reserving Intel graphics memory at [mem 0x8b800000-0x8f7fffff]
2024-08-08T14:51:14.261600+00:00 lloyddesk kernel: ACPI: PM-Timer IO Port: 0x1808
2024-08-08T14:51:14.261600+00:00 lloyddesk kernel: ACPI: LAPIC_NMI (acpi_id[0x01] high edge lint[0x1])
2024-08-08T14:51:14.261600+00:00 lloyddesk kernel: ACPI: LAPIC_NMI (acpi_id[0x02] high edge lint[0x1])
2024-08-08T14:51:14.261601+00:00 lloyddesk kernel: ACPI: LAPIC_NMI (acpi_id[0x03] high edge lint[0x1])
2024-08-08T14:51:14.261601+00:00 lloyddesk kernel: ACPI: LAPIC_NMI (acpi_id[0x04] high edge lint[0x1])
2024-08-08T14:51:14.261603+00:00 lloyddesk kernel: ACPI: LAPIC_NMI (acpi_id[0x05] high edge lint[0x1])
2024-08-08T14:51:14.261604+00:00 lloyddesk kernel: ACPI: LAPIC_NMI (acpi_id[0x06] high edge lint[0x1])
2024-08-08T14:51:14.261604+00:00 lloyddesk kernel: ACPI: LAPIC_NMI (acpi_id[0x07] high edge lint[0x1])
2024-08-08T14:51:14.261605+00:00 lloyddesk kernel: ACPI: LAPIC_NMI (acpi_id[0x08] high edge lint[0x1])
2024-08-08T14:51:14.261605+00:00 lloyddesk kernel: ACPI: LAPIC_NMI (acpi_id[0x09] high edge lint[0x1])
2024-08-08T14:51:14.261605+00:00 lloyddesk kernel: ACPI: LAPIC_NMI (acpi_id[0x0a] high edge lint[0x1])
2024-08-08T14:51:14.261606+00:00 lloyddesk kernel: ACPI: LAPIC_NMI (acpi_id[0x0b] high edge lint[0x1])
2024-08-08T14:51:14.261608+00:00 lloyddesk kernel: ACPI: LAPIC_NMI (acpi_id[0x0c] high edge lint[0x1])
2024-08-08T14:51:14.261610+00:00 lloyddesk kernel: ACPI: LAPIC_NMI (acpi_id[0x0d] high edge lint[0x1])
2024-08-08T14:51:14.261610+00:00 lloyddesk kernel: ACPI: LAPIC_NMI (acpi_id[0x0e] high edge lint[0x1])
2024-08-08T14:51:14.261610+00:00 lloyddesk kernel: ACPI: LAPIC_NMI (acpi_id[0x0f] high edge lint[0x1])
2024-08-08T14:51:14.261611+00:00 lloyddesk kernel: ACPI: LAPIC_NMI (acpi_id[0x10] high edge lint[0x1])
2024-08-08T14:51:14.261611+00:00 lloyddesk kernel: IOAPIC[0]: apic_id 2, version 32, address 0xfec00000, GSI 0-119
2024-08-08T14:51:14.261613+00:00 lloyddesk kernel: ACPI: INT_SRC_OVR (bus 0 bus_irq 0 global_irq 2 dfl dfl)
2024-08-08T14:51:14.261613+00:00 lloyddesk kernel: ACPI: INT_SRC_OVR (bus 0 bus_irq 9 global_irq 9 high level)
2024-08-08T14:51:14.261614+00:00 lloyddesk kernel: ACPI: Using ACPI (MADT) for SMP configuration information
2024-08-08T14:51:14.261614+00:00 lloyddesk kernel: ACPI: HPET id: 0x8086a201 base: 0xfed00000
2024-08-08T14:51:14.261614+00:00 lloyddesk kernel: TSC deadline timer available
2024-08-08T14:51:14.261615+00:00 lloyddesk kernel: smpboot: Allowing 16 CPUs, 0 hotplug CPUs
2024-08-08T14:51:14.261615+00:00 lloyddesk kernel: PM: hibernation: Registered nosave memory: [mem 0x00000000-0x00000fff]
2024-08-08T14:51:14.261616+00:00 lloyddesk kernel: PM: hibernation: Registered nosave memory: [mem 0x0009e000-0x0009efff]
2024-08-08T14:51:14.261617+00:00 lloyddesk kernel: PM: hibernation: Registered nosave memory: [mem 0x000a0000-0x000fffff]
2024-08-08T14:51:14.261618+00:00 lloyddesk kernel: PM: hibernation: Registered nosave memory: [mem 0x6b12b000-0x6b12bfff]
2024-08-08T14:51:14.261618+00:00 lloyddesk kernel: PM: hibernation: Registered nosave memory: [mem 0x6cc8d000-0x6cc8dfff]
2024-08-08T14:51:14.261619+00:00 lloyddesk kernel: PM: hibernation: Registered nosave memory: [mem 0x798e3000-0x798e3fff]
2024-08-08T14:51:14.261619+00:00 lloyddesk kernel: PM: hibernation: Registered nosave memory: [mem 0x798f1000-0x798f1fff]
2024-08-08T14:51:14.261620+00:00 lloyddesk kernel: PM: hibernation: Registered nosave memory: [mem 0x7a748000-0x7a748fff]
2024-08-08T14:51:14.261653+00:00 lloyddesk kernel: PM: hibernation: Registered nosave memory: [mem 0x7a770000-0x7a770fff]
2024-08-08T14:51:14.261654+00:00 lloyddesk kernel: PM: hibernation: Registered nosave memory: [mem 0x856f6000-0x856f6fff]
2024-08-08T14:51:14.261654+00:00 lloyddesk kernel: PM: hibernation: Registered nosave memory: [mem 0x87364000-0x891f2fff]
2024-08-08T14:51:14.261654+00:00 lloyddesk kernel: PM: hibernation: Registered nosave memory: [mem 0x891f3000-0x89387fff]
2024-08-08T14:51:14.261655+00:00 lloyddesk kernel: PM: hibernation: Registered nosave memory: [mem 0x89388000-0x89487fff]
2024-08-08T14:51:14.261659+00:00 lloyddesk kernel: PM: hibernation: Registered nosave memory: [mem 0x89488000-0x89ffdfff]
2024-08-08T14:51:14.261660+00:00 lloyddesk kernel: PM: hibernation: Registered nosave memory: [mem 0x89fff000-0x8f7fffff]
2024-08-08T14:51:14.261660+00:00 lloyddesk kernel: PM: hibernation: Registered nosave memory: [mem 0x8f800000-0xfdffffff]
2024-08-08T14:51:14.261661+00:00 lloyddesk kernel: PM: hibernation: Registered nosave memory: [mem 0xfe000000-0xfe010fff]
2024-08-08T14:51:14.261661+00:00 lloyddesk kernel: PM: hibernation: Registered nosave memory: [mem 0xfe011000-0xfebfffff]
2024-08-08T14:51:14.261661+00:00 lloyddesk kernel: PM: hibernation: Registered nosave memory: [mem 0xfec00000-0xfec00fff]
2024-08-08T14:51:14.261661+00:00 lloyddesk kernel: PM: hibernation: Registered nosave memory: [mem 0xfec01000-0xfedfffff]
2024-08-08T14:51:14.261665+00:00 lloyddesk kernel: PM: hibernation: Registered nosave memory: [mem 0xfee00000-0xfee00fff]
2024-08-08T14:51:14.261665+00:00 lloyddesk kernel: PM: hibernation: Registered nosave memory: [mem 0xfee01000-0xffffffff]
2024-08-08T14:51:14.261666+00:00 lloyddesk kernel: [mem 0x8f800000-0xfdffffff] available for PCI devices
2024-08-08T14:51:14.261666+00:00 lloyddesk kernel: Booting paravirtualized kernel on bare hardware
2024-08-08T14:51:14.261667+00:00 lloyddesk kernel: clocksource: refined-jiffies: mask: 0xffffffff max_cycles: 0xffffffff, max_idle_ns: 1910969940391419 ns
2024-08-08T14:51:14.261667+00:00 lloyddesk kernel: setup_percpu: NR_CPUS:8192 nr_cpumask_bits:16 nr_cpu_ids:16 nr_node_ids:1
2024-08-08T14:51:14.261670+00:00 lloyddesk kernel: percpu: Embedded 86 pages/cpu s229376 r8192 d114688 u524288
2024-08-08T14:51:14.261671+00:00 lloyddesk kernel: pcpu-alloc: s229376 r8192 d114688 u524288 alloc=1*2097152
2024-08-08T14:51:14.261672+00:00 lloyddesk kernel: pcpu-alloc: [0] 00 01 02 03 [0] 04 05 06 07 
2024-08-08T14:51:14.261672+00:00 lloyddesk kernel: pcpu-alloc: [0] 08 09 10 11 [0] 12 13 14 15 
2024-08-08T14:51:14.261673+00:00 lloyddesk kernel: Kernel command line: BOOT_IMAGE=/vmlinuz-6.8.0-41-generic root=/dev/mapper/ubuntu--vg-ubuntu--lv ro quiet splash vt.handoff=7
2024-08-08T14:51:14.261673+00:00 lloyddesk kernel: Unknown kernel command line parameters "splash BOOT_IMAGE=/vmlinuz-6.8.0-41-generic", will be passed to user space.
2024-08-08T14:51:14.261677+00:00 lloyddesk kernel: Dentry cache hash table entries: 1048576 (order: 11, 8388608 bytes, linear)
2024-08-08T14:51:14.261678+00:00 lloyddesk kernel: Inode-cache hash table entries: 524288 (order: 10, 4194304 bytes, linear)
2024-08-08T14:51:14.261679+00:00 lloyddesk kernel: Fallback order for Node 0: 0 
2024-08-08T14:51:14.261679+00:00 lloyddesk kernel: Built 1 zonelists, mobility grouping on.  Total pages: 2026675
2024-08-08T14:51:14.261679+00:00 lloyddesk kernel: Policy zone: Normal
2024-08-08T14:51:14.261680+00:00 lloyddesk kernel: mem auto-init: stack:all(zero), heap alloc:on, heap free:off
2024-08-08T14:51:14.261682+00:00 lloyddesk kernel: software IO TLB: area num 16.
2024-08-08T14:51:14.261682+00:00 lloyddesk kernel: Memory: 7814868K/8236028K available (22528K kernel code, 4441K rwdata, 14308K rodata, 4972K init, 4736K bss, 420900K reserved, 0K cma-reserved)
2024-08-08T14:51:14.261683+00:00 lloyddesk kernel: SLUB: HWalign=64, Order=0-3, MinObjects=0, CPUs=16, Nodes=1
2024-08-08T14:51:14.261683+00:00 lloyddesk kernel: ftrace: allocating 57864 entries in 227 pages
2024-08-08T14:51:14.261684+00:00 lloyddesk kernel: ftrace: allocated 227 pages with 5 groups
2024-08-08T14:51:14.261684+00:00 lloyddesk kernel: Dynamic Preempt: voluntary
2024-08-08T14:51:14.261685+00:00 lloyddesk kernel: rcu: Preemptible hierarchical RCU implementation.
2024-08-08T14:51:14.261687+00:00 lloyddesk kernel: rcu: 	RCU restricting CPUs from NR_CPUS=8192 to nr_cpu_ids=16.
2024-08-08T14:51:14.261688+00:00 lloyddesk kernel: 	Trampoline variant of Tasks RCU enabled.
2024-08-08T14:51:14.261690+00:00 lloyddesk kernel: 	Rude variant of Tasks RCU enabled.
2024-08-08T14:51:14.261690+00:00 lloyddesk kernel: 	Tracing variant of Tasks RCU enabled.
2024-08-08T14:51:14.261690+00:00 lloyddesk kernel: rcu: RCU calculated value of scheduler-enlistment delay is 100 jiffies.
2024-08-08T14:51:14.261691+00:00 lloyddesk kernel: rcu: Adjusting geometry for rcu_fanout_leaf=16, nr_cpu_ids=16
2024-08-08T14:51:14.261710+00:00 lloyddesk kernel: NR_IRQS: 524544, nr_irqs: 2184, preallocated irqs: 16
2024-08-08T14:51:14.261712+00:00 lloyddesk kernel: rcu: srcu_init: Setting srcu_struct sizes based on contention.
2024-08-08T14:51:14.261713+00:00 lloyddesk kernel: Console: colour dummy device 80x25
2024-08-08T14:51:14.261716+00:00 lloyddesk kernel: printk: legacy console [tty0] enabled
2024-08-08T14:51:14.261716+00:00 lloyddesk kernel: ACPI: Core revision 20230628
2024-08-08T14:51:14.261717+00:00 lloyddesk kernel: clocksource: hpet: mask: 0xffffffff max_cycles: 0xffffffff, max_idle_ns: 79635855245 ns
2024-08-08T14:51:14.261724+00:00 lloyddesk kernel: APIC: Switch to symmetric I/O mode setup
2024-08-08T14:51:14.261725+00:00 lloyddesk kernel: x2apic: IRQ remapping doesn't support X2APIC mode
2024-08-08T14:51:14.261726+00:00 lloyddesk kernel: APIC: Switched APIC routing to: physical flat
2024-08-08T14:51:14.261726+00:00 lloyddesk kernel: ..TIMER: vector=0x30 apic1=0 pin1=2 apic2=-1 pin2=-1
2024-08-08T14:51:14.261727+00:00 lloyddesk kernel: clocksource: tsc-early: mask: 0xffffffffffffffff max_cycles: 0x29ccd767b87, max_idle_ns: 440795223720 ns
2024-08-08T14:51:14.261727+00:00 lloyddesk kernel: Calibrating delay loop (skipped), value calculated using timer frequency.. 5799.77 BogoMIPS (lpj=2899886)
2024-08-08T14:51:14.261730+00:00 lloyddesk kernel: x86/cpu: VMX (outside TXT) disabled by BIOS
2024-08-08T14:51:14.261756+00:00 lloyddesk kernel: x86/cpu: SGX disabled by BIOS.
2024-08-08T14:51:14.261756+00:00 lloyddesk kernel: CPU0: Thermal monitoring enabled (TM1)
2024-08-08T14:51:14.261757+00:00 lloyddesk kernel: process: using mwait in idle threads
2024-08-08T14:51:14.261759+00:00 lloyddesk kernel: Last level iTLB entries: 4KB 64, 2MB 8, 4MB 8
2024-08-08T14:51:14.261759+00:00 lloyddesk kernel: Last level dTLB entries: 4KB 64, 2MB 0, 4MB 0, 1GB 4
2024-08-08T14:51:14.261760+00:00 lloyddesk kernel: Spectre V1 : Mitigation: usercopy/swapgs barriers and __user pointer sanitization
2024-08-08T14:51:14.261760+00:00 lloyddesk kernel: Spectre V2 : Spectre BHI mitigation: SW BHB clearing on vm exit
2024-08-08T14:51:14.261761+00:00 lloyddesk kernel: Spectre V2 : Spectre BHI mitigation: SW BHB clearing on syscall
2024-08-08T14:51:14.261762+00:00 lloyddesk kernel: Spectre V2 : Mitigation: Enhanced / Automatic IBRS
2024-08-08T14:51:14.261763+00:00 lloyddesk kernel: Spectre V2 : Spectre v2 / SpectreRSB mitigation: Filling RSB on context switch
2024-08-08T14:51:14.261763+00:00 lloyddesk kernel: Spectre V2 : Spectre v2 / PBRSB-eIBRS: Retire a single CALL on VMEXIT
2024-08-08T14:51:14.261765+00:00 lloyddesk kernel: RETBleed: Mitigation: Enhanced IBRS
2024-08-08T14:51:14.261765+00:00 lloyddesk kernel: Spectre V2 : mitigation: Enabling conditional Indirect Branch Prediction Barrier
2024-08-08T14:51:14.261766+00:00 lloyddesk kernel: Speculative Store Bypass: Mitigation: Speculative Store Bypass disabled via prctl
2024-08-08T14:51:14.261766+00:00 lloyddesk kernel: MMIO Stale Data: Mitigation: Clear CPU buffers
2024-08-08T14:51:14.261768+00:00 lloyddesk kernel: SRBDS: Mitigation: Microcode
2024-08-08T14:51:14.261768+00:00 lloyddesk kernel: GDS: Mitigation: Microcode
2024-08-08T14:51:14.261770+00:00 lloyddesk kernel: x86/fpu: Supporting XSAVE feature 0x001: 'x87 floating point registers'
2024-08-08T14:51:14.261770+00:00 lloyddesk kernel: x86/fpu: Supporting XSAVE feature 0x002: 'SSE registers'
2024-08-08T14:51:14.261770+00:00 lloyddesk kernel: x86/fpu: Supporting XSAVE feature 0x004: 'AVX registers'
2024-08-08T14:51:14.261771+00:00 lloyddesk kernel: x86/fpu: Supporting XSAVE feature 0x008: 'MPX bounds registers'
2024-08-08T14:51:14.261771+00:00 lloyddesk kernel: x86/fpu: Supporting XSAVE feature 0x010: 'MPX CSR'
2024-08-08T14:51:14.261772+00:00 lloyddesk kernel: x86/fpu: Supporting XSAVE feature 0x200: 'Protection Keys User registers'
2024-08-08T14:51:14.261772+00:00 lloyddesk kernel: x86/fpu: xstate_offset[2]:  576, xstate_sizes[2]:  256
2024-08-08T14:51:14.261773+00:00 lloyddesk kernel: x86/fpu: xstate_offset[3]:  832, xstate_sizes[3]:   64
2024-08-08T14:51:14.261773+00:00 lloyddesk kernel: x86/fpu: xstate_offset[4]:  896, xstate_sizes[4]:   64
2024-08-08T14:51:14.261774+00:00 lloyddesk kernel: x86/fpu: xstate_offset[9]:  960, xstate_sizes[9]:    8
2024-08-08T14:51:14.261775+00:00 lloyddesk kernel: x86/fpu: Enabled xstate features 0x21f, context size is 968 bytes, using 'compacted' format.
2024-08-08T14:51:14.261775+00:00 lloyddesk kernel: Freeing SMP alternatives memory: 48K
2024-08-08T14:51:14.261776+00:00 lloyddesk kernel: pid_max: default: 32768 minimum: 301
2024-08-08T14:51:14.261776+00:00 lloyddesk kernel: LSM: initializing lsm=lockdown,capability,landlock,yama,apparmor,integrity
2024-08-08T14:51:14.261777+00:00 lloyddesk kernel: landlock: Up and running.
2024-08-08T14:51:14.261778+00:00 lloyddesk kernel: Yama: becoming mindful.
2024-08-08T14:51:14.261779+00:00 lloyddesk kernel: AppArmor: AppArmor initialized
2024-08-08T14:51:14.261780+00:00 lloyddesk kernel: Mount-cache hash table entries: 16384 (order: 5, 131072 bytes, linear)
2024-08-08T14:51:14.261781+00:00 lloyddesk kernel: Mountpoint-cache hash table entries: 16384 (order: 5, 131072 bytes, linear)
2024-08-08T14:51:14.261781+00:00 lloyddesk kernel: smpboot: CPU0: Intel(R) Core(TM) i7-10700 CPU @ 2.90GHz (family: 0x6, model: 0xa5, stepping: 0x5)
2024-08-08T14:51:14.261782+00:00 lloyddesk kernel: RCU Tasks: Setting shift to 4 and lim to 1 rcu_task_cb_adjust=1.
2024-08-08T14:51:14.261782+00:00 lloyddesk kernel: RCU Tasks Rude: Setting shift to 4 and lim to 1 rcu_task_cb_adjust=1.
2024-08-08T14:51:14.261783+00:00 lloyddesk kernel: RCU Tasks Trace: Setting shift to 4 and lim to 1 rcu_task_cb_adjust=1.
2024-08-08T14:51:14.261784+00:00 lloyddesk kernel: Performance Events: PEBS fmt3+, Skylake events, 32-deep LBR, full-width counters, Intel PMU driver.
2024-08-08T14:51:14.261785+00:00 lloyddesk kernel: ... version:                4
2024-08-08T14:51:14.261785+00:00 lloyddesk kernel: ... bit width:              48
2024-08-08T14:51:14.261786+00:00 lloyddesk kernel: ... generic registers:      4
2024-08-08T14:51:14.261787+00:00 lloyddesk kernel: ... value mask:             0000ffffffffffff
2024-08-08T14:51:14.261787+00:00 lloyddesk kernel: ... max period:             00007fffffffffff
2024-08-08T14:51:14.261788+00:00 lloyddesk kernel: ... fixed-purpose events:   3
2024-08-08T14:51:14.261788+00:00 lloyddesk kernel: ... event mask:             000000070000000f
2024-08-08T14:51:14.261789+00:00 lloyddesk kernel: signal: max sigframe size: 3632
2024-08-08T14:51:14.261827+00:00 lloyddesk kernel: Estimated ratio of average max frequency by base frequency (times 1024): 1659
2024-08-08T14:51:14.261828+00:00 lloyddesk kernel: rcu: Hierarchical SRCU implementation.
2024-08-08T14:51:14.261828+00:00 lloyddesk kernel: rcu: 	Max phase no-delay instances is 400.
2024-08-08T14:51:14.261829+00:00 lloyddesk kernel: NMI watchdog: Enabled. Permanently consumes one hw-PMU counter.
2024-08-08T14:51:14.261830+00:00 lloyddesk kernel: smp: Bringing up secondary CPUs ...
2024-08-08T14:51:14.261830+00:00 lloyddesk kernel: smpboot: x86: Booting SMP configuration:
2024-08-08T14:51:14.261830+00:00 lloyddesk kernel: .... node  #0, CPUs:        #1  #2  #3  #4  #5  #6  #7  #8  #9 #10 #11 #12 #13 #14 #15
2024-08-08T14:51:14.261831+00:00 lloyddesk kernel: MMIO Stale Data CPU bug present and SMT on, data leak possible. See https://www.kernel.org/doc/html/latest/admin-guide/hw-vuln/processor_mmio_stale_data.html for more details.
2024-08-08T14:51:14.261832+00:00 lloyddesk kernel: smp: Brought up 1 node, 16 CPUs
2024-08-08T14:51:14.261832+00:00 lloyddesk kernel: smpboot: Max logical packages: 1
2024-08-08T14:51:14.261832+00:00 lloyddesk kernel: smpboot: Total of 16 processors activated (92796.35 BogoMIPS)
2024-08-08T14:51:14.261833+00:00 lloyddesk kernel: devtmpfs: initialized
2024-08-08T14:51:14.261834+00:00 lloyddesk kernel: x86/mm: Memory block size: 128MB
2024-08-08T14:51:14.261834+00:00 lloyddesk kernel: ACPI: PM: Registering ACPI NVS region [mem 0x7a748000-0x7a748fff] (4096 bytes)
2024-08-08T14:51:14.261835+00:00 lloyddesk kernel: ACPI: PM: Registering ACPI NVS region [mem 0x89388000-0x89487fff] (1048576 bytes)
2024-08-08T14:51:14.261835+00:00 lloyddesk kernel: clocksource: jiffies: mask: 0xffffffff max_cycles: 0xffffffff, max_idle_ns: 1911260446275000 ns
2024-08-08T14:51:14.261836+00:00 lloyddesk kernel: futex hash table entries: 4096 (order: 6, 262144 bytes, linear)
2024-08-08T14:51:14.261836+00:00 lloyddesk kernel: pinctrl core: initialized pinctrl subsystem
2024-08-08T14:51:14.261837+00:00 lloyddesk kernel: PM: RTC time: 01:07:26, date: 2020-01-01
2024-08-08T14:51:14.261837+00:00 lloyddesk kernel: NET: Registered PF_NETLINK/PF_ROUTE protocol family
2024-08-08T14:51:14.261838+00:00 lloyddesk kernel: DMA: preallocated 1024 KiB GFP_KERNEL pool for atomic allocations
2024-08-08T14:51:14.261839+00:00 lloyddesk kernel: DMA: preallocated 1024 KiB GFP_KERNEL|GFP_DMA pool for atomic allocations
2024-08-08T14:51:14.261839+00:00 lloyddesk kernel: DMA: preallocated 1024 KiB GFP_KERNEL|GFP_DMA32 pool for atomic allocations
2024-08-08T14:51:14.261839+00:00 lloyddesk kernel: audit: initializing netlink subsys (disabled)
2024-08-08T14:51:14.261840+00:00 lloyddesk kernel: audit: type=2000 audit(1577840846.052:1): state=initialized audit_enabled=0 res=1
2024-08-08T14:51:14.261841+00:00 lloyddesk kernel: thermal_sys: Registered thermal governor 'fair_share'
2024-08-08T14:51:14.261841+00:00 lloyddesk kernel: thermal_sys: Registered thermal governor 'bang_bang'
2024-08-08T14:51:14.261842+00:00 lloyddesk kernel: thermal_sys: Registered thermal governor 'step_wise'
2024-08-08T14:51:14.261842+00:00 lloyddesk kernel: thermal_sys: Registered thermal governor 'user_space'
2024-08-08T14:51:14.261843+00:00 lloyddesk kernel: thermal_sys: Registered thermal governor 'power_allocator'
2024-08-08T14:51:14.261843+00:00 lloyddesk kernel: EISA bus registered
2024-08-08T14:51:14.261844+00:00 lloyddesk kernel: cpuidle: using governor ladder
2024-08-08T14:51:14.261844+00:00 lloyddesk kernel: cpuidle: using governor menu
2024-08-08T14:51:14.261845+00:00 lloyddesk kernel: ACPI FADT declares the system doesn't support PCIe ASPM, so disable it
2024-08-08T14:51:14.261846+00:00 lloyddesk kernel: acpiphp: ACPI Hot Plug PCI Controller Driver version: 0.5
2024-08-08T14:51:14.261846+00:00 lloyddesk kernel: PCI: ECAM [mem 0xe0000000-0xefffffff] (base 0xe0000000) for domain 0000 [bus 00-ff]
2024-08-08T14:51:14.261848+00:00 lloyddesk kernel: PCI: not using ECAM ([mem 0xe0000000-0xefffffff] not reserved)
2024-08-08T14:51:14.261848+00:00 lloyddesk kernel: PCI: Using configuration type 1 for base access
2024-08-08T14:51:14.261849+00:00 lloyddesk kernel: kprobes: kprobe jump-optimization is enabled. All kprobes are optimized if possible.
2024-08-08T14:51:14.261849+00:00 lloyddesk kernel: HugeTLB: registered 1.00 GiB page size, pre-allocated 0 pages
2024-08-08T14:51:14.261850+00:00 lloyddesk kernel: HugeTLB: 16380 KiB vmemmap can be freed for a 1.00 GiB page
2024-08-08T14:51:14.261850+00:00 lloyddesk kernel: HugeTLB: registered 2.00 MiB page size, pre-allocated 0 pages
2024-08-08T14:51:14.261850+00:00 lloyddesk kernel: HugeTLB: 28 KiB vmemmap can be freed for a 2.00 MiB page
2024-08-08T14:51:14.261851+00:00 lloyddesk kernel: ACPI: Added _OSI(Module Device)
2024-08-08T14:51:14.261851+00:00 lloyddesk kernel: ACPI: Added _OSI(Processor Device)
2024-08-08T14:51:14.261852+00:00 lloyddesk kernel: ACPI: Added _OSI(3.0 _SCP Extensions)
2024-08-08T14:51:14.261852+00:00 lloyddesk kernel: ACPI: Added _OSI(Processor Aggregator Device)
2024-08-08T14:51:14.261853+00:00 lloyddesk kernel: ACPI: 7 ACPI AML tables successfully acquired and loaded
2024-08-08T14:51:14.261854+00:00 lloyddesk kernel: ACPI: Dynamic OEM Table Load:
2024-08-08T14:51:14.261854+00:00 lloyddesk kernel: ACPI: SSDT 0xFFFF9ADBC1493400 000400 (v02 PmRef  Cpu0Cst  00003001 INTL 20160527)
2024-08-08T14:51:14.261854+00:00 lloyddesk kernel: ACPI: Dynamic OEM Table Load:
2024-08-08T14:51:14.261855+00:00 lloyddesk kernel: ACPI: SSDT 0xFFFF9ADBC1499800 0005E4 (v02 PmRef  Cpu0Ist  00003000 INTL 20160527)
2024-08-08T14:51:14.261855+00:00 lloyddesk kernel: ACPI: Dynamic OEM Table Load:
2024-08-08T14:51:14.261861+00:00 lloyddesk kernel: ACPI: SSDT 0xFFFF9ADBC1476600 0000FC (v02 PmRef  Cpu0Psd  00003000 INTL 20160527)
2024-08-08T14:51:14.261861+00:00 lloyddesk kernel: ACPI: Dynamic OEM Table Load:
2024-08-08T14:51:14.261862+00:00 lloyddesk kernel: ACPI: SSDT 0xFFFF9ADBC20B2400 00016C (v02 PmRef  Cpu0Hwp  00003000 INTL 20160527)
2024-08-08T14:51:14.261862+00:00 lloyddesk kernel: ACPI: Dynamic OEM Table Load:
2024-08-08T14:51:14.261863+00:00 lloyddesk kernel: ACPI: SSDT 0xFFFF9ADBC14A2000 000BEA (v02 PmRef  HwpLvt   00003000 INTL 20160527)
2024-08-08T14:51:14.261863+00:00 lloyddesk kernel: ACPI: Dynamic OEM Table Load:
2024-08-08T14:51:14.261867+00:00 lloyddesk kernel: ACPI: SSDT 0xFFFF9ADBC149D800 000778 (v02 PmRef  ApIst    00003000 INTL 20160527)
2024-08-08T14:51:14.261867+00:00 lloyddesk kernel: ACPI: Dynamic OEM Table Load:
2024-08-08T14:51:14.261868+00:00 lloyddesk kernel: ACPI: SSDT 0xFFFF9ADBC1493800 0003D7 (v02 PmRef  ApHwp    00003000 INTL 20160527)
2024-08-08T14:51:14.261868+00:00 lloyddesk kernel: ACPI: Dynamic OEM Table Load:
2024-08-08T14:51:14.261869+00:00 lloyddesk kernel: ACPI: SSDT 0xFFFF9ADBC14A0000 000D22 (v02 PmRef  ApPsd    00003000 INTL 20160527)
2024-08-08T14:51:14.261869+00:00 lloyddesk kernel: ACPI: Dynamic OEM Table Load:
2024-08-08T14:51:14.261870+00:00 lloyddesk kernel: ACPI: SSDT 0xFFFF9ADBC1495400 0003CA (v02 PmRef  ApCst    00003000 INTL 20160527)
2024-08-08T14:51:14.261872+00:00 lloyddesk kernel: ACPI: _OSC evaluated successfully for all CPUs
2024-08-08T14:51:14.261873+00:00 lloyddesk kernel: ACPI: Interpreter enabled
2024-08-08T14:51:14.261874+00:00 lloyddesk kernel: ACPI: PM: (supports S0 S3 S4 S5)
2024-08-08T14:51:14.261877+00:00 lloyddesk kernel: ACPI: Using IOAPIC for interrupt routing
2024-08-08T14:51:14.261878+00:00 lloyddesk kernel: PCI: ECAM [mem 0xe0000000-0xefffffff] (base 0xe0000000) for domain 0000 [bus 00-ff]
2024-08-08T14:51:14.261878+00:00 lloyddesk kernel: PCI: ECAM [mem 0xe0000000-0xefffffff] reserved as ACPI motherboard resource
2024-08-08T14:51:14.261881+00:00 lloyddesk kernel: PCI: Using host bridge windows from ACPI; if necessary, use "pci=nocrs" and report a bug
2024-08-08T14:51:14.261882+00:00 lloyddesk kernel: PCI: Ignoring E820 reservations for host bridge windows
2024-08-08T14:51:14.261882+00:00 lloyddesk kernel: ACPI: Enabled 8 GPEs in block 00 to 7F
2024-08-08T14:51:14.261883+00:00 lloyddesk kernel: ACPI: \_SB_.PCI0.SAT0.VOL0.V0PR: New power resource
2024-08-08T14:51:14.261883+00:00 lloyddesk kernel: ACPI: \_SB_.PCI0.SAT0.VOL1.V1PR: New power resource
2024-08-08T14:51:14.261883+00:00 lloyddesk kernel: ACPI: \_SB_.PCI0.SAT0.VOL2.V2PR: New power resource
2024-08-08T14:51:14.261886+00:00 lloyddesk kernel: ACPI: \_TZ_.FN00: New power resource
2024-08-08T14:51:14.261887+00:00 lloyddesk kernel: ACPI: \_TZ_.FN01: New power resource
2024-08-08T14:51:14.261887+00:00 lloyddesk kernel: ACPI: \_TZ_.FN02: New power resource
2024-08-08T14:51:14.261888+00:00 lloyddesk kernel: ACPI: \_TZ_.FN03: New power resource
2024-08-08T14:51:14.261888+00:00 lloyddesk kernel: ACPI: \_TZ_.FN04: New power resource
2024-08-08T14:51:14.261889+00:00 lloyddesk kernel: ACPI: \PIN_: New power resource
2024-08-08T14:51:14.261889+00:00 lloyddesk kernel: ACPI: PCI Root Bridge [PCI0] (domain 0000 [bus 00-fe])
2024-08-08T14:51:14.261892+00:00 lloyddesk kernel: acpi PNP0A08:00: _OSC: OS supports [ExtendedConfig ASPM ClockPM Segments MSI EDR HPX-Type3]
2024-08-08T14:51:14.261893+00:00 lloyddesk kernel: acpi PNP0A08:00: _OSC: platform does not support [PCIeHotplug SHPCHotplug PME]
2024-08-08T14:51:14.261893+00:00 lloyddesk kernel: acpi PNP0A08:00: _OSC: OS now controls [AER PCIeCapability LTR DPC]
2024-08-08T14:51:14.261894+00:00 lloyddesk kernel: acpi PNP0A08:00: FADT indicates ASPM is unsupported, using BIOS configuration
2024-08-08T14:51:14.261895+00:00 lloyddesk kernel: PCI host bridge to bus 0000:00
2024-08-08T14:51:14.261895+00:00 lloyddesk kernel: pci_bus 0000:00: root bus resource [io  0x0000-0x0cf7 window]
2024-08-08T14:51:14.261900+00:00 lloyddesk kernel: pci_bus 0000:00: root bus resource [io  0x0d00-0xffff window]
2024-08-08T14:51:14.261901+00:00 lloyddesk kernel: pci_bus 0000:00: root bus resource [mem 0x000a0000-0x000bffff window]
2024-08-08T14:51:14.261901+00:00 lloyddesk kernel: pci_bus 0000:00: root bus resource [mem 0x000e0000-0x000effff window]
2024-08-08T14:51:14.261902+00:00 lloyddesk kernel: pci_bus 0000:00: root bus resource [mem 0x8f800000-0xdfffffff window]
2024-08-08T14:51:14.261903+00:00 lloyddesk kernel: pci_bus 0000:00: root bus resource [mem 0x4000000000-0x7fffffffff window]
2024-08-08T14:51:14.261903+00:00 lloyddesk kernel: pci_bus 0000:00: root bus resource [mem 0xfc800000-0xfdffffff window]
2024-08-08T14:51:14.261904+00:00 lloyddesk kernel: pci_bus 0000:00: root bus resource [bus 00-fe]
2024-08-08T14:51:14.261906+00:00 lloyddesk kernel: pci 0000:00:00.0: [8086:9b43] type 00 class 0x060000 conventional PCI endpoint
2024-08-08T14:51:14.261907+00:00 lloyddesk kernel: pci 0000:00:02.0: [8086:9bc5] type 00 class 0x030000 PCIe Root Complex Integrated Endpoint
2024-08-08T14:51:14.261907+00:00 lloyddesk kernel: pci 0000:00:02.0: BAR 0 [mem 0x6000000000-0x6000ffffff 64bit]
2024-08-08T14:51:14.261907+00:00 lloyddesk kernel: pci 0000:00:02.0: BAR 2 [mem 0x4000000000-0x400fffffff 64bit pref]
2024-08-08T14:51:14.261908+00:00 lloyddesk kernel: pci 0000:00:02.0: BAR 4 [io  0x4000-0x403f]
2024-08-08T14:51:14.261908+00:00 lloyddesk kernel: pci 0000:00:02.0: Video device with shadowed ROM at [mem 0x000c0000-0x000dffff]
2024-08-08T14:51:14.261911+00:00 lloyddesk kernel: pci 0000:00:14.0: [8086:a3af] type 00 class 0x0c0330 conventional PCI endpoint
2024-08-08T14:51:14.261912+00:00 lloyddesk kernel: pci 0000:00:14.0: BAR 0 [mem 0x6001010000-0x600101ffff 64bit]
2024-08-08T14:51:14.261970+00:00 lloyddesk kernel: pci 0000:00:14.0: PME# supported from D3hot D3cold
2024-08-08T14:51:14.261970+00:00 lloyddesk kernel: pci 0000:00:16.0: [8086:a3ba] type 00 class 0x078000 conventional PCI endpoint
2024-08-08T14:51:14.261971+00:00 lloyddesk kernel: pci 0000:00:16.0: BAR 0 [mem 0x6001025000-0x6001025fff 64bit]
2024-08-08T14:51:14.261971+00:00 lloyddesk kernel: pci 0000:00:16.0: PME# supported from D3hot
2024-08-08T14:51:14.261972+00:00 lloyddesk kernel: pci 0000:00:17.0: [8086:a382] type 00 class 0x010601 conventional PCI endpoint
2024-08-08T14:51:14.261972+00:00 lloyddesk kernel: pci 0000:00:17.0: BAR 0 [mem 0x8fc04000-0x8fc05fff]
2024-08-08T14:51:14.261973+00:00 lloyddesk kernel: pci 0000:00:17.0: BAR 1 [mem 0x8fc07000-0x8fc070ff]
2024-08-08T14:51:14.261983+00:00 lloyddesk kernel: pci 0000:00:17.0: BAR 2 [io  0x4090-0x4097]
2024-08-08T14:51:14.261984+00:00 lloyddesk kernel: pci 0000:00:17.0: BAR 3 [io  0x4080-0x4083]
2024-08-08T14:51:14.261984+00:00 lloyddesk kernel: pci 0000:00:17.0: BAR 4 [io  0x4060-0x407f]
2024-08-08T14:51:14.261985+00:00 lloyddesk kernel: pci 0000:00:17.0: BAR 5 [mem 0x8fc06000-0x8fc067ff]
2024-08-08T14:51:14.261985+00:00 lloyddesk kernel: pci 0000:00:17.0: PME# supported from D3hot
2024-08-08T14:51:14.261986+00:00 lloyddesk kernel: pci 0000:00:1b.0: [8086:a3e9] type 01 class 0x060400 PCIe Root Port
2024-08-08T14:51:14.261987+00:00 lloyddesk kernel: pci 0000:00:1b.0: PCI bridge to [bus 01]
2024-08-08T14:51:14.261988+00:00 lloyddesk kernel: pci 0000:00:1b.0: PME# supported from D0 D3hot D3cold
2024-08-08T14:51:14.261988+00:00 lloyddesk kernel: pci 0000:00:1b.4: [8086:a3eb] type 01 class 0x060400 PCIe Root Port
2024-08-08T14:51:14.261989+00:00 lloyddesk kernel: pci 0000:00:1b.4: PCI bridge to [bus 02]
2024-08-08T14:51:14.261989+00:00 lloyddesk kernel: pci 0000:00:1b.4:   bridge window [mem 0x8fb00000-0x8fbfffff]
2024-08-08T14:51:14.261989+00:00 lloyddesk kernel: pci 0000:00:1b.4: PME# supported from D0 D3hot D3cold
2024-08-08T14:51:14.261990+00:00 lloyddesk kernel: pci 0000:00:1c.0: [8086:a392] type 01 class 0x060400 PCIe Root Port
2024-08-08T14:51:14.261990+00:00 lloyddesk kernel: pci 0000:00:1c.0: PCI bridge to [bus 03]
2024-08-08T14:51:14.261991+00:00 lloyddesk kernel: pci 0000:00:1c.0: PME# supported from D0 D3hot D3cold
2024-08-08T14:51:14.261991+00:00 lloyddesk kernel: pci 0000:00:1c.3: [8086:a393] type 01 class 0x060400 PCIe Root Port
2024-08-08T14:51:14.261992+00:00 lloyddesk kernel: pci 0000:00:1c.3: PCI bridge to [bus 04]
2024-08-08T14:51:14.261992+00:00 lloyddesk kernel: pci 0000:00:1c.3:   bridge window [io  0x3000-0x3fff]
2024-08-08T14:51:14.261993+00:00 lloyddesk kernel: pci 0000:00:1c.3:   bridge window [mem 0x8fa00000-0x8fafffff]
2024-08-08T14:51:14.261993+00:00 lloyddesk kernel: pci 0000:00:1c.3: PME# supported from D0 D3hot D3cold
2024-08-08T14:51:14.261994+00:00 lloyddesk kernel: pci 0000:00:1d.0: [8086:a398] type 01 class 0x060400 PCIe Root Port
2024-08-08T14:51:14.261994+00:00 lloyddesk kernel: pci 0000:00:1d.0: PCI bridge to [bus 05]
2024-08-08T14:51:14.261995+00:00 lloyddesk kernel: pci 0000:00:1d.0:   bridge window [mem 0x8f900000-0x8f9fffff]
2024-08-08T14:51:14.261995+00:00 lloyddesk kernel: pci 0000:00:1d.0: PME# supported from D0 D3hot D3cold
2024-08-08T14:51:14.261997+00:00 lloyddesk kernel: pci 0000:00:1f.0: [8086:a3c8] type 00 class 0x060100 conventional PCI endpoint
2024-08-08T14:51:14.261997+00:00 lloyddesk kernel: pci 0000:00:1f.2: [8086:a3a1] type 00 class 0x058000 conventional PCI endpoint
2024-08-08T14:51:14.261998+00:00 lloyddesk kernel: pci 0000:00:1f.2: BAR 0 [mem 0x8fc00000-0x8fc03fff]
2024-08-08T14:51:14.261998+00:00 lloyddesk kernel: pci 0000:00:1f.3: [8086:a3f0] type 00 class 0x040300 conventional PCI endpoint
2024-08-08T14:51:14.261999+00:00 lloyddesk kernel: pci 0000:00:1f.3: BAR 0 [mem 0x6001020000-0x6001023fff 64bit]
2024-08-08T14:51:14.261999+00:00 lloyddesk kernel: pci 0000:00:1f.3: BAR 4 [mem 0x6001000000-0x600100ffff 64bit]
2024-08-08T14:51:14.262000+00:00 lloyddesk kernel: pci 0000:00:1f.3: PME# supported from D3hot D3cold
2024-08-08T14:51:14.262001+00:00 lloyddesk kernel: pci 0000:00:1f.4: [8086:a3a3] type 00 class 0x0c0500 conventional PCI endpoint
2024-08-08T14:51:14.262001+00:00 lloyddesk kernel: pci 0000:00:1f.4: BAR 0 [mem 0x6001024000-0x60010240ff 64bit]
2024-08-08T14:51:14.262002+00:00 lloyddesk kernel: pci 0000:00:1f.4: BAR 4 [io  0xefa0-0xefbf]
2024-08-08T14:51:14.262002+00:00 lloyddesk kernel: acpiphp: Slot [1] registered
2024-08-08T14:51:14.262003+00:00 lloyddesk kernel: pci 0000:00:1b.0: PCI bridge to [bus 01]
2024-08-08T14:51:14.262003+00:00 lloyddesk kernel: pci 0000:02:00.0: [8086:faf0] type 00 class 0x010802 PCIe Endpoint
2024-08-08T14:51:14.262004+00:00 lloyddesk kernel: pci 0000:02:00.0: BAR 0 [mem 0x8fb00000-0x8fb03fff 64bit]
2024-08-08T14:51:14.262005+00:00 lloyddesk kernel: pci 0000:00:1b.4: PCI bridge to [bus 02]
2024-08-08T14:51:14.262005+00:00 lloyddesk kernel: acpiphp: Slot [1-1] registered
2024-08-08T14:51:14.262005+00:00 lloyddesk kernel: pci 0000:00:1c.0: PCI bridge to [bus 03]
2024-08-08T14:51:14.262006+00:00 lloyddesk kernel: pci 0000:04:00.0: [10ec:8168] type 00 class 0x020000 PCIe Endpoint
2024-08-08T14:51:14.262006+00:00 lloyddesk kernel: pci 0000:04:00.0: BAR 0 [io  0x3000-0x30ff]
2024-08-08T14:51:14.262006+00:00 lloyddesk kernel: pci 0000:04:00.0: BAR 2 [mem 0x8fa04000-0x8fa04fff 64bit]
2024-08-08T14:51:14.262006+00:00 lloyddesk kernel: pci 0000:04:00.0: BAR 4 [mem 0x8fa00000-0x8fa03fff 64bit]
2024-08-08T14:51:14.262007+00:00 lloyddesk kernel: pci 0000:04:00.0: supports D1 D2
2024-08-08T14:51:14.262008+00:00 lloyddesk kernel: pci 0000:04:00.0: PME# supported from D0 D1 D2 D3hot D3cold
2024-08-08T14:51:14.262008+00:00 lloyddesk kernel: pci 0000:00:1c.3: PCI bridge to [bus 04]
2024-08-08T14:51:14.262009+00:00 lloyddesk kernel: pci 0000:05:00.0: [144d:a808] type 00 class 0x010802 PCIe Endpoint
2024-08-08T14:51:14.262009+00:00 lloyddesk kernel: pci 0000:05:00.0: BAR 0 [mem 0x8f900000-0x8f903fff 64bit]
2024-08-08T14:51:14.262010+00:00 lloyddesk kernel: pci 0000:00:1d.0: PCI bridge to [bus 05]
2024-08-08T14:51:14.262010+00:00 lloyddesk kernel: ACPI: PCI: Interrupt link LNKA configured for IRQ 0
2024-08-08T14:51:14.262010+00:00 lloyddesk kernel: ACPI: PCI: Interrupt link LNKB configured for IRQ 1
2024-08-08T14:51:14.262010+00:00 lloyddesk kernel: ACPI: PCI: Interrupt link LNKC configured for IRQ 0
2024-08-08T14:51:14.262011+00:00 lloyddesk kernel: ACPI: PCI: Interrupt link LNKD configured for IRQ 0
2024-08-08T14:51:14.262011+00:00 lloyddesk kernel: ACPI: PCI: Interrupt link LNKE configured for IRQ 0
2024-08-08T14:51:14.262012+00:00 lloyddesk kernel: ACPI: PCI: Interrupt link LNKF configured for IRQ 0
2024-08-08T14:51:14.262012+00:00 lloyddesk kernel: ACPI: PCI: Interrupt link LNKG configured for IRQ 0
2024-08-08T14:51:14.262013+00:00 lloyddesk kernel: ACPI: PCI: Interrupt link LNKH configured for IRQ 0
2024-08-08T14:51:14.262013+00:00 lloyddesk kernel: iommu: Default domain type: Translated
2024-08-08T14:51:14.262013+00:00 lloyddesk kernel: iommu: DMA domain TLB invalidation policy: lazy mode
2024-08-08T14:51:14.262014+00:00 lloyddesk kernel: SCSI subsystem initialized
2024-08-08T14:51:14.262014+00:00 lloyddesk kernel: libata version 3.00 loaded.
2024-08-08T14:51:14.262014+00:00 lloyddesk kernel: ACPI: bus type USB registered
2024-08-08T14:51:14.262015+00:00 lloyddesk kernel: usbcore: registered new interface driver usbfs
2024-08-08T14:51:14.262015+00:00 lloyddesk kernel: usbcore: registered new interface driver hub
2024-08-08T14:51:14.262016+00:00 lloyddesk kernel: usbcore: registered new device driver usb
2024-08-08T14:51:14.262016+00:00 lloyddesk kernel: pps_core: LinuxPPS API ver. 1 registered
2024-08-08T14:51:14.262017+00:00 lloyddesk kernel: pps_core: Software ver. 5.3.6 - Copyright 2005-2007 Rodolfo Giometti <giometti@linux.it>
2024-08-08T14:51:14.262017+00:00 lloyddesk kernel: PTP clock support registered
2024-08-08T14:51:14.262017+00:00 lloyddesk kernel: EDAC MC: Ver: 3.0.0
2024-08-08T14:51:14.262018+00:00 lloyddesk kernel: efivars: Registered efivars operations
2024-08-08T14:51:14.262018+00:00 lloyddesk kernel: NetLabel: Initializing
2024-08-08T14:51:14.262019+00:00 lloyddesk kernel: NetLabel:  domain hash size = 128
2024-08-08T14:51:14.262020+00:00 lloyddesk kernel: NetLabel:  protocols = UNLABELED CIPSOv4 CALIPSO
2024-08-08T14:51:14.262020+00:00 lloyddesk kernel: NetLabel:  unlabeled traffic allowed by default
2024-08-08T14:51:14.262020+00:00 lloyddesk kernel: mctp: management component transport protocol core
2024-08-08T14:51:14.262020+00:00 lloyddesk kernel: NET: Registered PF_MCTP protocol family
2024-08-08T14:51:14.262021+00:00 lloyddesk kernel: PCI: Using ACPI for IRQ routing
2024-08-08T14:51:14.262021+00:00 lloyddesk kernel: PCI: pci_cache_line_size set to 64 bytes
2024-08-08T14:51:14.262022+00:00 lloyddesk kernel: e820: reserve RAM buffer [mem 0x0009e000-0x0009ffff]
2024-08-08T14:51:14.262022+00:00 lloyddesk kernel: e820: reserve RAM buffer [mem 0x6b12b000-0x6bffffff]
2024-08-08T14:51:14.262022+00:00 lloyddesk kernel: e820: reserve RAM buffer [mem 0x6cc8d000-0x6fffffff]
2024-08-08T14:51:14.262023+00:00 lloyddesk kernel: e820: reserve RAM buffer [mem 0x798e3018-0x7bffffff]
2024-08-08T14:51:14.262023+00:00 lloyddesk kernel: e820: reserve RAM buffer [mem 0x7a748000-0x7bffffff]
2024-08-08T14:51:14.262023+00:00 lloyddesk kernel: e820: reserve RAM buffer [mem 0x7a770000-0x7bffffff]
2024-08-08T14:51:14.262024+00:00 lloyddesk kernel: e820: reserve RAM buffer [mem 0x856f6000-0x87ffffff]
2024-08-08T14:51:14.262024+00:00 lloyddesk kernel: e820: reserve RAM buffer [mem 0x87364000-0x87ffffff]
2024-08-08T14:51:14.262025+00:00 lloyddesk kernel: e820: reserve RAM buffer [mem 0x89fff000-0x8bffffff]
2024-08-08T14:51:14.262026+00:00 lloyddesk kernel: e820: reserve RAM buffer [mem 0x26f800000-0x26fffffff]
2024-08-08T14:51:14.262026+00:00 lloyddesk kernel: pci 0000:00:02.0: vgaarb: setting as boot VGA device
2024-08-08T14:51:14.262026+00:00 lloyddesk kernel: pci 0000:00:02.0: vgaarb: bridge control possible
2024-08-08T14:51:14.262026+00:00 lloyddesk kernel: pci 0000:00:02.0: vgaarb: VGA device added: decodes=io+mem,owns=io+mem,locks=none
2024-08-08T14:51:14.262027+00:00 lloyddesk kernel: vgaarb: loaded
2024-08-08T14:51:14.262027+00:00 lloyddesk kernel: hpet0: at MMIO 0xfed00000, IRQs 2, 8, 0, 0, 0, 0, 0, 0
2024-08-08T14:51:14.262027+00:00 lloyddesk kernel: hpet0: 8 comparators, 64-bit 24.000000 MHz counter
2024-08-08T14:51:14.262028+00:00 lloyddesk kernel: clocksource: Switched to clocksource tsc-early
2024-08-08T14:51:14.262028+00:00 lloyddesk kernel: VFS: Disk quotas dquot_6.6.0
2024-08-08T14:51:14.262029+00:00 lloyddesk kernel: VFS: Dquot-cache hash table entries: 512 (order 0, 4096 bytes)
2024-08-08T14:51:14.262029+00:00 lloyddesk kernel: AppArmor: AppArmor Filesystem Enabled
2024-08-08T14:51:14.262029+00:00 lloyddesk kernel: pnp: PnP ACPI init
2024-08-08T14:51:14.262030+00:00 lloyddesk kernel: system 00:00: [io  0x0290-0x029f] has been reserved
2024-08-08T14:51:14.262030+00:00 lloyddesk kernel: pnp 00:01: [dma 0 disabled]
2024-08-08T14:51:14.262030+00:00 lloyddesk kernel: pnp 00:02: [dma 0 disabled]
2024-08-08T14:51:14.262031+00:00 lloyddesk kernel: system 00:03: [io  0x0680-0x069f] has been reserved
2024-08-08T14:51:14.262031+00:00 lloyddesk kernel: system 00:04: [io  0x1854-0x1857] has been reserved
2024-08-08T14:51:14.262031+00:00 lloyddesk kernel: system 00:05: [mem 0xfd000000-0xfdabffff] has been reserved
2024-08-08T14:51:14.262032+00:00 lloyddesk kernel: system 00:05: [mem 0xfdad0000-0xfdadffff] has been reserved
2024-08-08T14:51:14.262032+00:00 lloyddesk kernel: system 00:05: [mem 0xfdac0000-0xfdacffff] has been reserved
2024-08-08T14:51:14.262032+00:00 lloyddesk kernel: system 00:05: [mem 0xfdae0000-0xfdaeffff] has been reserved
2024-08-08T14:51:14.262061+00:00 lloyddesk kernel: system 00:05: [mem 0xfdaf0000-0xfdafffff] has been reserved
2024-08-08T14:51:14.262062+00:00 lloyddesk kernel: system 00:05: [mem 0xfdb00000-0xfdffffff] has been reserved
2024-08-08T14:51:14.262062+00:00 lloyddesk kernel: system 00:05: [mem 0xfe000000-0xfe01ffff] could not be reserved
2024-08-08T14:51:14.262062+00:00 lloyddesk kernel: system 00:05: [mem 0xfe036000-0xfe03bfff] has been reserved
2024-08-08T14:51:14.262063+00:00 lloyddesk kernel: system 00:05: [mem 0xfe03d000-0xfe3fffff] has been reserved
2024-08-08T14:51:14.262063+00:00 lloyddesk kernel: system 00:05: [mem 0xfe410000-0xfe7fffff] has been reserved
2024-08-08T14:51:14.262063+00:00 lloyddesk kernel: system 00:06: [io  0x2000-0x20fe] has been reserved
2024-08-08T14:51:14.262064+00:00 lloyddesk kernel: system 00:07: [mem 0xfed10000-0xfed17fff] has been reserved
2024-08-08T14:51:14.262064+00:00 lloyddesk kernel: system 00:07: [mem 0xfed18000-0xfed18fff] has been reserved
2024-08-08T14:51:14.262064+00:00 lloyddesk kernel: system 00:07: [mem 0xfed19000-0xfed19fff] has been reserved
2024-08-08T14:51:14.262065+00:00 lloyddesk kernel: system 00:07: [mem 0xe0000000-0xefffffff] has been reserved
2024-08-08T14:51:14.262065+00:00 lloyddesk kernel: system 00:07: [mem 0xfed20000-0xfed3ffff] has been reserved
2024-08-08T14:51:14.262066+00:00 lloyddesk kernel: system 00:07: [mem 0xfed90000-0xfed93fff] has been reserved
2024-08-08T14:51:14.262067+00:00 lloyddesk kernel: system 00:07: [mem 0xfed45000-0xfed8ffff] has been reserved
2024-08-08T14:51:14.262067+00:00 lloyddesk kernel: system 00:07: [mem 0xfee00000-0xfeefffff] could not be reserved
2024-08-08T14:51:14.262067+00:00 lloyddesk kernel: system 00:08: [mem 0xfe038000-0xfe038fff] has been reserved
2024-08-08T14:51:14.262067+00:00 lloyddesk kernel: pnp: PnP ACPI: found 9 devices
2024-08-08T14:51:14.262068+00:00 lloyddesk kernel: clocksource: acpi_pm: mask: 0xffffff max_cycles: 0xffffff, max_idle_ns: 2085701024 ns
2024-08-08T14:51:14.262068+00:00 lloyddesk kernel: pci 0000:00:1f.1: [8086:a3a0] type 00 class 0x058000 conventional PCI endpoint
2024-08-08T14:51:14.262068+00:00 lloyddesk kernel: pci 0000:00:1f.1: BAR 0 [mem 0xfd000000-0xfdffffff 64bit]
2024-08-08T14:51:14.262069+00:00 lloyddesk kernel: NET: Registered PF_INET protocol family
2024-08-08T14:51:14.262070+00:00 lloyddesk kernel: IP idents hash table entries: 131072 (order: 8, 1048576 bytes, linear)
2024-08-08T14:51:14.262070+00:00 lloyddesk kernel: tcp_listen_portaddr_hash hash table entries: 4096 (order: 4, 65536 bytes, linear)
2024-08-08T14:51:14.262070+00:00 lloyddesk kernel: Table-perturb hash table entries: 65536 (order: 6, 262144 bytes, linear)
2024-08-08T14:51:14.262071+00:00 lloyddesk kernel: TCP established hash table entries: 65536 (order: 7, 524288 bytes, linear)
2024-08-08T14:51:14.262071+00:00 lloyddesk kernel: TCP bind hash table entries: 65536 (order: 9, 2097152 bytes, linear)
2024-08-08T14:51:14.262071+00:00 lloyddesk kernel: TCP: Hash tables configured (established 65536 bind 65536)
2024-08-08T14:51:14.262072+00:00 lloyddesk kernel: MPTCP token hash table entries: 8192 (order: 5, 196608 bytes, linear)
2024-08-08T14:51:14.262072+00:00 lloyddesk kernel: UDP hash table entries: 4096 (order: 5, 131072 bytes, linear)
2024-08-08T14:51:14.262072+00:00 lloyddesk kernel: UDP-Lite hash table entries: 4096 (order: 5, 131072 bytes, linear)
2024-08-08T14:51:14.262073+00:00 lloyddesk kernel: NET: Registered PF_UNIX/PF_LOCAL protocol family
2024-08-08T14:51:14.262073+00:00 lloyddesk kernel: NET: Registered PF_XDP protocol family
2024-08-08T14:51:14.262073+00:00 lloyddesk kernel: pci 0000:00:1b.0: bridge window [io  0x1000-0x0fff] to [bus 01] add_size 1000
2024-08-08T14:51:14.262074+00:00 lloyddesk kernel: pci 0000:00:1b.0: bridge window [mem 0x00100000-0x000fffff 64bit pref] to [bus 01] add_size 200000 add_align 100000
2024-08-08T14:51:14.262074+00:00 lloyddesk kernel: pci 0000:00:1b.0: bridge window [mem 0x00100000-0x000fffff] to [bus 01] add_size 200000 add_align 100000
2024-08-08T14:51:14.262075+00:00 lloyddesk kernel: pci 0000:00:1c.0: bridge window [io  0x1000-0x0fff] to [bus 03] add_size 1000
2024-08-08T14:51:14.262076+00:00 lloyddesk kernel: pci 0000:00:1c.0: bridge window [mem 0x00100000-0x000fffff 64bit pref] to [bus 03] add_size 200000 add_align 100000
2024-08-08T14:51:14.262076+00:00 lloyddesk kernel: pci 0000:00:1c.0: bridge window [mem 0x00100000-0x000fffff] to [bus 03] add_size 200000 add_align 100000
2024-08-08T14:51:14.262076+00:00 lloyddesk kernel: pci 0000:00:1b.0: bridge window [mem 0x8fd00000-0x8fefffff]: assigned
2024-08-08T14:51:14.262077+00:00 lloyddesk kernel: pci 0000:00:1b.0: bridge window [mem 0x4010000000-0x40101fffff 64bit pref]: assigned
2024-08-08T14:51:14.262077+00:00 lloyddesk kernel: pci 0000:00:1c.0: bridge window [mem 0x8ff00000-0x900fffff]: assigned
2024-08-08T14:51:14.262077+00:00 lloyddesk kernel: pci 0000:00:1c.0: bridge window [mem 0x4010200000-0x40103fffff 64bit pref]: assigned
2024-08-08T14:51:14.262082+00:00 lloyddesk kernel: pci 0000:00:1b.0: bridge window [io  0x5000-0x5fff]: assigned
2024-08-08T14:51:14.262082+00:00 lloyddesk kernel: pci 0000:00:1c.0: bridge window [io  0x6000-0x6fff]: assigned
2024-08-08T14:51:14.262083+00:00 lloyddesk kernel: pci 0000:00:1b.0: PCI bridge to [bus 01]
2024-08-08T14:51:14.262083+00:00 lloyddesk kernel: pci 0000:00:1b.0:   bridge window [io  0x5000-0x5fff]
2024-08-08T14:51:14.262083+00:00 lloyddesk kernel: pci 0000:00:1b.0:   bridge window [mem 0x8fd00000-0x8fefffff]
2024-08-08T14:51:14.262084+00:00 lloyddesk kernel: pci 0000:00:1b.0:   bridge window [mem 0x4010000000-0x40101fffff 64bit pref]
2024-08-08T14:51:14.262084+00:00 lloyddesk kernel: pci 0000:00:1b.4: PCI bridge to [bus 02]
2024-08-08T14:51:14.262086+00:00 lloyddesk kernel: pci 0000:00:1b.4:   bridge window [mem 0x8fb00000-0x8fbfffff]
2024-08-08T14:51:14.262087+00:00 lloyddesk kernel: pci 0000:00:1c.0: PCI bridge to [bus 03]
2024-08-08T14:51:14.262088+00:00 lloyddesk kernel: pci 0000:00:1c.0:   bridge window [io  0x6000-0x6fff]
2024-08-08T14:51:14.262088+00:00 lloyddesk kernel: pci 0000:00:1c.0:   bridge window [mem 0x8ff00000-0x900fffff]
2024-08-08T14:51:14.262089+00:00 lloyddesk kernel: pci 0000:00:1c.0:   bridge window [mem 0x4010200000-0x40103fffff 64bit pref]
2024-08-08T14:51:14.262089+00:00 lloyddesk kernel: pci 0000:00:1c.3: PCI bridge to [bus 04]
2024-08-08T14:51:14.262091+00:00 lloyddesk kernel: pci 0000:00:1c.3:   bridge window [io  0x3000-0x3fff]
2024-08-08T14:51:14.262091+00:00 lloyddesk kernel: pci 0000:00:1c.3:   bridge window [mem 0x8fa00000-0x8fafffff]
2024-08-08T14:51:14.262092+00:00 lloyddesk kernel: pci 0000:00:1d.0: PCI bridge to [bus 05]
2024-08-08T14:51:14.262092+00:00 lloyddesk kernel: pci 0000:00:1d.0:   bridge window [mem 0x8f900000-0x8f9fffff]
2024-08-08T14:51:14.262092+00:00 lloyddesk kernel: pci_bus 0000:00: resource 4 [io  0x0000-0x0cf7 window]
2024-08-08T14:51:14.262093+00:00 lloyddesk kernel: pci_bus 0000:00: resource 5 [io  0x0d00-0xffff window]
2024-08-08T14:51:14.262093+00:00 lloyddesk kernel: pci_bus 0000:00: resource 6 [mem 0x000a0000-0x000bffff window]
2024-08-08T14:51:14.262095+00:00 lloyddesk kernel: pci_bus 0000:00: resource 7 [mem 0x000e0000-0x000effff window]
2024-08-08T14:51:14.262095+00:00 lloyddesk kernel: pci_bus 0000:00: resource 8 [mem 0x8f800000-0xdfffffff window]
2024-08-08T14:51:14.262096+00:00 lloyddesk kernel: pci_bus 0000:00: resource 9 [mem 0x4000000000-0x7fffffffff window]
2024-08-08T14:51:14.262096+00:00 lloyddesk kernel: pci_bus 0000:00: resource 10 [mem 0xfc800000-0xfdffffff window]
2024-08-08T14:51:14.262096+00:00 lloyddesk kernel: pci_bus 0000:01: resource 0 [io  0x5000-0x5fff]
2024-08-08T14:51:14.262097+00:00 lloyddesk kernel: pci_bus 0000:01: resource 1 [mem 0x8fd00000-0x8fefffff]
2024-08-08T14:51:14.262099+00:00 lloyddesk kernel: pci_bus 0000:01: resource 2 [mem 0x4010000000-0x40101fffff 64bit pref]
2024-08-08T14:51:14.262100+00:00 lloyddesk kernel: pci_bus 0000:02: resource 1 [mem 0x8fb00000-0x8fbfffff]
2024-08-08T14:51:14.262100+00:00 lloyddesk kernel: pci_bus 0000:03: resource 0 [io  0x6000-0x6fff]
2024-08-08T14:51:14.262100+00:00 lloyddesk kernel: pci_bus 0000:03: resource 1 [mem 0x8ff00000-0x900fffff]
2024-08-08T14:51:14.262101+00:00 lloyddesk kernel: pci_bus 0000:03: resource 2 [mem 0x4010200000-0x40103fffff 64bit pref]
2024-08-08T14:51:14.262101+00:00 lloyddesk kernel: pci_bus 0000:04: resource 0 [io  0x3000-0x3fff]
2024-08-08T14:51:14.262103+00:00 lloyddesk kernel: pci_bus 0000:04: resource 1 [mem 0x8fa00000-0x8fafffff]
2024-08-08T14:51:14.262103+00:00 lloyddesk kernel: pci_bus 0000:05: resource 1 [mem 0x8f900000-0x8f9fffff]
2024-08-08T14:51:14.262103+00:00 lloyddesk kernel: PCI: CLS 64 bytes, default 64
2024-08-08T14:51:14.262104+00:00 lloyddesk kernel: PCI-DMA: Using software bounce buffering for IO (SWIOTLB)
2024-08-08T14:51:14.262105+00:00 lloyddesk kernel: software IO TLB: mapped [mem 0x000000007ed2e000-0x0000000082d2e000] (64MB)
2024-08-08T14:51:14.262105+00:00 lloyddesk kernel: Trying to unpack rootfs image as initramfs...
2024-08-08T14:51:14.262105+00:00 lloyddesk kernel: platform rtc_cmos: registered platform RTC device (no PNP device found)
2024-08-08T14:51:14.262107+00:00 lloyddesk kernel: Initialise system trusted keyrings
2024-08-08T14:51:14.262108+00:00 lloyddesk kernel: Key type blacklist registered
2024-08-08T14:51:14.262109+00:00 lloyddesk kernel: workingset: timestamp_bits=36 max_order=21 bucket_order=0
2024-08-08T14:51:14.262109+00:00 lloyddesk kernel: zbud: loaded
2024-08-08T14:51:14.262109+00:00 lloyddesk kernel: squashfs: version 4.0 (2009/01/31) Phillip Lougher
2024-08-08T14:51:14.262109+00:00 lloyddesk kernel: fuse: init (API version 7.39)
2024-08-08T14:51:14.262111+00:00 lloyddesk kernel: integrity: Platform Keyring initialized
2024-08-08T14:51:14.262112+00:00 lloyddesk kernel: integrity: Machine keyring initialized
2024-08-08T14:51:14.262112+00:00 lloyddesk kernel: Key type asymmetric registered
2024-08-08T14:51:14.262112+00:00 lloyddesk kernel: Asymmetric key parser 'x509' registered
2024-08-08T14:51:14.262113+00:00 lloyddesk kernel: Block layer SCSI generic (bsg) driver version 0.4 loaded (major 243)
2024-08-08T14:51:14.262113+00:00 lloyddesk kernel: io scheduler mq-deadline registered
2024-08-08T14:51:14.262113+00:00 lloyddesk kernel: pcieport 0000:00:1b.4: AER: enabled with IRQ 121
2024-08-08T14:51:14.262115+00:00 lloyddesk kernel: pcieport 0000:00:1c.3: AER: enabled with IRQ 123
2024-08-08T14:51:14.262116+00:00 lloyddesk kernel: pcieport 0000:00:1d.0: AER: enabled with IRQ 124
2024-08-08T14:51:14.262116+00:00 lloyddesk kernel: shpchp: Standard Hot Plug PCI Controller Driver version: 0.4
2024-08-08T14:51:14.262116+00:00 lloyddesk kernel: Monitor-Mwait will be used to enter C-1 state
2024-08-08T14:51:14.262116+00:00 lloyddesk kernel: Monitor-Mwait will be used to enter C-2 state
2024-08-08T14:51:14.262117+00:00 lloyddesk kernel: Monitor-Mwait will be used to enter C-3 state
2024-08-08T14:51:14.262118+00:00 lloyddesk kernel: ACPI: \_SB_.PR00: Found 3 idle states
2024-08-08T14:51:14.262119+00:00 lloyddesk kernel: input: Sleep Button as /devices/LNXSYSTM:00/LNXSYBUS:00/PNP0C0E:00/input/input0
2024-08-08T14:51:14.262119+00:00 lloyddesk kernel: ACPI: button: Sleep Button [SLPB]
2024-08-08T14:51:14.262119+00:00 lloyddesk kernel: input: Power Button as /devices/LNXSYSTM:00/LNXSYBUS:00/PNP0C0C:00/input/input1
2024-08-08T14:51:14.262120+00:00 lloyddesk kernel: ACPI: button: Power Button [PWRB]
2024-08-08T14:51:14.262149+00:00 lloyddesk kernel: input: Power Button as /devices/LNXSYSTM:00/LNXPWRBN:00/input/input2
2024-08-08T14:51:14.262151+00:00 lloyddesk kernel: ACPI: button: Power Button [PWRF]
2024-08-08T14:51:14.262152+00:00 lloyddesk kernel: thermal LNXTHERM:00: registered as thermal_zone0
2024-08-08T14:51:14.262152+00:00 lloyddesk kernel: ACPI: thermal: Thermal Zone [TZ00] (28 C)
2024-08-08T14:51:14.262152+00:00 lloyddesk kernel: Serial: 8250/16550 driver, 32 ports, IRQ sharing enabled
2024-08-08T14:51:14.262152+00:00 lloyddesk kernel: 00:02: ttyS0 at I/O 0x3f8 (irq = 4, base_baud = 115200) is a 16550A
2024-08-08T14:51:14.262153+00:00 lloyddesk kernel: Linux agpgart interface v0.103
2024-08-08T14:51:14.262153+00:00 lloyddesk kernel: loop: module loaded
2024-08-08T14:51:14.262179+00:00 lloyddesk kernel: ACPI: bus type drm_connector registered
2024-08-08T14:51:14.262179+00:00 lloyddesk kernel: tun: Universal TUN/TAP device driver, 1.6
2024-08-08T14:51:14.262180+00:00 lloyddesk kernel: PPP generic driver version 2.4.2
2024-08-08T14:51:14.262180+00:00 lloyddesk kernel: i8042: PNP: No PS/2 controller found.
2024-08-08T14:51:14.262180+00:00 lloyddesk kernel: mousedev: PS/2 mouse device common for all mice
2024-08-08T14:51:14.262181+00:00 lloyddesk kernel: rtc_cmos rtc_cmos: RTC can wake from S4
2024-08-08T14:51:14.262181+00:00 lloyddesk kernel: rtc_cmos rtc_cmos: registered as rtc0
2024-08-08T14:51:14.262181+00:00 lloyddesk kernel: rtc_cmos rtc_cmos: setting system clock to 2020-01-01T01:07:27 UTC (1577840847)
2024-08-08T14:51:14.262181+00:00 lloyddesk kernel: rtc_cmos rtc_cmos: alarms up to one month, y3k, 114 bytes nvram
2024-08-08T14:51:14.262182+00:00 lloyddesk kernel: i2c_dev: i2c /dev entries driver
2024-08-08T14:51:14.262183+00:00 lloyddesk kernel: device-mapper: core: CONFIG_IMA_DISABLE_HTABLE is disabled. Duplicate IMA measurements will not be recorded in the IMA log.
2024-08-08T14:51:14.262183+00:00 lloyddesk kernel: device-mapper: uevent: version 1.0.3
2024-08-08T14:51:14.262184+00:00 lloyddesk kernel: device-mapper: ioctl: 4.48.0-ioctl (2023-03-01) initialised: dm-devel@redhat.com
2024-08-08T14:51:14.262184+00:00 lloyddesk kernel: platform eisa.0: Probing EISA bus 0
2024-08-08T14:51:14.262184+00:00 lloyddesk kernel: platform eisa.0: EISA: Cannot allocate resource for mainboard
2024-08-08T14:51:14.262185+00:00 lloyddesk kernel: platform eisa.0: Cannot allocate resource for EISA slot 1
2024-08-08T14:51:14.262185+00:00 lloyddesk kernel: platform eisa.0: Cannot allocate resource for EISA slot 2
2024-08-08T14:51:14.262185+00:00 lloyddesk kernel: platform eisa.0: Cannot allocate resource for EISA slot 3
2024-08-08T14:51:14.262186+00:00 lloyddesk kernel: platform eisa.0: Cannot allocate resource for EISA slot 4
2024-08-08T14:51:14.262186+00:00 lloyddesk kernel: platform eisa.0: Cannot allocate resource for EISA slot 5
2024-08-08T14:51:14.262186+00:00 lloyddesk kernel: platform eisa.0: Cannot allocate resource for EISA slot 6
2024-08-08T14:51:14.262187+00:00 lloyddesk kernel: platform eisa.0: Cannot allocate resource for EISA slot 7
2024-08-08T14:51:14.262187+00:00 lloyddesk kernel: platform eisa.0: Cannot allocate resource for EISA slot 8
2024-08-08T14:51:14.262187+00:00 lloyddesk kernel: platform eisa.0: EISA: Detected 0 cards
2024-08-08T14:51:14.262188+00:00 lloyddesk kernel: intel_pstate: Intel P-state driver initializing
2024-08-08T14:51:14.262188+00:00 lloyddesk kernel: intel_pstate: HWP enabled
2024-08-08T14:51:14.262189+00:00 lloyddesk kernel: ledtrig-cpu: registered to indicate activity on CPUs
2024-08-08T14:51:14.262189+00:00 lloyddesk kernel: [drm] Initialized simpledrm 1.0.0 20200625 for simple-framebuffer.0 on minor 0
2024-08-08T14:51:14.262190+00:00 lloyddesk kernel: fbcon: Deferring console take-over
2024-08-08T14:51:14.262190+00:00 lloyddesk kernel: simple-framebuffer simple-framebuffer.0: [drm] fb0: simpledrmdrmfb frame buffer device
2024-08-08T14:51:14.262190+00:00 lloyddesk kernel: drop_monitor: Initializing network drop monitor service
2024-08-08T14:51:14.262191+00:00 lloyddesk kernel: NET: Registered PF_INET6 protocol family
2024-08-08T14:51:14.262191+00:00 lloyddesk kernel: Freeing initrd memory: 69900K
2024-08-08T14:51:14.262192+00:00 lloyddesk kernel: Segment Routing with IPv6
2024-08-08T14:51:14.262192+00:00 lloyddesk kernel: In-situ OAM (IOAM) with IPv6
2024-08-08T14:51:14.262192+00:00 lloyddesk kernel: NET: Registered PF_PACKET protocol family
2024-08-08T14:51:14.262193+00:00 lloyddesk kernel: Key type dns_resolver registered
2024-08-08T14:51:14.262193+00:00 lloyddesk kernel: ENERGY_PERF_BIAS: Set to 'normal', was 'performance'
2024-08-08T14:51:14.262194+00:00 lloyddesk kernel: microcode: Current revision: 0x00000100
2024-08-08T14:51:14.262194+00:00 lloyddesk kernel: IPI shorthand broadcast: enabled
2024-08-08T14:51:14.262195+00:00 lloyddesk kernel: sched_clock: Marking stable (464000952, 3598978)->(507197990, -39598060)
2024-08-08T14:51:14.262195+00:00 lloyddesk kernel: registered taskstats version 1
2024-08-08T14:51:14.262196+00:00 lloyddesk kernel: Loading compiled-in X.509 certificates
2024-08-08T14:51:14.262196+00:00 lloyddesk kernel: Loaded X.509 cert 'Build time autogenerated kernel key: d20b288af354b2a30a8094f4881ca576c390e95f'
2024-08-08T14:51:14.262196+00:00 lloyddesk kernel: Loaded X.509 cert 'Canonical Ltd. Live Patch Signing: 14df34d1a87cf37625abec039ef2bf521249b969'
2024-08-08T14:51:14.262197+00:00 lloyddesk kernel: Loaded X.509 cert 'Canonical Ltd. Kernel Module Signing: 88f752e560a1e0737e31163a466ad7b70a850c19'
2024-08-08T14:51:14.262197+00:00 lloyddesk kernel: blacklist: Loading compiled-in revocation X.509 certificates
2024-08-08T14:51:14.262198+00:00 lloyddesk kernel: Loaded X.509 cert 'Canonical Ltd. Secure Boot Signing: 61482aa2830d0ab2ad5af10b7250da9033ddcef0'
2024-08-08T14:51:14.262198+00:00 lloyddesk kernel: Loaded X.509 cert 'Canonical Ltd. Secure Boot Signing (2017): 242ade75ac4a15e50d50c84b0d45ff3eae707a03'
2024-08-08T14:51:14.262199+00:00 lloyddesk kernel: Loaded X.509 cert 'Canonical Ltd. Secure Boot Signing (ESM 2018): 365188c1d374d6b07c3c8f240f8ef722433d6a8b'
2024-08-08T14:51:14.262199+00:00 lloyddesk kernel: Loaded X.509 cert 'Canonical Ltd. Secure Boot Signing (2019): c0746fd6c5da3ae827864651ad66ae47fe24b3e8'
2024-08-08T14:51:14.262199+00:00 lloyddesk kernel: Loaded X.509 cert 'Canonical Ltd. Secure Boot Signing (2021 v1): a8d54bbb3825cfb94fa13c9f8a594a195c107b8d'
2024-08-08T14:51:14.262200+00:00 lloyddesk kernel: Loaded X.509 cert 'Canonical Ltd. Secure Boot Signing (2021 v2): 4cf046892d6fd3c9a5b03f98d845f90851dc6a8c'
2024-08-08T14:51:14.262200+00:00 lloyddesk kernel: Loaded X.509 cert 'Canonical Ltd. Secure Boot Signing (2021 v3): 100437bb6de6e469b581e61cd66bce3ef4ed53af'
2024-08-08T14:51:14.262201+00:00 lloyddesk kernel: Loaded X.509 cert 'Canonical Ltd. Secure Boot Signing (Ubuntu Core 2019): c1d57b8f6b743f23ee41f4f7ee292f06eecadfb9'
2024-08-08T14:51:14.262201+00:00 lloyddesk kernel: Key type .fscrypt registered
2024-08-08T14:51:14.262201+00:00 lloyddesk kernel: Key type fscrypt-provisioning registered
2024-08-08T14:51:14.262202+00:00 lloyddesk kernel: Key type trusted registered
2024-08-08T14:51:14.262202+00:00 lloyddesk kernel: cryptd: max_cpu_qlen set to 1000
2024-08-08T14:51:14.262203+00:00 lloyddesk kernel: AVX2 version of gcm_enc/dec engaged.
2024-08-08T14:51:14.262203+00:00 lloyddesk kernel: AES CTR mode by8 optimization enabled
2024-08-08T14:51:14.262204+00:00 lloyddesk kernel: Key type encrypted registered
2024-08-08T14:51:14.262204+00:00 lloyddesk kernel: AppArmor: AppArmor sha256 policy hashing enabled
2024-08-08T14:51:14.262204+00:00 lloyddesk kernel: integrity: Loading X.509 certificate: UEFI:db
2024-08-08T14:51:14.262205+00:00 lloyddesk kernel: integrity: Loaded X.509 cert 'ASUSTeK MotherBoard SW Key Certificate: da83b990422ebc8c441f8d8b039a65a2'
2024-08-08T14:51:14.262205+00:00 lloyddesk kernel: integrity: Loading X.509 certificate: UEFI:db
2024-08-08T14:51:14.262205+00:00 lloyddesk kernel: integrity: Loaded X.509 cert 'ASUSTeK Notebook SW Key Certificate: b8e581e4df77a5bb4282d5ccfc00c071'
2024-08-08T14:51:14.262206+00:00 lloyddesk kernel: integrity: Loading X.509 certificate: UEFI:db
2024-08-08T14:51:14.262206+00:00 lloyddesk kernel: integrity: Loaded X.509 cert 'Microsoft Corporation UEFI CA 2011: 13adbf4309bd82709c8cd54f316ed522988a1bd4'
2024-08-08T14:51:14.262207+00:00 lloyddesk kernel: integrity: Loading X.509 certificate: UEFI:db
2024-08-08T14:51:14.262207+00:00 lloyddesk kernel: integrity: Loaded X.509 cert 'Microsoft Windows Production PCA 2011: a92902398e16c49778cd90f99e4f9ae17c55af53'
2024-08-08T14:51:14.262208+00:00 lloyddesk kernel: integrity: Loading X.509 certificate: UEFI:db
2024-08-08T14:51:14.262208+00:00 lloyddesk kernel: integrity: Loaded X.509 cert 'Microsoft Option ROM UEFI CA 2023: 514fbf937fa46fb57bf07af8bed84b3b864b1711'
2024-08-08T14:51:14.262208+00:00 lloyddesk kernel: integrity: Loading X.509 certificate: UEFI:db
2024-08-08T14:51:14.262209+00:00 lloyddesk kernel: integrity: Loaded X.509 cert 'Microsoft UEFI CA 2023: 81aa6b3244c935bce0d6628af39827421e32497d'
2024-08-08T14:51:14.262209+00:00 lloyddesk kernel: integrity: Loading X.509 certificate: UEFI:db
2024-08-08T14:51:14.262209+00:00 lloyddesk kernel: integrity: Loaded X.509 cert 'Microsoft Corporation: Windows UEFI CA 2023: aefc5fbbbe055d8f8daa585473499417ab5a5272'
2024-08-08T14:51:14.262210+00:00 lloyddesk kernel: integrity: Loading X.509 certificate: UEFI:MokListRT (MOKvar table)
2024-08-08T14:51:14.262210+00:00 lloyddesk kernel: integrity: Loaded X.509 cert 'Canonical Ltd. Master Certificate Authority: ad91990bc22ab1f517048c23b6655a268e345a63'
2024-08-08T14:51:14.262210+00:00 lloyddesk kernel: integrity: Loading X.509 certificate: UEFI:MokListRT (MOKvar table)
2024-08-08T14:51:14.262211+00:00 lloyddesk kernel: integrity: Loaded X.509 cert 'grub: d939395cda059c19a699c85f3856d023be259007'
2024-08-08T14:51:14.262211+00:00 lloyddesk kernel: Loading compiled-in module X.509 certificates
2024-08-08T14:51:14.262212+00:00 lloyddesk kernel: Loaded X.509 cert 'Build time autogenerated kernel key: d20b288af354b2a30a8094f4881ca576c390e95f'
2024-08-08T14:51:14.262212+00:00 lloyddesk kernel: ima: Allocated hash algorithm: sha256
2024-08-08T14:51:14.262213+00:00 lloyddesk kernel: evm: Initialising EVM extended attributes:
2024-08-08T14:51:14.262213+00:00 lloyddesk kernel: evm: security.selinux
2024-08-08T14:51:14.262213+00:00 lloyddesk kernel: evm: security.SMACK64
2024-08-08T14:51:14.262214+00:00 lloyddesk kernel: evm: security.SMACK64EXEC
2024-08-08T14:51:14.262214+00:00 lloyddesk kernel: evm: security.SMACK64TRANSMUTE
2024-08-08T14:51:14.262214+00:00 lloyddesk kernel: evm: security.SMACK64MMAP
2024-08-08T14:51:14.262215+00:00 lloyddesk kernel: evm: security.apparmor
2024-08-08T14:51:14.262215+00:00 lloyddesk kernel: evm: security.ima
2024-08-08T14:51:14.262215+00:00 lloyddesk kernel: evm: security.capability
2024-08-08T14:51:14.262216+00:00 lloyddesk kernel: evm: HMAC attrs: 0x1
2024-08-08T14:51:14.262216+00:00 lloyddesk kernel: audit: type=1807 audit(1577840847.589:2): action=measure func=KEXEC_KERNEL_CHECK res=1
2024-08-08T14:51:14.262216+00:00 lloyddesk kernel: audit: type=1807 audit(1577840847.589:3): action=measure func=MODULE_CHECK res=1
2024-08-08T14:51:14.262217+00:00 lloyddesk kernel: PM:   Magic number: 4:210:103
2024-08-08T14:51:14.262217+00:00 lloyddesk kernel: RAS: Correctable Errors collector initialized.
2024-08-08T14:51:14.262218+00:00 lloyddesk kernel: Lockdown: swapper/0: hibernation is restricted; see man kernel_lockdown.7
2024-08-08T14:51:14.262252+00:00 lloyddesk kernel: clk: Disabling unused clocks
2024-08-08T14:51:14.262252+00:00 lloyddesk kernel: Freeing unused decrypted memory: 2028K
2024-08-08T14:51:14.262253+00:00 lloyddesk kernel: Freeing unused kernel image (initmem) memory: 4972K
2024-08-08T14:51:14.262253+00:00 lloyddesk kernel: Write protecting the kernel read-only data: 36864k
2024-08-08T14:51:14.262253+00:00 lloyddesk kernel: Freeing unused kernel image (rodata/data gap) memory: 28K
2024-08-08T14:51:14.262254+00:00 lloyddesk kernel: x86/mm: Checked W+X mappings: passed, no W+X pages found.
2024-08-08T14:51:14.262255+00:00 lloyddesk kernel: Run /init as init process
2024-08-08T14:51:14.262255+00:00 lloyddesk kernel:   with arguments:
2024-08-08T14:51:14.262256+00:00 lloyddesk kernel:     /init
2024-08-08T14:51:14.262256+00:00 lloyddesk kernel:     splash
2024-08-08T14:51:14.262256+00:00 lloyddesk kernel:   with environment:
2024-08-08T14:51:14.262257+00:00 lloyddesk kernel:     HOME=/
2024-08-08T14:51:14.262257+00:00 lloyddesk kernel:     TERM=linux
2024-08-08T14:51:14.262257+00:00 lloyddesk kernel:     BOOT_IMAGE=/vmlinuz-6.8.0-41-generic
2024-08-08T14:51:14.262258+00:00 lloyddesk kernel: xhci_hcd 0000:00:14.0: xHCI Host Controller
2024-08-08T14:51:14.262258+00:00 lloyddesk kernel: xhci_hcd 0000:00:14.0: new USB bus registered, assigned bus number 1
2024-08-08T14:51:14.262259+00:00 lloyddesk kernel: xhci_hcd 0000:00:14.0: hcc params 0x200077c1 hci version 0x100 quirks 0x0000000000109810
2024-08-08T14:51:14.262259+00:00 lloyddesk kernel: xhci_hcd 0000:00:14.0: xHCI Host Controller
2024-08-08T14:51:14.262259+00:00 lloyddesk kernel: xhci_hcd 0000:00:14.0: new USB bus registered, assigned bus number 2
2024-08-08T14:51:14.262260+00:00 lloyddesk kernel: xhci_hcd 0000:00:14.0: Host supports USB 3.0 SuperSpeed
2024-08-08T14:51:14.262260+00:00 lloyddesk kernel: usb usb1: New USB device found, idVendor=1d6b, idProduct=0002, bcdDevice= 6.08
2024-08-08T14:51:14.262260+00:00 lloyddesk kernel: usb usb1: New USB device strings: Mfr=3, Product=2, SerialNumber=1
2024-08-08T14:51:14.262260+00:00 lloyddesk kernel: usb usb1: Product: xHCI Host Controller
2024-08-08T14:51:14.262261+00:00 lloyddesk kernel: usb usb1: Manufacturer: Linux 6.8.0-41-generic xhci-hcd
2024-08-08T14:51:14.262261+00:00 lloyddesk kernel: usb usb1: SerialNumber: 0000:00:14.0
2024-08-08T14:51:14.262261+00:00 lloyddesk kernel: hub 1-0:1.0: USB hub found
2024-08-08T14:51:14.262262+00:00 lloyddesk kernel: hub 1-0:1.0: 12 ports detected
2024-08-08T14:51:14.262262+00:00 lloyddesk kernel: usb usb2: New USB device found, idVendor=1d6b, idProduct=0003, bcdDevice= 6.08
2024-08-08T14:51:14.262262+00:00 lloyddesk kernel: usb usb2: New USB device strings: Mfr=3, Product=2, SerialNumber=1
2024-08-08T14:51:14.262263+00:00 lloyddesk kernel: usb usb2: Product: xHCI Host Controller
2024-08-08T14:51:14.262263+00:00 lloyddesk kernel: usb usb2: Manufacturer: Linux 6.8.0-41-generic xhci-hcd
2024-08-08T14:51:14.262263+00:00 lloyddesk kernel: usb usb2: SerialNumber: 0000:00:14.0
2024-08-08T14:51:14.262264+00:00 lloyddesk kernel: hub 2-0:1.0: USB hub found
2024-08-08T14:51:14.262264+00:00 lloyddesk kernel: hub 2-0:1.0: 8 ports detected
2024-08-08T14:51:14.262265+00:00 lloyddesk kernel: ahci 0000:00:17.0: version 3.0
2024-08-08T14:51:14.262265+00:00 lloyddesk kernel: ahci 0000:00:17.0: AHCI 0001.0301 32 slots 6 ports 6 Gbps 0x3f impl SATA mode
2024-08-08T14:51:14.262266+00:00 lloyddesk kernel: ahci 0000:00:17.0: flags: 64bit ncq sntf led clo only pio slum part ems deso sadm sds apst 
2024-08-08T14:51:14.262266+00:00 lloyddesk kernel: r8169 0000:04:00.0: can't disable ASPM; OS doesn't have ASPM control
2024-08-08T14:51:14.262266+00:00 lloyddesk kernel: nvme 0000:05:00.0: platform quirk: setting simple suspend
2024-08-08T14:51:14.262267+00:00 lloyddesk kernel: nvme 0000:02:00.0: platform quirk: setting simple suspend
2024-08-08T14:51:14.262267+00:00 lloyddesk kernel: nvme nvme0: pci function 0000:05:00.0
2024-08-08T14:51:14.262267+00:00 lloyddesk kernel: nvme nvme1: pci function 0000:02:00.0
2024-08-08T14:51:14.262267+00:00 lloyddesk kernel: r8169 0000:04:00.0 eth0: RTL8168h/8111h, 3c:7c:3f:bb:ae:c4, XID 541, IRQ 129
2024-08-08T14:51:14.262268+00:00 lloyddesk kernel: r8169 0000:04:00.0 eth0: jumbo features [frames: 9194 bytes, tx checksumming: ko]
2024-08-08T14:51:14.262269+00:00 lloyddesk kernel: nvme nvme0: Shutdown timeout set to 8 seconds
2024-08-08T14:51:14.262269+00:00 lloyddesk kernel: nvme nvme1: 8/0/0 default/read/poll queues
2024-08-08T14:51:14.262271+00:00 lloyddesk kernel:  nvme1n1: p1
2024-08-08T14:51:14.262271+00:00 lloyddesk kernel: nvme nvme0: 16/0/0 default/read/poll queues
2024-08-08T14:51:14.262272+00:00 lloyddesk kernel:  nvme0n1: p1 p2 p3
2024-08-08T14:51:14.262272+00:00 lloyddesk kernel: r8169 0000:04:00.0 enp4s0: renamed from eth0
2024-08-08T14:51:14.262273+00:00 lloyddesk kernel: scsi host0: ahci
2024-08-08T14:51:14.262273+00:00 lloyddesk kernel: scsi host1: ahci
2024-08-08T14:51:14.262274+00:00 lloyddesk kernel: scsi host2: ahci
2024-08-08T14:51:14.262277+00:00 lloyddesk kernel: scsi host3: ahci
2024-08-08T14:51:14.262278+00:00 lloyddesk kernel: scsi host4: ahci
2024-08-08T14:51:14.262278+00:00 lloyddesk kernel: scsi host5: ahci
2024-08-08T14:51:14.262279+00:00 lloyddesk kernel: ata1: SATA max UDMA/133 abar m2048@0x8fc06000 port 0x8fc06100 irq 126 lpm-pol 0
2024-08-08T14:51:14.262279+00:00 lloyddesk kernel: ata2: SATA max UDMA/133 abar m2048@0x8fc06000 port 0x8fc06180 irq 126 lpm-pol 0
2024-08-08T14:51:14.262279+00:00 lloyddesk kernel: ata3: SATA max UDMA/133 abar m2048@0x8fc06000 port 0x8fc06200 irq 126 lpm-pol 0
2024-08-08T14:51:14.262285+00:00 lloyddesk kernel: ata4: SATA max UDMA/133 abar m2048@0x8fc06000 port 0x8fc06280 irq 126 lpm-pol 0
2024-08-08T14:51:14.262287+00:00 lloyddesk kernel: ata5: SATA max UDMA/133 abar m2048@0x8fc06000 port 0x8fc06300 irq 126 lpm-pol 0
2024-08-08T14:51:14.262287+00:00 lloyddesk kernel: ata6: SATA max UDMA/133 abar m2048@0x8fc06000 port 0x8fc06380 irq 126 lpm-pol 0
2024-08-08T14:51:14.262288+00:00 lloyddesk kernel: usb 1-3: new low-speed USB device number 2 using xhci_hcd
2024-08-08T14:51:14.262289+00:00 lloyddesk kernel: usb 1-3: New USB device found, idVendor=1a2c, idProduct=4094, bcdDevice= 1.10
2024-08-08T14:51:14.262289+00:00 lloyddesk kernel: usb 1-3: New USB device strings: Mfr=1, Product=2, SerialNumber=0
2024-08-08T14:51:14.262289+00:00 lloyddesk kernel: usb 1-3: Product: USB Keyboard
2024-08-08T14:51:14.262292+00:00 lloyddesk kernel: usb 1-3: Manufacturer: SEMICO
2024-08-08T14:51:14.262293+00:00 lloyddesk kernel: ata3: SATA link down (SStatus 4 SControl 300)
2024-08-08T14:51:14.262295+00:00 lloyddesk kernel: ata2: SATA link down (SStatus 4 SControl 300)
2024-08-08T14:51:14.262295+00:00 lloyddesk kernel: ata6: SATA link down (SStatus 4 SControl 300)
2024-08-08T14:51:14.262296+00:00 lloyddesk kernel: ata5: SATA link down (SStatus 4 SControl 300)
2024-08-08T14:51:14.262296+00:00 lloyddesk kernel: ata1: SATA link down (SStatus 4 SControl 300)
2024-08-08T14:51:14.262298+00:00 lloyddesk kernel: ata4: SATA link down (SStatus 4 SControl 300)
2024-08-08T14:51:14.262299+00:00 lloyddesk kernel: usb 1-4: new low-speed USB device number 3 using xhci_hcd
2024-08-08T14:51:14.262299+00:00 lloyddesk kernel: usb 1-4: New USB device found, idVendor=30fa, idProduct=0400, bcdDevice= 1.00
2024-08-08T14:51:14.262299+00:00 lloyddesk kernel: usb 1-4: New USB device strings: Mfr=0, Product=1, SerialNumber=0
2024-08-08T14:51:14.262300+00:00 lloyddesk kernel: usb 1-4: Product: USB Optical Mouse 
2024-08-08T14:51:14.262300+00:00 lloyddesk kernel: hid: raw HID events driver (C) Jiri Kosina
2024-08-08T14:51:14.262302+00:00 lloyddesk kernel: usbcore: registered new interface driver usbhid
2024-08-08T14:51:14.262303+00:00 lloyddesk kernel: usbhid: USB HID core driver
2024-08-08T14:51:14.262303+00:00 lloyddesk kernel: input: SEMICO USB Keyboard as /devices/pci0000:00/0000:00:14.0/usb1/1-3/1-3:1.0/0003:1A2C:4094.0001/input/input3
2024-08-08T14:51:14.262304+00:00 lloyddesk kernel: hid-generic 0003:1A2C:4094.0001: input,hidraw0: USB HID v1.10 Keyboard [SEMICO USB Keyboard] on usb-0000:00:14.0-3/input0
2024-08-08T14:51:14.262304+00:00 lloyddesk kernel: input: SEMICO USB Keyboard Consumer Control as /devices/pci0000:00/0000:00:14.0/usb1/1-3/1-3:1.1/0003:1A2C:4094.0002/input/input4
2024-08-08T14:51:14.262305+00:00 lloyddesk kernel: input: SEMICO USB Keyboard System Control as /devices/pci0000:00/0000:00:14.0/usb1/1-3/1-3:1.1/0003:1A2C:4094.0002/input/input5
2024-08-08T14:51:14.262305+00:00 lloyddesk kernel: hid-generic 0003:1A2C:4094.0002: input,hidraw1: USB HID v1.10 Device [SEMICO USB Keyboard] on usb-0000:00:14.0-3/input1
2024-08-08T14:51:14.262307+00:00 lloyddesk kernel: input: USB Optical Mouse  as /devices/pci0000:00/0000:00:14.0/usb1/1-4/1-4:1.0/0003:30FA:0400.0003/input/input6
2024-08-08T14:51:14.262308+00:00 lloyddesk kernel: hid-generic 0003:30FA:0400.0003: input,hidraw2: USB HID v1.11 Mouse [USB Optical Mouse ] on usb-0000:00:14.0-4/input0
2024-08-08T14:51:14.262308+00:00 lloyddesk kernel: tsc: Refined TSC clocksource calibration: 2903.998 MHz
2024-08-08T14:51:14.262309+00:00 lloyddesk kernel: clocksource: tsc: mask: 0xffffffffffffffff max_cycles: 0x29dc03c1beb, max_idle_ns: 440795205215 ns
2024-08-08T14:51:14.262310+00:00 lloyddesk kernel: clocksource: Switched to clocksource tsc
2024-08-08T14:51:14.262310+00:00 lloyddesk kernel: EXT4-fs (dm-1): mounted filesystem 6fd068ba-e96f-458d-9d23-4b4f2aea0ff2 ro with ordered data mode. Quota mode: none.
2024-08-08T14:51:14.262383+00:00 lloyddesk kernel: pstore: Using crash dump compression: deflate
2024-08-08T14:51:14.262386+00:00 lloyddesk kernel: pstore: Registered efi_pstore as persistent store backend
2024-08-08T14:51:14.262387+00:00 lloyddesk kernel: lp: driver loaded but no devices found
2024-08-08T14:51:14.262389+00:00 lloyddesk kernel: EXT4-fs (dm-1): re-mounted 6fd068ba-e96f-458d-9d23-4b4f2aea0ff2 r/w. Quota mode: none.
2024-08-08T14:51:14.262389+00:00 lloyddesk kernel: ppdev: user-space parallel port driver
2024-08-08T14:51:14.262448+00:00 lloyddesk kernel: parport_pc 00:01: reported by Plug and Play ACPI
2024-08-08T14:51:14.262449+00:00 lloyddesk kernel: parport0: PC-style at 0x378, irq 5 [PCSPP]
2024-08-08T14:51:14.262449+00:00 lloyddesk kernel: Adding 4194300k swap on /swap.img.  Priority:-2 extents:20 across:137101312k SS
2024-08-08T14:51:14.262451+00:00 lloyddesk kernel: lp0: using parport0 (interrupt-driven).
2024-08-08T14:51:14.262451+00:00 lloyddesk kernel: mei_me 0000:00:16.0: enabling device (0000 -> 0002)
2024-08-08T14:51:14.262452+00:00 lloyddesk kernel: resource: resource sanity check: requesting [mem 0x00000000fdffe800-0x00000000fe0007ff], which spans more than PCI Bus 0000:00 [mem 0xfc800000-0xfdffffff window]
2024-08-08T14:51:14.262452+00:00 lloyddesk kernel: caller get_primary_reg_base+0x4f/0xb0 [intel_pmc_core] mapping multiple BARs
2024-08-08T14:51:14.262453+00:00 lloyddesk kernel: intel_pmc_core INT33A1:00:  initialized
2024-08-08T14:51:14.262453+00:00 lloyddesk kernel: i801_smbus 0000:00:1f.4: SPD Write Disable is set
2024-08-08T14:51:14.262454+00:00 lloyddesk kernel: i801_smbus 0000:00:1f.4: SMBus using PCI interrupt
2024-08-08T14:51:14.262454+00:00 lloyddesk kernel: i2c i2c-0: 1/4 memory slots populated (from DMI)
2024-08-08T14:51:14.262454+00:00 lloyddesk kernel: i2c i2c-0: Successfully instantiated SPD at 0x52
2024-08-08T14:51:14.262454+00:00 lloyddesk kernel: RAPL PMU: API unit is 2^-32 Joules, 4 fixed counters, 655360 ms ovfl timer
2024-08-08T14:51:14.262455+00:00 lloyddesk kernel: RAPL PMU: hw unit of domain pp0-core 2^-14 Joules
2024-08-08T14:51:14.262455+00:00 lloyddesk kernel: RAPL PMU: hw unit of domain package 2^-14 Joules
2024-08-08T14:51:14.262455+00:00 lloyddesk kernel: RAPL PMU: hw unit of domain dram 2^-14 Joules
2024-08-08T14:51:14.262456+00:00 lloyddesk kernel: RAPL PMU: hw unit of domain pp1-gpu 2^-14 Joules
2024-08-08T14:51:14.262456+00:00 lloyddesk kernel: ee1004 0-0052: 512 byte EE1004-compliant SPD EEPROM, read-only
2024-08-08T14:51:14.262457+00:00 lloyddesk kernel: loop0: detected capacity change from 0 to 8
2024-08-08T14:51:14.262457+00:00 lloyddesk kernel: loop1: detected capacity change from 0 to 152112
2024-08-08T14:51:14.262458+00:00 lloyddesk kernel: loop2: detected capacity change from 0 to 552488
2024-08-08T14:51:14.262458+00:00 lloyddesk kernel: loop3: detected capacity change from 0 to 21952
2024-08-08T14:51:14.262458+00:00 lloyddesk kernel: loop4: detected capacity change from 0 to 1034424
2024-08-08T14:51:14.262459+00:00 lloyddesk kernel: asus_wmi: ASUS WMI generic driver loaded
2024-08-08T14:51:14.262459+00:00 lloyddesk kernel: loop5: detected capacity change from 0 to 187776
2024-08-08T14:51:14.262459+00:00 lloyddesk kernel: loop6: detected capacity change from 0 to 21584
2024-08-08T14:51:14.262460+00:00 lloyddesk kernel: loop7: detected capacity change from 0 to 79520
2024-08-08T14:51:14.262460+00:00 lloyddesk kernel: loop8: detected capacity change from 0 to 1000
2024-08-08T14:51:14.262463+00:00 lloyddesk kernel: asus_wmi: Initialization: 0x0
2024-08-08T14:51:14.262464+00:00 lloyddesk kernel: asus_wmi: BIOS WMI version: 0.9
2024-08-08T14:51:14.262464+00:00 lloyddesk kernel: asus_wmi: SFUN value: 0x0
2024-08-08T14:51:14.262464+00:00 lloyddesk kernel: eeepc-wmi eeepc-wmi: Detected ASUSWMI, use DCTS
2024-08-08T14:51:14.262465+00:00 lloyddesk kernel: input: Eee PC WMI hotkeys as /devices/platform/eeepc-wmi/input/input7
2024-08-08T14:51:14.262465+00:00 lloyddesk kernel: intel_tcc_cooling: Programmable TCC Offset detected
2024-08-08T14:51:14.262465+00:00 lloyddesk kernel: snd_hda_intel 0000:00:1f.3: enabling device (0400 -> 0402)
2024-08-08T14:51:14.262466+00:00 lloyddesk kernel: i915 0000:00:02.0: vgaarb: deactivate vga console
2024-08-08T14:51:14.262466+00:00 lloyddesk kernel: i915 0000:00:02.0: vgaarb: VGA decodes changed: olddecodes=io+mem,decodes=io+mem:owns=io+mem
2024-08-08T14:51:14.262467+00:00 lloyddesk kernel: mei_hdcp 0000:00:16.0-b638ab7e-94e2-4ea2-a552-d1c54b627f04: bound 0000:00:02.0 (ops i915_hdcp_ops [i915])
2024-08-08T14:51:14.262467+00:00 lloyddesk kernel: i915 0000:00:02.0: [drm] Finished loading DMC firmware i915/kbl_dmc_ver1_04.bin (v1.4)
2024-08-08T14:51:14.262468+00:00 lloyddesk kernel: i915 0000:00:02.0: [drm] [ENCODER:111:DDI C/PHY C] is disabled/in DSI mode with an ungated DDI clock, gate it
2024-08-08T14:51:14.262468+00:00 lloyddesk kernel: i915 0000:00:02.0: [drm] [ENCODER:115:DDI D/PHY D] is disabled/in DSI mode with an ungated DDI clock, gate it
2024-08-08T14:51:14.262468+00:00 lloyddesk kernel: intel_rapl_common: Found RAPL domain package
2024-08-08T14:51:14.262469+00:00 lloyddesk kernel: intel_rapl_common: Found RAPL domain core
2024-08-08T14:51:14.262469+00:00 lloyddesk kernel: intel_rapl_common: Found RAPL domain uncore
2024-08-08T14:51:14.262470+00:00 lloyddesk kernel: intel_rapl_common: Found RAPL domain dram
2024-08-08T14:51:14.262470+00:00 lloyddesk kernel: [drm] Initialized i915 1.6.0 20230929 for 0000:00:02.0 on minor 1
2024-08-08T14:51:14.262471+00:00 lloyddesk kernel: ACPI: video: Video Device [GFX0] (multi-head: yes  rom: no  post: no)
2024-08-08T14:51:14.262471+00:00 lloyddesk kernel: input: Video Bus as /devices/LNXSYSTM:00/LNXSYBUS:00/PNP0A08:00/LNXVIDEO:00/input/input8
2024-08-08T14:51:14.262471+00:00 lloyddesk kernel: i915 display info: display version: 9
2024-08-08T14:51:14.262472+00:00 lloyddesk kernel: i915 display info: cursor_needs_physical: no
2024-08-08T14:51:14.262472+00:00 lloyddesk kernel: i915 display info: has_cdclk_crawl: no
2024-08-08T14:51:14.262472+00:00 lloyddesk kernel: i915 display info: has_cdclk_squash: no
2024-08-08T14:51:14.262473+00:00 lloyddesk kernel: i915 display info: has_ddi: yes
2024-08-08T14:51:14.262474+00:00 lloyddesk kernel: i915 display info: has_dp_mst: yes
2024-08-08T14:51:14.262474+00:00 lloyddesk kernel: i915 display info: has_dsb: no
2024-08-08T14:51:14.262475+00:00 lloyddesk kernel: i915 display info: has_fpga_dbg: yes
2024-08-08T14:51:14.262475+00:00 lloyddesk kernel: i915 display info: has_gmch: no
2024-08-08T14:51:14.262475+00:00 lloyddesk kernel: i915 display info: has_hotplug: yes
2024-08-08T14:51:14.262476+00:00 lloyddesk kernel: i915 display info: has_hti: no
2024-08-08T14:51:14.262476+00:00 lloyddesk kernel: i915 display info: has_ipc: yes
2024-08-08T14:51:14.262476+00:00 lloyddesk kernel: i915 display info: has_overlay: no
2024-08-08T14:51:14.262477+00:00 lloyddesk kernel: i915 display info: has_psr: yes
2024-08-08T14:51:14.262477+00:00 lloyddesk kernel: i915 display info: has_psr_hw_tracking: yes
2024-08-08T14:51:14.262477+00:00 lloyddesk kernel: i915 display info: overlay_needs_physical: no
2024-08-08T14:51:14.262478+00:00 lloyddesk kernel: i915 display info: supports_tv: no
2024-08-08T14:51:14.262478+00:00 lloyddesk kernel: i915 display info: has_hdcp: yes
2024-08-08T14:51:14.262478+00:00 lloyddesk kernel: i915 display info: has_dmc: yes
2024-08-08T14:51:14.262479+00:00 lloyddesk kernel: i915 display info: has_dsc: no
2024-08-08T14:51:14.262480+00:00 lloyddesk kernel: snd_hda_intel 0000:00:1f.3: bound 0000:00:02.0 (ops i915_audio_component_bind_ops [i915])
2024-08-08T14:51:14.262480+00:00 lloyddesk kernel: fbcon: i915drmfb (fb0) is primary device
2024-08-08T14:51:14.262480+00:00 lloyddesk kernel: fbcon: Deferring console take-over
2024-08-08T14:51:14.262481+00:00 lloyddesk kernel: i915 0000:00:02.0: [drm] fb0: i915drmfb frame buffer device
2024-08-08T14:51:14.262481+00:00 lloyddesk kernel: snd_hda_codec_realtek hdaudioC0D0: autoconfig for ALC887-VD: line_outs=1 (0x14/0x0/0x0/0x0/0x0) type:line
2024-08-08T14:51:14.262481+00:00 lloyddesk kernel: snd_hda_codec_realtek hdaudioC0D0:    speaker_outs=0 (0x0/0x0/0x0/0x0/0x0)
2024-08-08T14:51:14.262482+00:00 lloyddesk kernel: snd_hda_codec_realtek hdaudioC0D0:    hp_outs=1 (0x1b/0x0/0x0/0x0/0x0)
2024-08-08T14:51:14.262483+00:00 lloyddesk kernel: snd_hda_codec_realtek hdaudioC0D0:    mono: mono_out=0x0
2024-08-08T14:51:14.262483+00:00 lloyddesk kernel: snd_hda_codec_realtek hdaudioC0D0:    dig-out=0x11/0x0
2024-08-08T14:51:14.262483+00:00 lloyddesk kernel: snd_hda_codec_realtek hdaudioC0D0:    inputs:
2024-08-08T14:51:14.262484+00:00 lloyddesk kernel: snd_hda_codec_realtek hdaudioC0D0:      Front Mic=0x19
2024-08-08T14:51:14.262484+00:00 lloyddesk kernel: snd_hda_codec_realtek hdaudioC0D0:      Rear Mic=0x18
2024-08-08T14:51:14.262485+00:00 lloyddesk kernel: snd_hda_codec_realtek hdaudioC0D0:      Line=0x1a
2024-08-08T14:51:14.262485+00:00 lloyddesk kernel: input: HDA Intel PCH Front Mic as /devices/pci0000:00/0000:00:1f.3/sound/card0/input9
2024-08-08T14:51:14.262486+00:00 lloyddesk kernel: input: HDA Intel PCH Rear Mic as /devices/pci0000:00/0000:00:1f.3/sound/card0/input10
2024-08-08T14:51:14.262486+00:00 lloyddesk kernel: input: HDA Intel PCH Line as /devices/pci0000:00/0000:00:1f.3/sound/card0/input11
2024-08-08T14:51:14.262486+00:00 lloyddesk kernel: input: HDA Intel PCH Line Out as /devices/pci0000:00/0000:00:1f.3/sound/card0/input12
2024-08-08T14:51:14.262487+00:00 lloyddesk kernel: input: HDA Intel PCH Front Headphone as /devices/pci0000:00/0000:00:1f.3/sound/card0/input13
