2024-08-08T14:51:14.261330+00:00 lloyddesk systemd-modules-load[1271]: Inserted module 'lp'
2024-08-08T14:51:14.261404+00:00 lloyddesk systemd-modules-load[1271]: Inserted module 'ppdev'
2024-08-08T14:51:14.261440+00:00 lloyddesk keyboard-setup.sh[1274]: loadkeys: Unable to open file: /run/tmpkbd.bW4OmB: No such file or directory
2024-08-08T14:51:14.261446+00:00 lloyddesk lvm[1258]:   1 logical volume(s) in volume group "ubuntu-vg" monitored
2024-08-08T14:51:14.261448+00:00 lloyddesk kernel: Linux version 6.8.0-41-generic (buildd@lcy02-amd64-100) (x86_64-linux-gnu-gcc-13 (Ubuntu 13.2.0-23ubuntu4) 13.2.0, GNU ld (GNU Binutils for Ubuntu) 2.42) #41-Ubuntu SMP PREEMPT_DYNAMIC Fri Aug  2 20:41:06 UTC 2024 (Ubuntu 6.8.0-41.41-generic 6.8.12)
2024-08-08T14:51:14.261450+00:00 lloyddesk systemd[1]: Starting systemd-journal-flush.service - Flush Journal to Persistent Storage...
2024-08-08T14:51:14.261456+00:00 lloyddesk kernel: Command line: BOOT_IMAGE=/vmlinuz-6.8.0-41-generic root=/dev/mapper/ubuntu--vg-ubuntu--lv ro quiet splash vt.handoff=7
2024-08-08T14:51:14.261457+00:00 lloyddesk kernel: KERNEL supported cpus:
2024-08-08T14:51:14.261458+00:00 lloyddesk kernel:   Intel GenuineIntel
2024-08-08T14:51:14.261458+00:00 lloyddesk kernel:   AMD AuthenticAMD
2024-08-08T14:51:14.261459+00:00 lloyddesk kernel:   Hygon HygonGenuine
2024-08-08T14:51:14.261459+00:00 lloyddesk kernel:   Centaur CentaurHauls
2024-08-08T14:51:14.261457+00:00 lloyddesk systemd-sysusers[1314]: Creating group 'gamemode' with GID 986.
2024-08-08T14:51:14.261461+00:00 lloyddesk kernel:   zhaoxin   Shanghai  
2024-08-08T14:51:14.261461+00:00 lloyddesk kernel: BIOS-provided physical RAM map:
2024-08-08T14:51:14.261462+00:00 lloyddesk kernel: BIOS-e820: [mem 0x0000000000000000-0x000000000009dfff] usable
2024-08-08T14:51:14.261462+00:00 lloyddesk kernel: BIOS-e820: [mem 0x000000000009e000-0x000000000009efff] reserved
2024-08-08T14:51:14.261462+00:00 lloyddesk kernel: BIOS-e820: [mem 0x000000000009f000-0x000000000009ffff] usable
2024-08-08T14:51:14.261461+00:00 lloyddesk systemd-sysusers[1314]: Creating group 'gnome-initial-setup' with GID 985.
2024-08-08T14:51:14.261463+00:00 lloyddesk kernel: BIOS-e820: [mem 0x00000000000a0000-0x00000000000fffff] reserved
2024-08-08T14:51:14.261465+00:00 lloyddesk kernel: BIOS-e820: [mem 0x0000000000100000-0x000000006b12afff] usable
2024-08-08T14:51:14.261465+00:00 lloyddesk kernel: BIOS-e820: [mem 0x000000006b12b000-0x000000006b12bfff] reserved
2024-08-08T14:51:14.261466+00:00 lloyddesk kernel: BIOS-e820: [mem 0x000000006b12c000-0x000000006cc8cfff] usable
2024-08-08T14:51:14.261466+00:00 lloyddesk kernel: BIOS-e820: [mem 0x000000006cc8d000-0x000000006cc8dfff] reserved
2024-08-08T14:51:14.261467+00:00 lloyddesk kernel: BIOS-e820: [mem 0x000000006cc8e000-0x000000007a747fff] usable
2024-08-08T14:51:14.261467+00:00 lloyddesk kernel: BIOS-e820: [mem 0x000000007a748000-0x000000007a748fff] ACPI NVS
2024-08-08T14:51:14.261468+00:00 lloyddesk kernel: BIOS-e820: [mem 0x000000007a749000-0x000000007a76ffff] usable
2024-08-08T14:51:14.261465+00:00 lloyddesk systemd[1]: Finished systemd-random-seed.service - Load/Save OS Random Seed.
2024-08-08T14:51:14.261470+00:00 lloyddesk kernel: BIOS-e820: [mem 0x000000007a770000-0x000000007a770fff] reserved
2024-08-08T14:51:14.261471+00:00 lloyddesk kernel: BIOS-e820: [mem 0x000000007a771000-0x0000000087363fff] usable
2024-08-08T14:51:14.261471+00:00 lloyddesk kernel: BIOS-e820: [mem 0x0000000087364000-0x00000000891f2fff] reserved
2024-08-08T14:51:14.261471+00:00 lloyddesk systemd[1]: Finished lvm2-monitor.service - Monitoring of LVM2 mirrors, snapshots etc. using dmeventd or progress polling.
2024-08-08T14:51:14.261472+00:00 lloyddesk kernel: BIOS-e820: [mem 0x00000000891f3000-0x0000000089387fff] ACPI data
2024-08-08T14:51:14.261473+00:00 lloyddesk kernel: BIOS-e820: [mem 0x0000000089388000-0x0000000089487fff] ACPI NVS
2024-08-08T14:51:14.261473+00:00 lloyddesk kernel: BIOS-e820: [mem 0x0000000089488000-0x0000000089ffdfff] reserved
2024-08-08T14:51:14.261473+00:00 lloyddesk systemd[1]: Finished systemd-journal-flush.service - Flush Journal to Persistent Storage.
2024-08-08T14:51:14.261475+00:00 lloyddesk systemd[1]: Finished systemd-sysusers.service - Create System Users.
2024-08-08T14:51:14.261475+00:00 lloyddesk kernel: BIOS-e820: [mem 0x0000000089ffe000-0x0000000089ffefff] usable
2024-08-08T14:51:14.261476+00:00 lloyddesk kernel: BIOS-e820: [mem 0x0000000089fff000-0x000000008f7fffff] reserved
2024-08-08T14:51:14.261477+00:00 lloyddesk kernel: BIOS-e820: [mem 0x00000000e0000000-0x00000000efffffff] reserved
2024-08-08T14:51:14.261477+00:00 lloyddesk kernel: BIOS-e820: [mem 0x00000000fe000000-0x00000000fe010fff] reserved
2024-08-08T14:51:14.261478+00:00 lloyddesk kernel: BIOS-e820: [mem 0x00000000fec00000-0x00000000fec00fff] reserved
2024-08-08T14:51:14.261477+00:00 lloyddesk systemd[1]: Starting systemd-tmpfiles-setup-dev.service - Create Static Device Nodes in /dev...
2024-08-08T14:51:14.261478+00:00 lloyddesk kernel: BIOS-e820: [mem 0x00000000fee00000-0x00000000fee00fff] reserved
2024-08-08T14:51:14.261479+00:00 lloyddesk kernel: BIOS-e820: [mem 0x00000000ff000000-0x00000000ffffffff] reserved
2024-08-08T14:51:14.261479+00:00 lloyddesk systemd[1]: Finished systemd-udev-trigger.service - Coldplug All udev Devices.
2024-08-08T14:51:14.261480+00:00 lloyddesk kernel: BIOS-e820: [mem 0x0000000100000000-0x000000026f7fffff] usable
2024-08-08T14:51:14.261481+00:00 lloyddesk kernel: NX (Execute Disable) protection: active
2024-08-08T14:51:14.261482+00:00 lloyddesk kernel: APIC: Static calls initialized
2024-08-08T14:51:14.261482+00:00 lloyddesk kernel: e820: update [mem 0x798e3018-0x798f1057] usable ==> usable
2024-08-08T14:51:14.261482+00:00 lloyddesk kernel: e820: update [mem 0x798e3018-0x798f1057] usable ==> usable
2024-08-08T14:51:14.261484+00:00 lloyddesk kernel: extended physical RAM map:
2024-08-08T14:51:14.261482+00:00 lloyddesk systemd[1]: Finished systemd-tmpfiles-setup-dev.service - Create Static Device Nodes in /dev.
2024-08-08T14:51:14.261486+00:00 lloyddesk kernel: reserve setup_data: [mem 0x0000000000000000-0x000000000009dfff] usable
2024-08-08T14:51:14.261487+00:00 lloyddesk kernel: reserve setup_data: [mem 0x000000000009e000-0x000000000009efff] reserved
2024-08-08T14:51:14.261487+00:00 lloyddesk systemd[1]: Starting systemd-udevd.service - Rule-based Manager for Device Events and Files...
2024-08-08T14:51:14.261487+00:00 lloyddesk kernel: reserve setup_data: [mem 0x000000000009f000-0x000000000009ffff] usable
2024-08-08T14:51:14.261488+00:00 lloyddesk kernel: reserve setup_data: [mem 0x00000000000a0000-0x00000000000fffff] reserved
2024-08-08T14:51:14.261489+00:00 lloyddesk kernel: reserve setup_data: [mem 0x0000000000100000-0x000000006b12afff] usable
2024-08-08T14:51:14.261489+00:00 lloyddesk kernel: reserve setup_data: [mem 0x000000006b12b000-0x000000006b12bfff] reserved
2024-08-08T14:51:14.261489+00:00 lloyddesk systemd-udevd[1345]: Using default interface naming scheme 'v255'.
2024-08-08T14:51:14.261491+00:00 lloyddesk kernel: reserve setup_data: [mem 0x000000006b12c000-0x000000006cc8cfff] usable
2024-08-08T14:51:14.261492+00:00 lloyddesk kernel: reserve setup_data: [mem 0x000000006cc8d000-0x000000006cc8dfff] reserved
2024-08-08T14:51:14.261492+00:00 lloyddesk kernel: reserve setup_data: [mem 0x000000006cc8e000-0x00000000798e3017] usable
2024-08-08T14:51:14.261492+00:00 lloyddesk systemd-modules-load[1271]: Inserted module 'parport_pc'
2024-08-08T14:51:14.261493+00:00 lloyddesk kernel: reserve setup_data: [mem 0x00000000798e3018-0x00000000798f1057] usable
2024-08-08T14:51:14.261494+00:00 lloyddesk kernel: reserve setup_data: [mem 0x00000000798f1058-0x000000007a747fff] usable
2024-08-08T14:51:14.261494+00:00 lloyddesk kernel: reserve setup_data: [mem 0x000000007a748000-0x000000007a748fff] ACPI NVS
2024-08-08T14:51:14.261495+00:00 lloyddesk kernel: reserve setup_data: [mem 0x000000007a749000-0x000000007a76ffff] usable
2024-08-08T14:51:14.261494+00:00 lloyddesk systemd[1]: Started systemd-udevd.service - Rule-based Manager for Device Events and Files.
2024-08-08T14:51:14.261496+00:00 lloyddesk kernel: reserve setup_data: [mem 0x000000007a770000-0x000000007a770fff] reserved
2024-08-08T14:51:14.261497+00:00 lloyddesk kernel: reserve setup_data: [mem 0x000000007a771000-0x0000000087363fff] usable
2024-08-08T14:51:14.261497+00:00 lloyddesk kernel: reserve setup_data: [mem 0x0000000087364000-0x00000000891f2fff] reserved
2024-08-08T14:51:14.261498+00:00 lloyddesk kernel: reserve setup_data: [mem 0x00000000891f3000-0x0000000089387fff] ACPI data
2024-08-08T14:51:14.261498+00:00 lloyddesk kernel: reserve setup_data: [mem 0x0000000089388000-0x0000000089487fff] ACPI NVS
2024-08-08T14:51:14.261499+00:00 lloyddesk kernel: reserve setup_data: [mem 0x0000000089488000-0x0000000089ffdfff] reserved
2024-08-08T14:51:14.261496+00:00 lloyddesk lvm[1375]: PV /dev/dm-0 online, VG ubuntu-vg is complete.
2024-08-08T14:51:14.261501+00:00 lloyddesk kernel: reserve setup_data: [mem 0x0000000089ffe000-0x0000000089ffefff] usable
2024-08-08T14:51:14.261501+00:00 lloyddesk kernel: reserve setup_data: [mem 0x0000000089fff000-0x000000008f7fffff] reserved
2024-08-08T14:51:14.261502+00:00 lloyddesk kernel: reserve setup_data: [mem 0x00000000e0000000-0x00000000efffffff] reserved
2024-08-08T14:51:14.261502+00:00 lloyddesk kernel: reserve setup_data: [mem 0x00000000fe000000-0x00000000fe010fff] reserved
2024-08-08T14:51:14.261502+00:00 lloyddesk kernel: reserve setup_data: [mem 0x00000000fec00000-0x00000000fec00fff] reserved
2024-08-08T14:51:14.261502+00:00 lloyddesk kernel: reserve setup_data: [mem 0x00000000fee00000-0x00000000fee00fff] reserved
2024-08-08T14:51:14.261504+00:00 lloyddesk kernel: reserve setup_data: [mem 0x00000000ff000000-0x00000000ffffffff] reserved
2024-08-08T14:51:14.261504+00:00 lloyddesk kernel: reserve setup_data: [mem 0x0000000100000000-0x000000026f7fffff] usable
2024-08-08T14:51:14.261504+00:00 lloyddesk kernel: efi: EFI v2.7 by American Megatrends
2024-08-08T14:51:14.261505+00:00 lloyddesk kernel: efi: ACPI=0x89387000 ACPI 2.0=0x89387014 TPMFinalLog=0x893d6000 SMBIOS=0x89bb7000 SMBIOS 3.0=0x89bb6000 MEMATTR=0x85247018 ESRT=0x856f6b98 MOKvar=0x89be4000 INITRD=0x7a8cd398 RNG=0x89337c18 TPMEventLog=0x798f2018 
2024-08-08T14:51:14.261502+00:00 lloyddesk lvm[1375]: VG ubuntu-vg finished
2024-08-08T14:51:14.261505+00:00 lloyddesk kernel: random: crng init done
2024-08-08T14:51:14.261506+00:00 lloyddesk kernel: efi: Remove mem90: MMIO range=[0xe0000000-0xefffffff] (256MB) from e820 map
2024-08-08T14:51:14.261506+00:00 lloyddesk kernel: e820: remove [mem 0xe0000000-0xefffffff] reserved
2024-08-08T14:51:14.261508+00:00 lloyddesk kernel: efi: Not removing mem91: MMIO range=[0xfe000000-0xfe010fff] (68KB) from e820 map
2024-08-08T14:51:14.261508+00:00 lloyddesk kernel: efi: Not removing mem92: MMIO range=[0xfec00000-0xfec00fff] (4KB) from e820 map
2024-08-08T14:51:14.261507+00:00 lloyddesk (udev-worker)[1350]: dm-1: Process '/usr/bin/unshare -m /usr/bin/snap auto-import --mount=/dev/dm-1' failed with exit code 1.
2024-08-08T14:51:14.261508+00:00 lloyddesk kernel: efi: Not removing mem93: MMIO range=[0xfee00000-0xfee00fff] (4KB) from e820 map
2024-08-08T14:51:14.261509+00:00 lloyddesk kernel: efi: Remove mem94: MMIO range=[0xff000000-0xffffffff] (16MB) from e820 map
2024-08-08T14:51:14.261509+00:00 lloyddesk kernel: e820: remove [mem 0xff000000-0xffffffff] reserved
2024-08-08T14:51:14.261509+00:00 lloyddesk kernel: secureboot: Secure boot enabled
2024-08-08T14:51:14.261509+00:00 lloyddesk (udev-worker)[1386]: nvme1n1: Process '/usr/bin/unshare -m /usr/bin/snap auto-import --mount=/dev/nvme1n1' failed with exit code 1.
2024-08-08T14:51:14.261510+00:00 lloyddesk kernel: Kernel is locked down from EFI Secure Boot mode; see man kernel_lockdown.7
2024-08-08T14:51:14.261511+00:00 lloyddesk kernel: SMBIOS 3.2.0 present.
2024-08-08T14:51:14.261512+00:00 lloyddesk kernel: DMI: ASUS System Product Name/PRIME B460M-A, BIOS 1806 12/18/2025
2024-08-08T14:51:14.261512+00:00 lloyddesk kernel: tsc: Detected 2900.000 MHz processor
2024-08-08T14:51:14.261512+00:00 lloyddesk kernel: tsc: Detected 2899.886 MHz TSC
2024-08-08T14:51:14.261513+00:00 lloyddesk kernel: e820: update [mem 0x00000000-0x00000fff] usable ==> reserved
2024-08-08T14:51:14.261512+00:00 lloyddesk mtp-probe: checking bus 1, device 3: "/sys/devices/pci0000:00/0000:00:14.0/usb1/1-4"
2024-08-08T14:51:14.261514+00:00 lloyddesk kernel: e820: remove [mem 0x000a0000-0x000fffff] usable
2024-08-08T14:51:14.261515+00:00 lloyddesk kernel: last_pfn = 0x26f800 max_arch_pfn = 0x400000000
2024-08-08T14:51:14.261515+00:00 lloyddesk kernel: MTRR map: 5 entries (3 fixed + 2 variable; max 23), built from 10 variable MTRRs
2024-08-08T14:51:14.261515+00:00 lloyddesk kernel: x86/PAT: Configuration [0-7]: WB  WC  UC- UC  WB  WP  UC- WT  
2024-08-08T14:51:14.261516+00:00 lloyddesk kernel: last_pfn = 0x89fff max_arch_pfn = 0x400000000
2024-08-08T14:51:14.261516+00:00 lloyddesk kernel: esrt: Reserving ESRT space from 0x00000000856f6b98 to 0x00000000856f6bd0.
2024-08-08T14:51:14.261516+00:00 lloyddesk kernel: e820: update [mem 0x856f6000-0x856f6fff] usable ==> reserved
2024-08-08T14:51:14.261516+00:00 lloyddesk mtp-probe: checking bus 1, device 2: "/sys/devices/pci0000:00/0000:00:14.0/usb1/1-3"
2024-08-08T14:51:14.261518+00:00 lloyddesk kernel: Using GB pages for direct mapping
2024-08-08T14:51:14.261519+00:00 lloyddesk kernel: secureboot: Secure boot enabled
2024-08-08T14:51:14.261519+00:00 lloyddesk kernel: RAMDISK: [mem 0x72dc2000-0x77204fff]
2024-08-08T14:51:14.261519+00:00 lloyddesk kernel: ACPI: Early table checksum verification disabled
2024-08-08T14:51:14.261519+00:00 lloyddesk kernel: ACPI: RSDP 0x0000000089387014 000024 (v02 ALASKA)
2024-08-08T14:51:14.261519+00:00 lloyddesk kernel: ACPI: XSDT 0x0000000089386728 0000BC (v01 ALASKA A M I    01072009 AMI  01000013)
2024-08-08T14:51:14.261521+00:00 lloyddesk kernel: ACPI: FACP 0x0000000089380000 000114 (v06 ALASKA A M I    01072009 AMI  00010013)
2024-08-08T14:51:14.261521+00:00 lloyddesk kernel: ACPI: DSDT 0x0000000089346000 039185 (v02 ALASKA A M I    01072009 INTL 20160527)
2024-08-08T14:51:14.261521+00:00 lloyddesk kernel: ACPI: FACS 0x0000000089487000 000040
2024-08-08T14:51:14.261518+00:00 lloyddesk (udev-worker)[1380]: nvme0n1: Process '/usr/bin/unshare -m /usr/bin/snap auto-import --mount=/dev/nvme0n1' failed with exit code 1.
2024-08-08T14:51:14.261523+00:00 lloyddesk mtp-probe: bus: 1, device: 3 was not an MTP device
2024-08-08T14:51:14.261530+00:00 lloyddesk mtp-probe: bus: 1, device: 2 was not an MTP device
2024-08-08T14:51:14.261534+00:00 lloyddesk (udev-worker)[1399]: nvme0n1p3: Process '/usr/bin/unshare -m /usr/bin/snap auto-import --mount=/dev/nvme0n1p3' failed with exit code 1.
2024-08-08T14:51:14.261536+00:00 lloyddesk (udev-worker)[1386]: nvme1n1p1: Process '/usr/bin/unshare -m /usr/bin/snap auto-import --mount=/dev/nvme1n1p1' failed with exit code 1.
2024-08-08T14:51:14.261538+00:00 lloyddesk (udev-worker)[1349]: nvme0n1p2: Process '/usr/bin/unshare -m /usr/bin/snap auto-import --mount=/dev/nvme0n1p2' failed with exit code 1.
2024-08-08T14:51:14.261543+00:00 lloyddesk systemd-modules-load[1271]: Inserted module 'msr'
2024-08-08T14:51:14.261546+00:00 lloyddesk (udev-worker)[1361]: dm-0: Process '/usr/bin/unshare -m /usr/bin/snap auto-import --mount=/dev/dm-0' failed with exit code 1.
2024-08-08T14:51:14.261548+00:00 lloyddesk systemd[1]: Found device dev-disk-by\x2duuid-cd5eaf9c\x2d9936\x2d4832\x2db364\x2ddb87b9321179.device - SAMSUNG MZVLB256HAHQ-000H1 3.
2024-08-08T14:51:14.261549+00:00 lloyddesk systemd[1]: Finished systemd-modules-load.service - Load Kernel Modules.
2024-08-08T14:51:14.261551+00:00 lloyddesk (udev-worker)[1380]: nvme0n1p1: Process '/usr/bin/unshare -m /usr/bin/snap auto-import --mount=/dev/nvme0n1p1' failed with exit code 1.
2024-08-08T14:51:14.261556+00:00 lloyddesk kernel: ACPI: MCFG 0x0000000089385000 00003C (v01 ALASKA A M I    01072009 MSFT 00000097)
2024-08-08T14:51:14.261554+00:00 lloyddesk systemd[1]: Found device dev-disk-by\x2duuid-b9dfb7d1\x2d85a4\x2d4208\x2db8b0\x2d4109685553a0.device - SAMSUNG MZVLB256HAHQ-000H1 2.
2024-08-08T14:51:14.261557+00:00 lloyddesk kernel: ACPI: SSDT 0x0000000089382000 0020AD (v02 CpuRef CpuSsdt  00003000 INTL 20160527)
2024-08-08T14:51:14.261558+00:00 lloyddesk kernel: ACPI: SSDT 0x0000000089381000 000A52 (v02 PmRef  ItbmSci  00003000 INTL 20160527)
2024-08-08T14:51:14.261558+00:00 lloyddesk kernel: ACPI: FIDT 0x0000000089345000 00009C (v01 ALASKA A M I    01072009 AMI  00010013)
2024-08-08T14:51:14.261560+00:00 lloyddesk kernel: ACPI: SSDT 0x0000000089340000 0030AD (v02 SaSsdt SaSsdt   00003000 INTL 20160527)
2024-08-08T14:51:14.261559+00:00 lloyddesk systemd[1]: Found device dev-disk-by\x2duuid-C3A1\x2d1A58.device - SAMSUNG MZVLB256HAHQ-000H1 1.
2024-08-08T14:51:14.261560+00:00 lloyddesk kernel: ACPI: HPET 0x000000008933F000 000038 (v01 ALASKA A M I    01072009 AMI  01000013)
2024-08-08T14:51:14.261561+00:00 lloyddesk kernel: ACPI: SSDT 0x000000008933D000 00147B (v02 ALASKA Ther_Rvp 00001000 INTL 20160527)
2024-08-08T14:51:14.261562+00:00 lloyddesk kernel: ACPI: SSDT 0x0000000089339000 00373E (v02 INTEL  xh_cmvd4 00000000 INTL 20160527)
2024-08-08T14:51:14.261562+00:00 lloyddesk kernel: ACPI: NHLT 0x0000000089338000 00002D (v00 ALASKA A M I    01072009 AMI  01000013)
2024-08-08T14:51:14.261562+00:00 lloyddesk kernel: ACPI: LPIT 0x0000000089336000 000094 (v01 ALASKA A M I    01072009 AMI  01000013)
2024-08-08T14:51:14.261562+00:00 lloyddesk systemd[1]: Starting systemd-cryptsetup@dm_crypt\x2d0.service - Cryptography Setup for dm_crypt-0...
2024-08-08T14:51:14.261564+00:00 lloyddesk kernel: ACPI: WSMT 0x0000000089335000 000028 (v01 ALASKA A M I    01072009 AMI  01000013)
2024-08-08T14:51:14.261564+00:00 lloyddesk kernel: ACPI: SSDT 0x0000000089332000 002720 (v02 ALASKA PtidDevc 00001000 INTL 20160527)
2024-08-08T14:51:14.261564+00:00 lloyddesk systemd[1]: Starting systemd-sysctl.service - Apply Kernel Variables...
2024-08-08T14:51:14.261565+00:00 lloyddesk kernel: ACPI: DBGP 0x0000000089331000 000034 (v01 ALASKA A M I    01072009 AMI  01000013)
2024-08-08T14:51:14.261566+00:00 lloyddesk kernel: ACPI: DBG2 0x0000000089330000 000054 (v00 ALASKA A M I    01072009 AMI  01000013)
2024-08-08T14:51:14.261566+00:00 lloyddesk kernel: ACPI: WPBT 0x0000000089247000 00003C (v01 ALASKA A M I    00000001 ASUS 00000001)
2024-08-08T14:51:14.261566+00:00 lloyddesk kernel: ACPI: TPM2 0x0000000089246000 00004C (v04 ALASKA A M I    00000001 AMI  00000000)
2024-08-08T14:51:14.261566+00:00 lloyddesk systemd[1]: Listening on systemd-rfkill.socket - Load/Save RF Kill Switch Status /dev/rfkill Watch.
2024-08-08T14:51:14.261568+00:00 lloyddesk kernel: ACPI: APIC 0x0000000089245000 00012C (v04 ALASKA A M I    01072009 AMI  00010013)
2024-08-08T14:51:14.261569+00:00 lloyddesk kernel: ACPI: FPDT 0x0000000089244000 000044 (v01 ALASKA A M I    01072009 AMI  01000013)
2024-08-08T14:51:14.261569+00:00 lloyddesk kernel: ACPI: Reserving FACP table memory at [mem 0x89380000-0x89380113]
2024-08-08T14:51:14.261569+00:00 lloyddesk kernel: ACPI: Reserving DSDT table memory at [mem 0x89346000-0x8937f184]
2024-08-08T14:51:14.261570+00:00 lloyddesk kernel: ACPI: Reserving FACS table memory at [mem 0x89487000-0x8948703f]
2024-08-08T14:51:14.261570+00:00 lloyddesk kernel: ACPI: Reserving MCFG table memory at [mem 0x89385000-0x8938503b]
2024-08-08T14:51:14.261568+00:00 lloyddesk systemd[1]: Starting modprobe@dm_mod.service - Load Kernel Module dm_mod...
2024-08-08T14:51:14.261571+00:00 lloyddesk kernel: ACPI: Reserving SSDT table memory at [mem 0x89382000-0x893840ac]
2024-08-08T14:51:14.261572+00:00 lloyddesk kernel: ACPI: Reserving SSDT table memory at [mem 0x89381000-0x89381a51]
2024-08-08T14:51:14.261573+00:00 lloyddesk kernel: ACPI: Reserving FIDT table memory at [mem 0x89345000-0x8934509b]
2024-08-08T14:51:14.261573+00:00 lloyddesk kernel: ACPI: Reserving SSDT table memory at [mem 0x89340000-0x893430ac]
2024-08-08T14:51:14.261573+00:00 lloyddesk kernel: ACPI: Reserving HPET table memory at [mem 0x8933f000-0x8933f037]
2024-08-08T14:51:14.261574+00:00 lloyddesk kernel: ACPI: Reserving SSDT table memory at [mem 0x8933d000-0x8933e47a]
2024-08-08T14:51:14.261574+00:00 lloyddesk kernel: ACPI: Reserving SSDT table memory at [mem 0x89339000-0x8933c73d]
2024-08-08T14:51:14.261573+00:00 lloyddesk systemd[1]: Starting modprobe@efi_pstore.service - Load Kernel Module efi_pstore...
2024-08-08T14:51:14.261575+00:00 lloyddesk kernel: ACPI: Reserving NHLT table memory at [mem 0x89338000-0x8933802c]
2024-08-08T14:51:14.261576+00:00 lloyddesk kernel: ACPI: Reserving LPIT table memory at [mem 0x89336000-0x89336093]
2024-08-08T14:51:14.261576+00:00 lloyddesk kernel: ACPI: Reserving WSMT table memory at [mem 0x89335000-0x89335027]
2024-08-08T14:51:14.261576+00:00 lloyddesk systemd[1]: Starting modprobe@loop.service - Load Kernel Module loop...
2024-08-08T14:51:14.261577+00:00 lloyddesk kernel: ACPI: Reserving SSDT table memory at [mem 0x89332000-0x8933471f]
2024-08-08T14:51:14.261577+00:00 lloyddesk kernel: ACPI: Reserving DBGP table memory at [mem 0x89331000-0x89331033]
2024-08-08T14:51:14.261578+00:00 lloyddesk kernel: ACPI: Reserving DBG2 table memory at [mem 0x89330000-0x89330053]
2024-08-08T14:51:14.261578+00:00 lloyddesk kernel: ACPI: Reserving WPBT table memory at [mem 0x89247000-0x8924703b]
2024-08-08T14:51:14.261579+00:00 lloyddesk kernel: ACPI: Reserving TPM2 table memory at [mem 0x89246000-0x8924604b]
2024-08-08T14:51:14.261578+00:00 lloyddesk systemd[1]: systemd-fsck-root.service - File System Check on Root Device was skipped because of an unmet condition check (ConditionPathExists=!/run/initramfs/fsck-root).
2024-08-08T14:51:14.261580+00:00 lloyddesk kernel: ACPI: Reserving APIC table memory at [mem 0x89245000-0x8924512b]
2024-08-08T14:51:14.261581+00:00 lloyddesk kernel: ACPI: Reserving FPDT table memory at [mem 0x89244000-0x89244043]
2024-08-08T14:51:14.261581+00:00 lloyddesk kernel: No NUMA configuration found
2024-08-08T14:51:14.261581+00:00 lloyddesk kernel: Faking a node at [mem 0x0000000000000000-0x000000026f7fffff]
2024-08-08T14:51:14.261582+00:00 lloyddesk kernel: NODE_DATA(0) allocated [mem 0x26f7d5000-0x26f7fffff]
2024-08-08T14:51:14.261581+00:00 lloyddesk systemd[1]: systemd-hwdb-update.service - Rebuild Hardware Database was skipped because no trigger condition checks were met.
2024-08-08T14:51:14.261583+00:00 lloyddesk kernel: Zone ranges:
2024-08-08T14:51:14.261583+00:00 lloyddesk kernel:   DMA      [mem 0x0000000000001000-0x0000000000ffffff]
2024-08-08T14:51:14.261584+00:00 lloyddesk kernel:   DMA32    [mem 0x0000000001000000-0x00000000ffffffff]
2024-08-08T14:51:14.261583+00:00 lloyddesk systemd[1]: systemd-pcrmachine.service - TPM2 PCR Machine ID Measurement was skipped because of an unmet condition check (ConditionSecurity=measured-uki).
2024-08-08T14:51:14.261584+00:00 lloyddesk kernel:   Normal   [mem 0x0000000100000000-0x000000026f7fffff]
2024-08-08T14:51:14.261585+00:00 lloyddesk kernel:   Device   empty
2024-08-08T14:51:14.261585+00:00 lloyddesk kernel: Movable zone start for each node
2024-08-08T14:51:14.261586+00:00 lloyddesk kernel: Early memory node ranges
2024-08-08T14:51:14.261587+00:00 lloyddesk kernel:   node   0: [mem 0x0000000000001000-0x000000000009dfff]
2024-08-08T14:51:14.261587+00:00 lloyddesk kernel:   node   0: [mem 0x000000000009f000-0x000000000009ffff]
2024-08-08T14:51:14.261587+00:00 lloyddesk kernel:   node   0: [mem 0x0000000000100000-0x000000006b12afff]
2024-08-08T14:51:14.261586+00:00 lloyddesk systemd[1]: systemd-tpm2-setup-early.service - TPM2 SRK Setup (Early) was skipped because of an unmet condition check (ConditionSecurity=measured-uki).
2024-08-08T14:51:14.261588+00:00 lloyddesk kernel:   node   0: [mem 0x000000006b12c000-0x000000006cc8cfff]
2024-08-08T14:51:14.261588+00:00 lloyddesk kernel:   node   0: [mem 0x000000006cc8e000-0x000000007a747fff]
2024-08-08T14:51:14.261589+00:00 lloyddesk kernel:   node   0: [mem 0x000000007a749000-0x000000007a76ffff]
2024-08-08T14:51:14.261589+00:00 lloyddesk systemd[1]: systemd-tpm2-setup.service - TPM2 SRK Setup was skipped because of an unmet condition check (ConditionSecurity=measured-uki).
2024-08-08T14:51:14.261590+00:00 lloyddesk kernel:   node   0: [mem 0x000000007a771000-0x0000000087363fff]
2024-08-08T14:51:14.261590+00:00 lloyddesk kernel:   node   0: [mem 0x0000000089ffe000-0x0000000089ffefff]
2024-08-08T14:51:14.261591+00:00 lloyddesk kernel:   node   0: [mem 0x0000000100000000-0x000000026f7fffff]
2024-08-08T14:51:14.261591+00:00 lloyddesk kernel: Initmem setup node 0 [mem 0x0000000000001000-0x000000026f7fffff]
2024-08-08T14:51:14.261591+00:00 lloyddesk kernel: On node 0, zone DMA: 1 pages in unavailable ranges
2024-08-08T14:51:14.261591+00:00 lloyddesk systemd-cryptsetup[1425]: Volume dm_crypt-0 already active.
2024-08-08T14:51:14.261592+00:00 lloyddesk kernel: On node 0, zone DMA: 1 pages in unavailable ranges
2024-08-08T14:51:14.261593+00:00 lloyddesk kernel: On node 0, zone DMA: 96 pages in unavailable ranges
2024-08-08T14:51:14.261594+00:00 lloyddesk kernel: On node 0, zone DMA32: 1 pages in unavailable ranges
2024-08-08T14:51:14.261593+00:00 lloyddesk systemd[1]: Finished systemd-cryptsetup@dm_crypt\x2d0.service - Cryptography Setup for dm_crypt-0.
2024-08-08T14:51:14.261595+00:00 lloyddesk systemd[1]: Finished systemd-sysctl.service - Apply Kernel Variables.
2024-08-08T14:51:14.261595+00:00 lloyddesk kernel: message repeated 3 times: [ On node 0, zone DMA32: 1 pages in unavailable ranges]
2024-08-08T14:51:14.261596+00:00 lloyddesk kernel: On node 0, zone DMA32: 11418 pages in unavailable ranges
2024-08-08T14:51:14.261598+00:00 lloyddesk kernel: On node 0, zone Normal: 24577 pages in unavailable ranges
2024-08-08T14:51:14.261598+00:00 lloyddesk kernel: On node 0, zone Normal: 2048 pages in unavailable ranges
2024-08-08T14:51:14.261597+00:00 lloyddesk systemd[1]: Reached target blockdev@dev-mapper-dm_crypt\x2d0.target - Block Device Preparation for /dev/mapper/dm_crypt-0.
2024-08-08T14:51:14.261599+00:00 lloyddesk kernel: Reserving Intel graphics memory at [mem 0x8b800000-0x8f7fffff]
2024-08-08T14:51:14.261600+00:00 lloyddesk kernel: ACPI: PM-Timer IO Port: 0x1808
2024-08-08T14:51:14.261600+00:00 lloyddesk kernel: ACPI: LAPIC_NMI (acpi_id[0x01] high edge lint[0x1])
2024-08-08T14:51:14.261600+00:00 lloyddesk kernel: ACPI: LAPIC_NMI (acpi_id[0x02] high edge lint[0x1])
2024-08-08T14:51:14.261601+00:00 lloyddesk kernel: ACPI: LAPIC_NMI (acpi_id[0x03] high edge lint[0x1])
2024-08-08T14:51:14.261601+00:00 lloyddesk kernel: ACPI: LAPIC_NMI (acpi_id[0x04] high edge lint[0x1])
2024-08-08T14:51:14.261600+00:00 lloyddesk systemd[1]: modprobe@dm_mod.service: Deactivated successfully.
2024-08-08T14:51:14.261603+00:00 lloyddesk kernel: ACPI: LAPIC_NMI (acpi_id[0x05] high edge lint[0x1])
2024-08-08T14:51:14.261604+00:00 lloyddesk kernel: ACPI: LAPIC_NMI (acpi_id[0x06] high edge lint[0x1])
2024-08-08T14:51:14.261603+00:00 lloyddesk systemd[1]: Finished modprobe@dm_mod.service - Load Kernel Module dm_mod.
2024-08-08T14:51:14.261604+00:00 lloyddesk kernel: ACPI: LAPIC_NMI (acpi_id[0x07] high edge lint[0x1])
2024-08-08T14:51:14.261605+00:00 lloyddesk kernel: ACPI: LAPIC_NMI (acpi_id[0x08] high edge lint[0x1])
2024-08-08T14:51:14.261605+00:00 lloyddesk kernel: ACPI: LAPIC_NMI (acpi_id[0x09] high edge lint[0x1])
2024-08-08T14:51:14.261605+00:00 lloyddesk kernel: ACPI: LAPIC_NMI (acpi_id[0x0a] high edge lint[0x1])
2024-08-08T14:51:14.261605+00:00 lloyddesk systemd[1]: modprobe@efi_pstore.service: Deactivated successfully.
2024-08-08T14:51:14.261606+00:00 lloyddesk kernel: ACPI: LAPIC_NMI (acpi_id[0x0b] high edge lint[0x1])
2024-08-08T14:51:14.261607+00:00 lloyddesk systemd[1]: Finished modprobe@efi_pstore.service - Load Kernel Module efi_pstore.
2024-08-08T14:51:14.261608+00:00 lloyddesk kernel: ACPI: LAPIC_NMI (acpi_id[0x0c] high edge lint[0x1])
2024-08-08T14:51:14.261610+00:00 lloyddesk kernel: ACPI: LAPIC_NMI (acpi_id[0x0d] high edge lint[0x1])
2024-08-08T14:51:14.261610+00:00 lloyddesk kernel: ACPI: LAPIC_NMI (acpi_id[0x0e] high edge lint[0x1])
2024-08-08T14:51:14.261610+00:00 lloyddesk kernel: ACPI: LAPIC_NMI (acpi_id[0x0f] high edge lint[0x1])
2024-08-08T14:51:14.261611+00:00 lloyddesk kernel: ACPI: LAPIC_NMI (acpi_id[0x10] high edge lint[0x1])
2024-08-08T14:51:14.261610+00:00 lloyddesk systemd[1]: modprobe@loop.service: Deactivated successfully.
2024-08-08T14:51:14.261611+00:00 lloyddesk kernel: IOAPIC[0]: apic_id 2, version 32, address 0xfec00000, GSI 0-119
2024-08-08T14:51:14.261613+00:00 lloyddesk kernel: ACPI: INT_SRC_OVR (bus 0 bus_irq 0 global_irq 2 dfl dfl)
2024-08-08T14:51:14.261613+00:00 lloyddesk kernel: ACPI: INT_SRC_OVR (bus 0 bus_irq 9 global_irq 9 high level)
2024-08-08T14:51:14.261614+00:00 lloyddesk kernel: ACPI: Using ACPI (MADT) for SMP configuration information
2024-08-08T14:51:14.261614+00:00 lloyddesk kernel: ACPI: HPET id: 0x8086a201 base: 0xfed00000
2024-08-08T14:51:14.261614+00:00 lloyddesk kernel: TSC deadline timer available
2024-08-08T14:51:14.261613+00:00 lloyddesk systemd[1]: Finished modprobe@loop.service - Load Kernel Module loop.
2024-08-08T14:51:14.261615+00:00 lloyddesk kernel: smpboot: Allowing 16 CPUs, 0 hotplug CPUs
2024-08-08T14:51:14.261615+00:00 lloyddesk kernel: PM: hibernation: Registered nosave memory: [mem 0x00000000-0x00000fff]
2024-08-08T14:51:14.261616+00:00 lloyddesk kernel: PM: hibernation: Registered nosave memory: [mem 0x0009e000-0x0009efff]
2024-08-08T14:51:14.261616+00:00 lloyddesk systemd[1]: systemd-pstore.service - Platform Persistent Storage Archival was skipped because of an unmet condition check (ConditionDirectoryNotEmpty=/sys/fs/pstore).
2024-08-08T14:51:14.261617+00:00 lloyddesk kernel: PM: hibernation: Registered nosave memory: [mem 0x000a0000-0x000fffff]
2024-08-08T14:51:14.261618+00:00 lloyddesk kernel: PM: hibernation: Registered nosave memory: [mem 0x6b12b000-0x6b12bfff]
2024-08-08T14:51:14.261618+00:00 lloyddesk kernel: PM: hibernation: Registered nosave memory: [mem 0x6cc8d000-0x6cc8dfff]
2024-08-08T14:51:14.261619+00:00 lloyddesk kernel: PM: hibernation: Registered nosave memory: [mem 0x798e3000-0x798e3fff]
2024-08-08T14:51:14.261619+00:00 lloyddesk kernel: PM: hibernation: Registered nosave memory: [mem 0x798f1000-0x798f1fff]
2024-08-08T14:51:14.261618+00:00 lloyddesk systemd[1]: systemd-repart.service - Repartition Root Disk was skipped because no trigger condition checks were met.
2024-08-08T14:51:14.261620+00:00 lloyddesk kernel: PM: hibernation: Registered nosave memory: [mem 0x7a748000-0x7a748fff]
2024-08-08T14:51:14.261621+00:00 lloyddesk systemd[1]: Finished keyboard-setup.service - Set the console keyboard layout.
2024-08-08T14:51:14.261623+00:00 lloyddesk systemd[1]: Reached target local-fs-pre.target - Preparation for Local File Systems.
2024-08-08T14:51:14.261625+00:00 lloyddesk systemd[1]: Mounting snap-bare-5.mount - Mount unit for bare, revision 5...
2024-08-08T14:51:14.261626+00:00 lloyddesk systemd[1]: Mounting snap-core22-1564.mount - Mount unit for core22, revision 1564...
2024-08-08T14:51:14.261629+00:00 lloyddesk systemd[1]: Mounting snap-firefox-4793.mount - Mount unit for firefox, revision 4793...
2024-08-08T14:51:14.261631+00:00 lloyddesk systemd[1]: Mounting snap-firmware\x2dupdater-127.mount - Mount unit for firmware-updater, revision 127...
2024-08-08T14:51:14.261633+00:00 lloyddesk systemd[1]: Mounting snap-gnome\x2d42\x2d2204-176.mount - Mount unit for gnome-42-2204, revision 176...
2024-08-08T14:51:14.261635+00:00 lloyddesk systemd[1]: Mounting snap-gtk\x2dcommon\x2dthemes-1535.mount - Mount unit for gtk-common-themes, revision 1535...
2024-08-08T14:51:14.261636+00:00 lloyddesk systemd[1]: Mounting snap-snap\x2dstore-1173.mount - Mount unit for snap-store, revision 1173...
2024-08-08T14:51:14.261639+00:00 lloyddesk systemd[1]: Mounting snap-snapd-21759.mount - Mount unit for snapd, revision 21759...
2024-08-08T14:51:14.261641+00:00 lloyddesk systemd[1]: Mounting snap-snapd\x2ddesktop\x2dintegration-178.mount - Mount unit for snapd-desktop-integration, revision 178...
2024-08-08T14:51:14.261643+00:00 lloyddesk systemd[1]: Starting plymouth-start.service - Show Plymouth Boot Screen...
2024-08-08T14:51:14.261645+00:00 lloyddesk systemd[1]: Starting systemd-fsck@dev-disk-by\x2duuid-C3A1\x2d1A58.service - File System Check on /dev/disk/by-uuid/C3A1-1A58...
2024-08-08T14:51:14.261647+00:00 lloyddesk systemd[1]: Starting systemd-fsck@dev-disk-by\x2duuid-b9dfb7d1\x2d85a4\x2d4208\x2db8b0\x2d4109685553a0.service - File System Check on /dev/disk/by-uuid/b9dfb7d1-85a4-4208-b8b0-4109685553a0...
2024-08-08T14:51:14.261650+00:00 lloyddesk (udev-worker)[1386]: event7: Failed to call EVIOCSKEYCODE with scan code 0x7c, and key code 190: Invalid argument
2024-08-08T14:51:14.261652+00:00 lloyddesk systemd[1]: Mounted snap-bare-5.mount - Mount unit for bare, revision 5.
2024-08-08T14:51:14.261653+00:00 lloyddesk kernel: PM: hibernation: Registered nosave memory: [mem 0x7a770000-0x7a770fff]
2024-08-08T14:51:14.261654+00:00 lloyddesk kernel: PM: hibernation: Registered nosave memory: [mem 0x856f6000-0x856f6fff]
2024-08-08T14:51:14.261654+00:00 lloyddesk kernel: PM: hibernation: Registered nosave memory: [mem 0x87364000-0x891f2fff]
2024-08-08T14:51:14.261654+00:00 lloyddesk kernel: PM: hibernation: Registered nosave memory: [mem 0x891f3000-0x89387fff]
2024-08-08T14:51:14.261655+00:00 lloyddesk kernel: PM: hibernation: Registered nosave memory: [mem 0x89388000-0x89487fff]
2024-08-08T14:51:14.261654+00:00 lloyddesk systemd[1]: Mounted snap-core22-1564.mount - Mount unit for core22, revision 1564.
2024-08-08T14:51:14.261656+00:00 lloyddesk systemd[1]: Mounted snap-firefox-4793.mount - Mount unit for firefox, revision 4793.
2024-08-08T14:51:14.261659+00:00 lloyddesk kernel: PM: hibernation: Registered nosave memory: [mem 0x89488000-0x89ffdfff]
2024-08-08T14:51:14.261658+00:00 lloyddesk systemd[1]: Mounted snap-firmware\x2dupdater-127.mount - Mount unit for firmware-updater, revision 127.
2024-08-08T14:51:14.261660+00:00 lloyddesk kernel: PM: hibernation: Registered nosave memory: [mem 0x89fff000-0x8f7fffff]
2024-08-08T14:51:14.261660+00:00 lloyddesk kernel: PM: hibernation: Registered nosave memory: [mem 0x8f800000-0xfdffffff]
2024-08-08T14:51:14.261661+00:00 lloyddesk kernel: PM: hibernation: Registered nosave memory: [mem 0xfe000000-0xfe010fff]
2024-08-08T14:51:14.261661+00:00 lloyddesk kernel: PM: hibernation: Registered nosave memory: [mem 0xfe011000-0xfebfffff]
2024-08-08T14:51:14.261661+00:00 lloyddesk kernel: PM: hibernation: Registered nosave memory: [mem 0xfec00000-0xfec00fff]
2024-08-08T14:51:14.261661+00:00 lloyddesk kernel: PM: hibernation: Registered nosave memory: [mem 0xfec01000-0xfedfffff]
2024-08-08T14:51:14.261661+00:00 lloyddesk systemd[1]: Mounted snap-gnome\x2d42\x2d2204-176.mount - Mount unit for gnome-42-2204, revision 176.
2024-08-08T14:51:14.261665+00:00 lloyddesk kernel: PM: hibernation: Registered nosave memory: [mem 0xfee00000-0xfee00fff]
2024-08-08T14:51:14.261664+00:00 lloyddesk systemd[1]: Mounted snap-gtk\x2dcommon\x2dthemes-1535.mount - Mount unit for gtk-common-themes, revision 1535.
2024-08-08T14:51:14.261665+00:00 lloyddesk kernel: PM: hibernation: Registered nosave memory: [mem 0xfee01000-0xffffffff]
2024-08-08T14:51:14.261666+00:00 lloyddesk kernel: [mem 0x8f800000-0xfdffffff] available for PCI devices
2024-08-08T14:51:14.261666+00:00 lloyddesk kernel: Booting paravirtualized kernel on bare hardware
2024-08-08T14:51:14.261667+00:00 lloyddesk kernel: clocksource: refined-jiffies: mask: 0xffffffff max_cycles: 0xffffffff, max_idle_ns: 1910969940391419 ns
2024-08-08T14:51:14.261666+00:00 lloyddesk systemd[1]: Mounted snap-snap\x2dstore-1173.mount - Mount unit for snap-store, revision 1173.
2024-08-08T14:51:14.261667+00:00 lloyddesk kernel: setup_percpu: NR_CPUS:8192 nr_cpumask_bits:16 nr_cpu_ids:16 nr_node_ids:1
2024-08-08T14:51:14.261668+00:00 lloyddesk systemd[1]: Mounted snap-snapd-21759.mount - Mount unit for snapd, revision 21759.
2024-08-08T14:51:14.261670+00:00 lloyddesk kernel: percpu: Embedded 86 pages/cpu s229376 r8192 d114688 u524288
2024-08-08T14:51:14.261670+00:00 lloyddesk systemd[1]: Mounted snap-snapd\x2ddesktop\x2dintegration-178.mount - Mount unit for snapd-desktop-integration, revision 178.
2024-08-08T14:51:14.261671+00:00 lloyddesk kernel: pcpu-alloc: s229376 r8192 d114688 u524288 alloc=1*2097152
2024-08-08T14:51:14.261672+00:00 lloyddesk kernel: pcpu-alloc: [0] 00 01 02 03 [0] 04 05 06 07 
2024-08-08T14:51:14.261672+00:00 lloyddesk kernel: pcpu-alloc: [0] 08 09 10 11 [0] 12 13 14 15 
2024-08-08T14:51:14.261673+00:00 lloyddesk kernel: Kernel command line: BOOT_IMAGE=/vmlinuz-6.8.0-41-generic root=/dev/mapper/ubuntu--vg-ubuntu--lv ro quiet splash vt.handoff=7
2024-08-08T14:51:14.261673+00:00 lloyddesk kernel: Unknown kernel command line parameters "splash BOOT_IMAGE=/vmlinuz-6.8.0-41-generic", will be passed to user space.
2024-08-08T14:51:14.261672+00:00 lloyddesk systemd[1]: Reached target snapd.mounts.target - Mounted snaps.
2024-08-08T14:51:14.261676+00:00 lloyddesk systemd[1]: Started systemd-fsckd.service - File System Check Daemon to report status.
2024-08-08T14:51:14.261677+00:00 lloyddesk kernel: Dentry cache hash table entries: 1048576 (order: 11, 8388608 bytes, linear)
2024-08-08T14:51:14.261678+00:00 lloyddesk kernel: Inode-cache hash table entries: 524288 (order: 10, 4194304 bytes, linear)
2024-08-08T14:51:14.261679+00:00 lloyddesk kernel: Fallback order for Node 0: 0 
2024-08-08T14:51:14.261679+00:00 lloyddesk kernel: Built 1 zonelists, mobility grouping on.  Total pages: 2026675
2024-08-08T14:51:14.261679+00:00 lloyddesk kernel: Policy zone: Normal
2024-08-08T14:51:14.261680+00:00 lloyddesk kernel: mem auto-init: stack:all(zero), heap alloc:on, heap free:off
2024-08-08T14:51:14.261678+00:00 lloyddesk systemd-fsck[1514]: /dev/nvme0n1p2: clean, 317/131072 files, 51820/524288 blocks
2024-08-08T14:51:14.261682+00:00 lloyddesk kernel: software IO TLB: area num 16.
2024-08-08T14:51:14.261682+00:00 lloyddesk kernel: Memory: 7814868K/8236028K available (22528K kernel code, 4441K rwdata, 14308K rodata, 4972K init, 4736K bss, 420900K reserved, 0K cma-reserved)
2024-08-08T14:51:14.261683+00:00 lloyddesk kernel: SLUB: HWalign=64, Order=0-3, MinObjects=0, CPUs=16, Nodes=1
2024-08-08T14:51:14.261683+00:00 lloyddesk kernel: ftrace: allocating 57864 entries in 227 pages
2024-08-08T14:51:14.261682+00:00 lloyddesk systemd[1]: Finished systemd-fsck@dev-disk-by\x2duuid-b9dfb7d1\x2d85a4\x2d4208\x2db8b0\x2d4109685553a0.service - File System Check on /dev/disk/by-uuid/b9dfb7d1-85a4-4208-b8b0-4109685553a0.
2024-08-08T14:51:14.261684+00:00 lloyddesk kernel: ftrace: allocated 227 pages with 5 groups
2024-08-08T14:51:14.261684+00:00 lloyddesk kernel: Dynamic Preempt: voluntary
2024-08-08T14:51:14.261685+00:00 lloyddesk kernel: rcu: Preemptible hierarchical RCU implementation.
2024-08-08T14:51:14.261685+00:00 lloyddesk systemd-fsck[1515]: fsck.fat 4.2 (2021-01-31)
2024-08-08T14:51:14.261687+00:00 lloyddesk kernel: rcu: 	RCU restricting CPUs from NR_CPUS=8192 to nr_cpu_ids=16.
2024-08-08T14:51:14.261687+00:00 lloyddesk systemd-fsck[1515]: /dev/nvme0n1p1: 11 files, 1571/274630 clusters
2024-08-08T14:51:14.261688+00:00 lloyddesk kernel: 	Trampoline variant of Tasks RCU enabled.
2024-08-08T14:51:14.261690+00:00 lloyddesk kernel: 	Rude variant of Tasks RCU enabled.
2024-08-08T14:51:14.261690+00:00 lloyddesk kernel: 	Tracing variant of Tasks RCU enabled.
2024-08-08T14:51:14.261690+00:00 lloyddesk kernel: rcu: RCU calculated value of scheduler-enlistment delay is 100 jiffies.
2024-08-08T14:51:14.261691+00:00 lloyddesk kernel: rcu: Adjusting geometry for rcu_fanout_leaf=16, nr_cpu_ids=16
2024-08-08T14:51:14.261691+00:00 lloyddesk systemd[1]: Finished systemd-fsck@dev-disk-by\x2duuid-C3A1\x2d1A58.service - File System Check on /dev/disk/by-uuid/C3A1-1A58.
2024-08-08T14:51:14.261710+00:00 lloyddesk kernel: NR_IRQS: 524544, nr_irqs: 2184, preallocated irqs: 16
2024-08-08T14:51:14.261712+00:00 lloyddesk kernel: rcu: srcu_init: Setting srcu_struct sizes based on contention.
2024-08-08T14:51:14.261713+00:00 lloyddesk kernel: Console: colour dummy device 80x25
2024-08-08T14:51:14.261716+00:00 lloyddesk kernel: printk: legacy console [tty0] enabled
2024-08-08T14:51:14.261716+00:00 lloyddesk kernel: ACPI: Core revision 20230628
2024-08-08T14:51:14.261717+00:00 lloyddesk kernel: clocksource: hpet: mask: 0xffffffff max_cycles: 0xffffffff, max_idle_ns: 79635855245 ns
2024-08-08T14:51:14.261713+00:00 lloyddesk systemd[1]: Started plymouth-start.service - Show Plymouth Boot Screen.
2024-08-08T14:51:14.261724+00:00 lloyddesk kernel: APIC: Switch to symmetric I/O mode setup
2024-08-08T14:51:14.261725+00:00 lloyddesk kernel: x2apic: IRQ remapping doesn't support X2APIC mode
2024-08-08T14:51:14.261726+00:00 lloyddesk kernel: APIC: Switched APIC routing to: physical flat
2024-08-08T14:51:14.261726+00:00 lloyddesk kernel: ..TIMER: vector=0x30 apic1=0 pin1=2 apic2=-1 pin2=-1
2024-08-08T14:51:14.261727+00:00 lloyddesk kernel: clocksource: tsc-early: mask: 0xffffffffffffffff max_cycles: 0x29ccd767b87, max_idle_ns: 440795223720 ns
2024-08-08T14:51:14.261727+00:00 lloyddesk kernel: Calibrating delay loop (skipped), value calculated using timer frequency.. 5799.77 BogoMIPS (lpj=2899886)
2024-08-08T14:51:14.261726+00:00 lloyddesk systemd[1]: systemd-ask-password-console.path - Dispatch Password Requests to Console Directory Watch was skipped because of an unmet condition check (ConditionPathExists=!/run/plymouth/pid).
2024-08-08T14:51:14.261729+00:00 lloyddesk systemd[1]: Started systemd-ask-password-plymouth.path - Forward Password Requests to Plymouth Directory Watch.
2024-08-08T14:51:14.261730+00:00 lloyddesk kernel: x86/cpu: VMX (outside TXT) disabled by BIOS
2024-08-08T14:51:14.261756+00:00 lloyddesk kernel: x86/cpu: SGX disabled by BIOS.
2024-08-08T14:51:14.261756+00:00 lloyddesk kernel: CPU0: Thermal monitoring enabled (TM1)
2024-08-08T14:51:14.261757+00:00 lloyddesk kernel: process: using mwait in idle threads
2024-08-08T14:51:14.261755+00:00 lloyddesk systemd[1]: Reached target cryptsetup.target - Local Encrypted Volumes.
2024-08-08T14:51:14.261759+00:00 lloyddesk kernel: Last level iTLB entries: 4KB 64, 2MB 8, 4MB 8
2024-08-08T14:51:14.261759+00:00 lloyddesk kernel: Last level dTLB entries: 4KB 64, 2MB 0, 4MB 0, 1GB 4
2024-08-08T14:51:14.261760+00:00 lloyddesk kernel: Spectre V1 : Mitigation: usercopy/swapgs barriers and __user pointer sanitization
2024-08-08T14:51:14.261760+00:00 lloyddesk kernel: Spectre V2 : Spectre BHI mitigation: SW BHB clearing on vm exit
2024-08-08T14:51:14.261759+00:00 lloyddesk cloud-init[1542]: Cloud-init v. 24.1.3-0ubuntu3.3 running 'init-local' at Thu, 08 Aug 2024 14:51:10 +0000. Up 27.55 seconds.
2024-08-08T14:51:14.261761+00:00 lloyddesk kernel: Spectre V2 : Spectre BHI mitigation: SW BHB clearing on syscall
2024-08-08T14:51:14.261762+00:00 lloyddesk kernel: Spectre V2 : Mitigation: Enhanced / Automatic IBRS
2024-08-08T14:51:14.261763+00:00 lloyddesk kernel: Spectre V2 : Spectre v2 / SpectreRSB mitigation: Filling RSB on context switch
2024-08-08T14:51:14.261762+00:00 lloyddesk systemd[1]: netplan-ovs-cleanup.service - OpenVSwitch configuration for cleanup was skipped because of an unmet condition check (ConditionFileIsExecutable=/usr/bin/ovs-vsctl).
2024-08-08T14:51:14.261763+00:00 lloyddesk kernel: Spectre V2 : Spectre v2 / PBRSB-eIBRS: Retire a single CALL on VMEXIT
2024-08-08T14:51:14.261765+00:00 lloyddesk kernel: RETBleed: Mitigation: Enhanced IBRS
2024-08-08T14:51:14.261765+00:00 lloyddesk kernel: Spectre V2 : mitigation: Enabling conditional Indirect Branch Prediction Barrier
2024-08-08T14:51:14.261766+00:00 lloyddesk kernel: Speculative Store Bypass: Mitigation: Speculative Store Bypass disabled via prctl
2024-08-08T14:51:14.261765+00:00 lloyddesk systemd[1]: Reloading requested from client PID 1550 ('systemctl') (unit cloud-init-local.service)...
2024-08-08T14:51:14.261766+00:00 lloyddesk kernel: MMIO Stale Data: Mitigation: Clear CPU buffers
2024-08-08T14:51:14.261768+00:00 lloyddesk kernel: SRBDS: Mitigation: Microcode
2024-08-08T14:51:14.261768+00:00 lloyddesk systemd[1]: Reloading...
2024-08-08T14:51:14.261768+00:00 lloyddesk kernel: GDS: Mitigation: Microcode
2024-08-08T14:51:14.261770+00:00 lloyddesk kernel: x86/fpu: Supporting XSAVE feature 0x001: 'x87 floating point registers'
2024-08-08T14:51:14.261770+00:00 lloyddesk kernel: x86/fpu: Supporting XSAVE feature 0x002: 'SSE registers'
2024-08-08T14:51:14.261770+00:00 lloyddesk kernel: x86/fpu: Supporting XSAVE feature 0x004: 'AVX registers'
2024-08-08T14:51:14.261771+00:00 lloyddesk kernel: x86/fpu: Supporting XSAVE feature 0x008: 'MPX bounds registers'
2024-08-08T14:51:14.261770+00:00 lloyddesk systemd[1]: Configuration file /run/systemd/system/netplan-ovs-cleanup.service is marked world-inaccessible. This has no effect as configuration data is accessible via APIs without restrictions. Proceeding anyway.
2024-08-08T14:51:14.261771+00:00 lloyddesk kernel: x86/fpu: Supporting XSAVE feature 0x010: 'MPX CSR'
2024-08-08T14:51:14.261772+00:00 lloyddesk kernel: x86/fpu: Supporting XSAVE feature 0x200: 'Protection Keys User registers'
2024-08-08T14:51:14.261772+00:00 lloyddesk kernel: x86/fpu: xstate_offset[2]:  576, xstate_sizes[2]:  256
2024-08-08T14:51:14.261773+00:00 lloyddesk kernel: x86/fpu: xstate_offset[3]:  832, xstate_sizes[3]:   64
2024-08-08T14:51:14.261773+00:00 lloyddesk kernel: x86/fpu: xstate_offset[4]:  896, xstate_sizes[4]:   64
2024-08-08T14:51:14.261773+00:00 lloyddesk systemd[1]: Reloading finished in 178 ms.
2024-08-08T14:51:14.261774+00:00 lloyddesk kernel: x86/fpu: xstate_offset[9]:  960, xstate_sizes[9]:    8
2024-08-08T14:51:14.261775+00:00 lloyddesk kernel: x86/fpu: Enabled xstate features 0x21f, context size is 968 bytes, using 'compacted' format.
2024-08-08T14:51:14.261775+00:00 lloyddesk kernel: Freeing SMP alternatives memory: 48K
2024-08-08T14:51:14.261776+00:00 lloyddesk kernel: pid_max: default: 32768 minimum: 301
2024-08-08T14:51:14.261775+00:00 lloyddesk systemd[1]: Finished cloud-init-local.service - Initial cloud-init job (pre-networking).
2024-08-08T14:51:14.261776+00:00 lloyddesk kernel: LSM: initializing lsm=lockdown,capability,landlock,yama,apparmor,integrity
2024-08-08T14:51:14.261777+00:00 lloyddesk kernel: landlock: Up and running.
2024-08-08T14:51:14.261778+00:00 lloyddesk kernel: Yama: becoming mindful.
2024-08-08T14:51:14.261778+00:00 lloyddesk (udev-worker)[1382]: controlC0: Process '/usr/sbin/alsactl -E HOME=/run/alsa -E XDG_RUNTIME_DIR=/run/alsa/runtime restore 0' failed with exit code 99.
2024-08-08T14:51:14.261779+00:00 lloyddesk kernel: AppArmor: AppArmor initialized
2024-08-08T14:51:14.261780+00:00 lloyddesk kernel: Mount-cache hash table entries: 16384 (order: 5, 131072 bytes, linear)
2024-08-08T14:51:14.261781+00:00 lloyddesk kernel: Mountpoint-cache hash table entries: 16384 (order: 5, 131072 bytes, linear)
2024-08-08T14:51:14.261780+00:00 lloyddesk systemd[1]: systemd-ask-password-console.path - Dispatch Password Requests to Console Directory Watch was skipped because of an unmet condition check (ConditionPathExists=!/run/plymouth/pid).
2024-08-08T14:51:14.261781+00:00 lloyddesk kernel: smpboot: CPU0: Intel(R) Core(TM) i7-10700 CPU @ 2.90GHz (family: 0x6, model: 0xa5, stepping: 0x5)
2024-08-08T14:51:14.261782+00:00 lloyddesk kernel: RCU Tasks: Setting shift to 4 and lim to 1 rcu_task_cb_adjust=1.
2024-08-08T14:51:14.261782+00:00 lloyddesk kernel: RCU Tasks Rude: Setting shift to 4 and lim to 1 rcu_task_cb_adjust=1.
2024-08-08T14:51:14.261782+00:00 lloyddesk systemd[1]: Starting modprobe@dm_mod.service - Load Kernel Module dm_mod...
2024-08-08T14:51:14.261783+00:00 lloyddesk kernel: RCU Tasks Trace: Setting shift to 4 and lim to 1 rcu_task_cb_adjust=1.
2024-08-08T14:51:14.261784+00:00 lloyddesk kernel: Performance Events: PEBS fmt3+, Skylake events, 32-deep LBR, full-width counters, Intel PMU driver.
2024-08-08T14:51:14.261785+00:00 lloyddesk kernel: ... version:                4
2024-08-08T14:51:14.261785+00:00 lloyddesk kernel: ... bit width:              48
2024-08-08T14:51:14.261784+00:00 lloyddesk systemd[1]: Starting modprobe@efi_pstore.service - Load Kernel Module efi_pstore...
2024-08-08T14:51:14.261786+00:00 lloyddesk kernel: ... generic registers:      4
2024-08-08T14:51:14.261787+00:00 lloyddesk kernel: ... value mask:             0000ffffffffffff
2024-08-08T14:51:14.261787+00:00 lloyddesk kernel: ... max period:             00007fffffffffff
2024-08-08T14:51:14.261788+00:00 lloyddesk kernel: ... fixed-purpose events:   3
2024-08-08T14:51:14.261788+00:00 lloyddesk kernel: ... event mask:             000000070000000f
2024-08-08T14:51:14.261787+00:00 lloyddesk systemd[1]: Starting modprobe@loop.service - Load Kernel Module loop...
2024-08-08T14:51:14.261789+00:00 lloyddesk kernel: signal: max sigframe size: 3632
2024-08-08T14:51:14.261790+00:00 lloyddesk systemd[1]: systemd-fsck-root.service - File System Check on Root Device was skipped because of an unmet condition check (ConditionPathExists=!/run/initramfs/fsck-root).
2024-08-08T14:51:14.261792+00:00 lloyddesk systemd[1]: systemd-hwdb-update.service - Rebuild Hardware Database was skipped because no trigger condition checks were met.
2024-08-08T14:51:14.261794+00:00 lloyddesk systemd[1]: systemd-pcrmachine.service - TPM2 PCR Machine ID Measurement was skipped because of an unmet condition check (ConditionSecurity=measured-uki).
2024-08-08T14:51:14.261796+00:00 lloyddesk systemd[1]: systemd-tpm2-setup-early.service - TPM2 SRK Setup (Early) was skipped because of an unmet condition check (ConditionSecurity=measured-uki).
2024-08-08T14:51:14.261799+00:00 lloyddesk systemd[1]: systemd-tpm2-setup.service - TPM2 SRK Setup was skipped because of an unmet condition check (ConditionSecurity=measured-uki).
2024-08-08T14:51:14.261802+00:00 lloyddesk systemd[1]: modprobe@dm_mod.service: Deactivated successfully.
2024-08-08T14:51:14.261807+00:00 lloyddesk systemd[1]: Finished modprobe@dm_mod.service - Load Kernel Module dm_mod.
2024-08-08T14:51:14.261809+00:00 lloyddesk systemd[1]: modprobe@efi_pstore.service: Deactivated successfully.
2024-08-08T14:51:14.261812+00:00 lloyddesk systemd[1]: Finished modprobe@efi_pstore.service - Load Kernel Module efi_pstore.
2024-08-08T14:51:14.261815+00:00 lloyddesk systemd[1]: modprobe@loop.service: Deactivated successfully.
2024-08-08T14:51:14.261817+00:00 lloyddesk systemd[1]: Finished modprobe@loop.service - Load Kernel Module loop.
2024-08-08T14:51:14.261819+00:00 lloyddesk systemd[1]: systemd-pstore.service - Platform Persistent Storage Archival was skipped because of an unmet condition check (ConditionDirectoryNotEmpty=/sys/fs/pstore).
2024-08-08T14:51:14.261822+00:00 lloyddesk systemd[1]: systemd-repart.service - Repartition Root Disk was skipped because no trigger condition checks were met.
2024-08-08T14:51:14.261824+00:00 lloyddesk systemd[1]: Mounting boot.mount - /boot...
2024-08-08T14:51:14.261826+00:00 lloyddesk systemd[1]: Mounted boot.mount - /boot.
2024-08-08T14:51:14.261827+00:00 lloyddesk kernel: Estimated ratio of average max frequency by base frequency (times 1024): 1659
2024-08-08T14:51:14.261828+00:00 lloyddesk kernel: rcu: Hierarchical SRCU implementation.
2024-08-08T14:51:14.261828+00:00 lloyddesk kernel: rcu: 	Max phase no-delay instances is 400.
2024-08-08T14:51:14.261828+00:00 lloyddesk systemd[1]: Mounting boot-efi.mount - /boot/efi...
2024-08-08T14:51:14.261829+00:00 lloyddesk kernel: NMI watchdog: Enabled. Permanently consumes one hw-PMU counter.
2024-08-08T14:51:14.261830+00:00 lloyddesk kernel: smp: Bringing up secondary CPUs ...
2024-08-08T14:51:14.261830+00:00 lloyddesk kernel: smpboot: x86: Booting SMP configuration:
2024-08-08T14:51:14.261830+00:00 lloyddesk kernel: .... node  #0, CPUs:        #1  #2  #3  #4  #5  #6  #7  #8  #9 #10 #11 #12 #13 #14 #15
2024-08-08T14:51:14.261830+00:00 lloyddesk systemd[1]: Mounted boot-efi.mount - /boot/efi.
2024-08-08T14:51:14.261831+00:00 lloyddesk kernel: MMIO Stale Data CPU bug present and SMT on, data leak possible. See https://www.kernel.org/doc/html/latest/admin-guide/hw-vuln/processor_mmio_stale_data.html for more details.
2024-08-08T14:51:14.261832+00:00 lloyddesk kernel: smp: Brought up 1 node, 16 CPUs
2024-08-08T14:51:14.261832+00:00 lloyddesk kernel: smpboot: Max logical packages: 1
2024-08-08T14:51:14.261832+00:00 lloyddesk kernel: smpboot: Total of 16 processors activated (92796.35 BogoMIPS)
2024-08-08T14:51:14.261833+00:00 lloyddesk kernel: devtmpfs: initialized
2024-08-08T14:51:14.261834+00:00 lloyddesk kernel: x86/mm: Memory block size: 128MB
2024-08-08T14:51:14.261834+00:00 lloyddesk kernel: ACPI: PM: Registering ACPI NVS region [mem 0x7a748000-0x7a748fff] (4096 bytes)
2024-08-08T14:51:14.261832+00:00 lloyddesk systemd[1]: Reached target local-fs.target - Local File Systems.
2024-08-08T14:51:14.261835+00:00 lloyddesk kernel: ACPI: PM: Registering ACPI NVS region [mem 0x89388000-0x89487fff] (1048576 bytes)
2024-08-08T14:51:14.261835+00:00 lloyddesk kernel: clocksource: jiffies: mask: 0xffffffff max_cycles: 0xffffffff, max_idle_ns: 1911260446275000 ns
2024-08-08T14:51:14.261836+00:00 lloyddesk kernel: futex hash table entries: 4096 (order: 6, 262144 bytes, linear)
2024-08-08T14:51:14.261836+00:00 lloyddesk kernel: pinctrl core: initialized pinctrl subsystem
2024-08-08T14:51:14.261837+00:00 lloyddesk kernel: PM: RTC time: 01:07:26, date: 2020-01-01
2024-08-08T14:51:14.261836+00:00 lloyddesk systemd[1]: Listening on systemd-sysext.socket - System Extension Image Management (Varlink).
2024-08-08T14:51:14.261837+00:00 lloyddesk kernel: NET: Registered PF_NETLINK/PF_ROUTE protocol family
2024-08-08T14:51:14.261838+00:00 lloyddesk kernel: DMA: preallocated 1024 KiB GFP_KERNEL pool for atomic allocations
2024-08-08T14:51:14.261839+00:00 lloyddesk kernel: DMA: preallocated 1024 KiB GFP_KERNEL|GFP_DMA pool for atomic allocations
2024-08-08T14:51:14.261839+00:00 lloyddesk kernel: DMA: preallocated 1024 KiB GFP_KERNEL|GFP_DMA32 pool for atomic allocations
2024-08-08T14:51:14.261839+00:00 lloyddesk kernel: audit: initializing netlink subsys (disabled)
2024-08-08T14:51:14.261840+00:00 lloyddesk kernel: audit: type=2000 audit(1577840846.052:1): state=initialized audit_enabled=0 res=1
2024-08-08T14:51:14.261839+00:00 lloyddesk systemd[1]: Starting apparmor.service - Load AppArmor profiles...
2024-08-08T14:51:14.261841+00:00 lloyddesk kernel: thermal_sys: Registered thermal governor 'fair_share'
2024-08-08T14:51:14.261841+00:00 lloyddesk kernel: thermal_sys: Registered thermal governor 'bang_bang'
2024-08-08T14:51:14.261842+00:00 lloyddesk kernel: thermal_sys: Registered thermal governor 'step_wise'
2024-08-08T14:51:14.261842+00:00 lloyddesk systemd[1]: Starting console-setup.service - Set console font and keymap...
2024-08-08T14:51:14.261842+00:00 lloyddesk kernel: thermal_sys: Registered thermal governor 'user_space'
2024-08-08T14:51:14.261843+00:00 lloyddesk kernel: thermal_sys: Registered thermal governor 'power_allocator'
2024-08-08T14:51:14.261843+00:00 lloyddesk kernel: EISA bus registered
2024-08-08T14:51:14.261844+00:00 lloyddesk kernel: cpuidle: using governor ladder
2024-08-08T14:51:14.261843+00:00 lloyddesk systemd[1]: Starting ldconfig.service - Rebuild Dynamic Linker Cache...
2024-08-08T14:51:14.261844+00:00 lloyddesk kernel: cpuidle: using governor menu
2024-08-08T14:51:14.261845+00:00 lloyddesk kernel: ACPI FADT declares the system doesn't support PCIe ASPM, so disable it
2024-08-08T14:51:14.261846+00:00 lloyddesk kernel: acpiphp: ACPI Hot Plug PCI Controller Driver version: 0.5
2024-08-08T14:51:14.261846+00:00 lloyddesk systemd[1]: Starting plymouth-read-write.service - Tell Plymouth To Write Out Runtime Data...
2024-08-08T14:51:14.261846+00:00 lloyddesk kernel: PCI: ECAM [mem 0xe0000000-0xefffffff] (base 0xe0000000) for domain 0000 [bus 00-ff]
2024-08-08T14:51:14.261848+00:00 lloyddesk kernel: PCI: not using ECAM ([mem 0xe0000000-0xefffffff] not reserved)
2024-08-08T14:51:14.261848+00:00 lloyddesk kernel: PCI: Using configuration type 1 for base access
2024-08-08T14:51:14.261849+00:00 lloyddesk kernel: kprobes: kprobe jump-optimization is enabled. All kprobes are optimized if possible.
2024-08-08T14:51:14.261849+00:00 lloyddesk kernel: HugeTLB: registered 1.00 GiB page size, pre-allocated 0 pages
2024-08-08T14:51:14.261850+00:00 lloyddesk kernel: HugeTLB: 16380 KiB vmemmap can be freed for a 1.00 GiB page
2024-08-08T14:51:14.261850+00:00 lloyddesk kernel: HugeTLB: registered 2.00 MiB page size, pre-allocated 0 pages
2024-08-08T14:51:14.261850+00:00 lloyddesk kernel: HugeTLB: 28 KiB vmemmap can be freed for a 2.00 MiB page
2024-08-08T14:51:14.261851+00:00 lloyddesk kernel: ACPI: Added _OSI(Module Device)
2024-08-08T14:51:14.261851+00:00 lloyddesk kernel: ACPI: Added _OSI(Processor Device)
2024-08-08T14:51:14.261852+00:00 lloyddesk kernel: ACPI: Added _OSI(3.0 _SCP Extensions)
2024-08-08T14:51:14.261848+00:00 lloyddesk systemd[1]: Starting systemd-binfmt.service - Set Up Additional Binary Formats...
2024-08-08T14:51:14.261852+00:00 lloyddesk kernel: ACPI: Added _OSI(Processor Aggregator Device)
2024-08-08T14:51:14.261853+00:00 lloyddesk kernel: ACPI: 7 ACPI AML tables successfully acquired and loaded
2024-08-08T14:51:14.261854+00:00 lloyddesk kernel: ACPI: Dynamic OEM Table Load:
2024-08-08T14:51:14.261854+00:00 lloyddesk kernel: ACPI: SSDT 0xFFFF9ADBC1493400 000400 (v02 PmRef  Cpu0Cst  00003001 INTL 20160527)
2024-08-08T14:51:14.261853+00:00 lloyddesk systemd[1]: Starting systemd-tmpfiles-setup.service - Create Volatile Files and Directories...
2024-08-08T14:51:14.261854+00:00 lloyddesk kernel: ACPI: Dynamic OEM Table Load:
2024-08-08T14:51:14.261855+00:00 lloyddesk kernel: ACPI: SSDT 0xFFFF9ADBC1499800 0005E4 (v02 PmRef  Cpu0Ist  00003000 INTL 20160527)
2024-08-08T14:51:14.261855+00:00 lloyddesk kernel: ACPI: Dynamic OEM Table Load:
2024-08-08T14:51:14.261856+00:00 lloyddesk systemd[1]: Starting ufw.service - Uncomplicated firewall...
2024-08-08T14:51:14.261858+00:00 lloyddesk apparmor.systemd[1750]: Restarting AppArmor
2024-08-08T14:51:14.261861+00:00 lloyddesk kernel: ACPI: SSDT 0xFFFF9ADBC1476600 0000FC (v02 PmRef  Cpu0Psd  00003000 INTL 20160527)
2024-08-08T14:51:14.261861+00:00 lloyddesk kernel: ACPI: Dynamic OEM Table Load:
2024-08-08T14:51:14.261862+00:00 lloyddesk kernel: ACPI: SSDT 0xFFFF9ADBC20B2400 00016C (v02 PmRef  Cpu0Hwp  00003000 INTL 20160527)
2024-08-08T14:51:14.261860+00:00 lloyddesk apparmor.systemd[1750]: Reloading AppArmor profiles
2024-08-08T14:51:14.261862+00:00 lloyddesk kernel: ACPI: Dynamic OEM Table Load:
2024-08-08T14:51:14.261863+00:00 lloyddesk kernel: ACPI: SSDT 0xFFFF9ADBC14A2000 000BEA (v02 PmRef  HwpLvt   00003000 INTL 20160527)
2024-08-08T14:51:14.261863+00:00 lloyddesk kernel: ACPI: Dynamic OEM Table Load:
2024-08-08T14:51:14.261864+00:00 lloyddesk systemd[1]: proc-sys-fs-binfmt_misc.automount: Got automount request for /proc/sys/fs/binfmt_misc, triggered by 1755 (systemd-binfmt)
2024-08-08T14:51:14.261867+00:00 lloyddesk kernel: ACPI: SSDT 0xFFFF9ADBC149D800 000778 (v02 PmRef  ApIst    00003000 INTL 20160527)
2024-08-08T14:51:14.261867+00:00 lloyddesk kernel: ACPI: Dynamic OEM Table Load:
2024-08-08T14:51:14.261868+00:00 lloyddesk kernel: ACPI: SSDT 0xFFFF9ADBC1493800 0003D7 (v02 PmRef  ApHwp    00003000 INTL 20160527)
2024-08-08T14:51:14.261868+00:00 lloyddesk kernel: ACPI: Dynamic OEM Table Load:
2024-08-08T14:51:14.261866+00:00 lloyddesk systemd[1]: Finished ufw.service - Uncomplicated firewall.
2024-08-08T14:51:14.261869+00:00 lloyddesk kernel: ACPI: SSDT 0xFFFF9ADBC14A0000 000D22 (v02 PmRef  ApPsd    00003000 INTL 20160527)
2024-08-08T14:51:14.261869+00:00 lloyddesk kernel: ACPI: Dynamic OEM Table Load:
2024-08-08T14:51:14.261870+00:00 lloyddesk kernel: ACPI: SSDT 0xFFFF9ADBC1495400 0003CA (v02 PmRef  ApCst    00003000 INTL 20160527)
2024-08-08T14:51:14.261870+00:00 lloyddesk systemd[1]: Reached target network-pre.target - Preparation for Network.
2024-08-08T14:51:14.261872+00:00 lloyddesk kernel: ACPI: _OSC evaluated successfully for all CPUs
2024-08-08T14:51:14.261873+00:00 lloyddesk kernel: ACPI: Interpreter enabled
2024-08-08T14:51:14.261874+00:00 lloyddesk kernel: ACPI: PM: (supports S0 S3 S4 S5)
2024-08-08T14:51:14.261877+00:00 lloyddesk kernel: ACPI: Using IOAPIC for interrupt routing
2024-08-08T14:51:14.261878+00:00 lloyddesk kernel: PCI: ECAM [mem 0xe0000000-0xefffffff] (base 0xe0000000) for domain 0000 [bus 00-ff]
2024-08-08T14:51:14.261878+00:00 lloyddesk kernel: PCI: ECAM [mem 0xe0000000-0xefffffff] reserved as ACPI motherboard resource
2024-08-08T14:51:14.261873+00:00 lloyddesk systemd[1]: Mounting proc-sys-fs-binfmt_misc.mount - Arbitrary Executable File Formats File System...
2024-08-08T14:51:14.261881+00:00 lloyddesk kernel: PCI: Using host bridge windows from ACPI; if necessary, use "pci=nocrs" and report a bug
2024-08-08T14:51:14.261882+00:00 lloyddesk kernel: PCI: Ignoring E820 reservations for host bridge windows
2024-08-08T14:51:14.261880+00:00 lloyddesk systemd[1]: Received SIGRTMIN+20 from PID 342 (plymouthd).
2024-08-08T14:51:14.261882+00:00 lloyddesk kernel: ACPI: Enabled 8 GPEs in block 00 to 7F
2024-08-08T14:51:14.261883+00:00 lloyddesk kernel: ACPI: \_SB_.PCI0.SAT0.VOL0.V0PR: New power resource
2024-08-08T14:51:14.261883+00:00 lloyddesk kernel: ACPI: \_SB_.PCI0.SAT0.VOL1.V1PR: New power resource
2024-08-08T14:51:14.261883+00:00 lloyddesk kernel: ACPI: \_SB_.PCI0.SAT0.VOL2.V2PR: New power resource
2024-08-08T14:51:14.261883+00:00 lloyddesk systemd[1]: Finished plymouth-read-write.service - Tell Plymouth To Write Out Runtime Data.
2024-08-08T14:51:14.261885+00:00 lloyddesk systemd[1]: Mounted proc-sys-fs-binfmt_misc.mount - Arbitrary Executable File Formats File System.
2024-08-08T14:51:14.261886+00:00 lloyddesk kernel: ACPI: \_TZ_.FN00: New power resource
2024-08-08T14:51:14.261887+00:00 lloyddesk kernel: ACPI: \_TZ_.FN01: New power resource
2024-08-08T14:51:14.261887+00:00 lloyddesk kernel: ACPI: \_TZ_.FN02: New power resource
2024-08-08T14:51:14.261888+00:00 lloyddesk kernel: ACPI: \_TZ_.FN03: New power resource
2024-08-08T14:51:14.261888+00:00 lloyddesk kernel: ACPI: \_TZ_.FN04: New power resource
2024-08-08T14:51:14.261889+00:00 lloyddesk kernel: ACPI: \PIN_: New power resource
2024-08-08T14:51:14.261889+00:00 lloyddesk kernel: ACPI: PCI Root Bridge [PCI0] (domain 0000 [bus 00-fe])
2024-08-08T14:51:14.261887+00:00 lloyddesk systemd[1]: Finished systemd-binfmt.service - Set Up Additional Binary Formats.
2024-08-08T14:51:14.261892+00:00 lloyddesk kernel: acpi PNP0A08:00: _OSC: OS supports [ExtendedConfig ASPM ClockPM Segments MSI EDR HPX-Type3]
2024-08-08T14:51:14.261893+00:00 lloyddesk kernel: acpi PNP0A08:00: _OSC: platform does not support [PCIeHotplug SHPCHotplug PME]
2024-08-08T14:51:14.261893+00:00 lloyddesk kernel: acpi PNP0A08:00: _OSC: OS now controls [AER PCIeCapability LTR DPC]
2024-08-08T14:51:14.261892+00:00 lloyddesk systemd[1]: Finished systemd-tmpfiles-setup.service - Create Volatile Files and Directories.
2024-08-08T14:51:14.261894+00:00 lloyddesk kernel: acpi PNP0A08:00: FADT indicates ASPM is unsupported, using BIOS configuration
2024-08-08T14:51:14.261895+00:00 lloyddesk kernel: PCI host bridge to bus 0000:00
2024-08-08T14:51:14.261895+00:00 lloyddesk kernel: pci_bus 0000:00: root bus resource [io  0x0000-0x0cf7 window]
2024-08-08T14:51:14.261895+00:00 lloyddesk systemd[1]: systemd-firstboot.service - First Boot Wizard was skipped because of an unmet condition check (ConditionFirstBoot=yes).
2024-08-08T14:51:14.261898+00:00 lloyddesk systemd[1]: first-boot-complete.target - First Boot Complete was skipped because of an unmet condition check (ConditionFirstBoot=yes).
2024-08-08T14:51:14.261900+00:00 lloyddesk kernel: pci_bus 0000:00: root bus resource [io  0x0d00-0xffff window]
2024-08-08T14:51:14.261901+00:00 lloyddesk kernel: pci_bus 0000:00: root bus resource [mem 0x000a0000-0x000bffff window]
2024-08-08T14:51:14.261900+00:00 lloyddesk systemd[1]: Starting systemd-journal-catalog-update.service - Rebuild Journal Catalog...
2024-08-08T14:51:14.261901+00:00 lloyddesk kernel: pci_bus 0000:00: root bus resource [mem 0x000e0000-0x000effff window]
2024-08-08T14:51:14.261902+00:00 lloyddesk kernel: pci_bus 0000:00: root bus resource [mem 0x8f800000-0xdfffffff window]
2024-08-08T14:51:14.261903+00:00 lloyddesk kernel: pci_bus 0000:00: root bus resource [mem 0x4000000000-0x7fffffffff window]
2024-08-08T14:51:14.261903+00:00 lloyddesk kernel: pci_bus 0000:00: root bus resource [mem 0xfc800000-0xfdffffff window]
2024-08-08T14:51:14.261904+00:00 lloyddesk kernel: pci_bus 0000:00: root bus resource [bus 00-fe]
2024-08-08T14:51:14.261903+00:00 lloyddesk systemd[1]: systemd-machine-id-commit.service - Commit a transient machine-id on disk was skipped because of an unmet condition check (ConditionPathIsMountPoint=/etc/machine-id).
2024-08-08T14:51:14.261906+00:00 lloyddesk kernel: pci 0000:00:00.0: [8086:9b43] type 00 class 0x060000 conventional PCI endpoint
2024-08-08T14:51:14.261907+00:00 lloyddesk kernel: pci 0000:00:02.0: [8086:9bc5] type 00 class 0x030000 PCIe Root Complex Integrated Endpoint
2024-08-08T14:51:14.261907+00:00 lloyddesk kernel: pci 0000:00:02.0: BAR 0 [mem 0x6000000000-0x6000ffffff 64bit]
2024-08-08T14:51:14.261907+00:00 lloyddesk kernel: pci 0000:00:02.0: BAR 2 [mem 0x4000000000-0x400fffffff 64bit pref]
2024-08-08T14:51:14.261908+00:00 lloyddesk kernel: pci 0000:00:02.0: BAR 4 [io  0x4000-0x403f]
2024-08-08T14:51:14.261907+00:00 lloyddesk systemd[1]: Starting systemd-oomd.service - Userspace Out-Of-Memory (OOM) Killer...
2024-08-08T14:51:14.261908+00:00 lloyddesk kernel: pci 0000:00:02.0: Video device with shadowed ROM at [mem 0x000c0000-0x000dffff]
2024-08-08T14:51:14.261910+00:00 lloyddesk systemd[1]: Starting systemd-resolved.service - Network Name Resolution...
2024-08-08T14:51:14.261911+00:00 lloyddesk kernel: pci 0000:00:14.0: [8086:a3af] type 00 class 0x0c0330 conventional PCI endpoint
2024-08-08T14:51:14.261912+00:00 lloyddesk kernel: pci 0000:00:14.0: BAR 0 [mem 0x6001010000-0x600101ffff 64bit]
2024-08-08T14:51:14.261913+00:00 lloyddesk systemd[1]: Starting systemd-timesyncd.service - Network Time Synchronization...
2024-08-08T14:51:14.261916+00:00 lloyddesk systemd[1]: Starting systemd-update-utmp.service - Record System Boot/Shutdown in UTMP...
2024-08-08T14:51:14.261918+00:00 lloyddesk apparmor.systemd[1896]: Warning: found usr.sbin.sssd in /etc/apparmor.d/force-complain, forcing complain mode
2024-08-08T14:51:14.261922+00:00 lloyddesk systemd[1]: Finished systemd-update-utmp.service - Record System Boot/Shutdown in UTMP.
2024-08-08T14:51:14.261925+00:00 lloyddesk systemd[1]: Finished systemd-journal-catalog-update.service - Rebuild Journal Catalog.
2024-08-08T14:51:14.261928+00:00 lloyddesk systemd[1]: Started systemd-oomd.service - Userspace Out-Of-Memory (OOM) Killer.
2024-08-08T14:51:14.261930+00:00 lloyddesk systemd[1]: Started systemd-timesyncd.service - Network Time Synchronization.
2024-08-08T14:51:14.261932+00:00 lloyddesk systemd[1]: Reached target time-set.target - System Time Set.
2024-08-08T14:51:14.261934+00:00 lloyddesk systemd-resolved[1812]: Positive Trust Anchors:
2024-08-08T14:51:14.261936+00:00 lloyddesk systemd-resolved[1812]: . IN DS 20326 8 2 e06d44b80b8f1d39a95c0b0d7c65d08458e880409bbc683457104237c7f8ec8d
2024-08-08T14:51:14.261940+00:00 lloyddesk systemd-resolved[1812]: Negative trust anchors: home.arpa 10.in-addr.arpa 16.172.in-addr.arpa 17.172.in-addr.arpa 18.172.in-addr.arpa 19.172.in-addr.arpa 20.172.in-addr.arpa 21.172.in-addr.arpa 22.172.in-addr.arpa 23.172.in-addr.arpa 24.172.in-addr.arpa 25.172.in-addr.arpa 26.172.in-addr.arpa 27.172.in-addr.arpa 28.172.in-addr.arpa 29.172.in-addr.arpa 30.172.in-addr.arpa 31.172.in-addr.arpa 170.0.0.192.in-addr.arpa 171.0.0.192.in-addr.arpa 168.192.in-addr.arpa d.f.ip6.arpa ipv4only.arpa corp home internal intranet lan local private test
2024-08-08T14:51:14.261942+00:00 lloyddesk apparmor.systemd[1896]: Warning from /etc/apparmor.d (/etc/apparmor.d/usr.sbin.sssd line 63): Caching disabled for: 'usr.sbin.sssd' due to force complain
2024-08-08T14:51:14.261970+00:00 lloyddesk kernel: pci 0000:00:14.0: PME# supported from D3hot D3cold
2024-08-08T14:51:14.261970+00:00 lloyddesk kernel: pci 0000:00:16.0: [8086:a3ba] type 00 class 0x078000 conventional PCI endpoint
2024-08-08T14:51:14.261971+00:00 lloyddesk kernel: pci 0000:00:16.0: BAR 0 [mem 0x6001025000-0x6001025fff 64bit]
2024-08-08T14:51:14.261971+00:00 lloyddesk kernel: pci 0000:00:16.0: PME# supported from D3hot
2024-08-08T14:51:14.261972+00:00 lloyddesk kernel: pci 0000:00:17.0: [8086:a382] type 00 class 0x010601 conventional PCI endpoint
2024-08-08T14:51:14.261972+00:00 lloyddesk kernel: pci 0000:00:17.0: BAR 0 [mem 0x8fc04000-0x8fc05fff]
2024-08-08T14:51:14.261945+00:00 lloyddesk systemd-resolved[1812]: Using system hostname 'lloyddesk'.
2024-08-08T14:51:14.261973+00:00 lloyddesk kernel: pci 0000:00:17.0: BAR 1 [mem 0x8fc07000-0x8fc070ff]
2024-08-08T14:51:14.261983+00:00 lloyddesk kernel: pci 0000:00:17.0: BAR 2 [io  0x4090-0x4097]
2024-08-08T14:51:14.261984+00:00 lloyddesk kernel: pci 0000:00:17.0: BAR 3 [io  0x4080-0x4083]
2024-08-08T14:51:14.261984+00:00 lloyddesk kernel: pci 0000:00:17.0: BAR 4 [io  0x4060-0x407f]
2024-08-08T14:51:14.261985+00:00 lloyddesk kernel: pci 0000:00:17.0: BAR 5 [mem 0x8fc06000-0x8fc067ff]
2024-08-08T14:51:14.261985+00:00 lloyddesk kernel: pci 0000:00:17.0: PME# supported from D3hot
2024-08-08T14:51:14.261986+00:00 lloyddesk kernel: pci 0000:00:1b.0: [8086:a3e9] type 01 class 0x060400 PCIe Root Port
2024-08-08T14:51:14.261987+00:00 lloyddesk kernel: pci 0000:00:1b.0: PCI bridge to [bus 01]
2024-08-08T14:51:14.261988+00:00 lloyddesk kernel: pci 0000:00:1b.0: PME# supported from D0 D3hot D3cold
2024-08-08T14:51:14.261983+00:00 lloyddesk systemd[1]: Started systemd-resolved.service - Network Name Resolution.
2024-08-08T14:51:14.261988+00:00 lloyddesk kernel: pci 0000:00:1b.4: [8086:a3eb] type 01 class 0x060400 PCIe Root Port
2024-08-08T14:51:14.261989+00:00 lloyddesk kernel: pci 0000:00:1b.4: PCI bridge to [bus 02]
2024-08-08T14:51:14.261989+00:00 lloyddesk kernel: pci 0000:00:1b.4:   bridge window [mem 0x8fb00000-0x8fbfffff]
2024-08-08T14:51:14.261989+00:00 lloyddesk kernel: pci 0000:00:1b.4: PME# supported from D0 D3hot D3cold
2024-08-08T14:51:14.261990+00:00 lloyddesk kernel: pci 0000:00:1c.0: [8086:a392] type 01 class 0x060400 PCIe Root Port
2024-08-08T14:51:14.261990+00:00 lloyddesk kernel: pci 0000:00:1c.0: PCI bridge to [bus 03]
2024-08-08T14:51:14.261991+00:00 lloyddesk kernel: pci 0000:00:1c.0: PME# supported from D0 D3hot D3cold
2024-08-08T14:51:14.261991+00:00 lloyddesk kernel: pci 0000:00:1c.3: [8086:a393] type 01 class 0x060400 PCIe Root Port
2024-08-08T14:51:14.261990+00:00 lloyddesk systemd[1]: Reached target nss-lookup.target - Host and Network Name Lookups.
2024-08-08T14:51:14.261992+00:00 lloyddesk kernel: pci 0000:00:1c.3: PCI bridge to [bus 04]
2024-08-08T14:51:14.261992+00:00 lloyddesk kernel: pci 0000:00:1c.3:   bridge window [io  0x3000-0x3fff]
2024-08-08T14:51:14.261993+00:00 lloyddesk kernel: pci 0000:00:1c.3:   bridge window [mem 0x8fa00000-0x8fafffff]
2024-08-08T14:51:14.261993+00:00 lloyddesk kernel: pci 0000:00:1c.3: PME# supported from D0 D3hot D3cold
2024-08-08T14:51:14.261994+00:00 lloyddesk kernel: pci 0000:00:1d.0: [8086:a398] type 01 class 0x060400 PCIe Root Port
2024-08-08T14:51:14.261994+00:00 lloyddesk kernel: pci 0000:00:1d.0: PCI bridge to [bus 05]
2024-08-08T14:51:14.261995+00:00 lloyddesk kernel: pci 0000:00:1d.0:   bridge window [mem 0x8f900000-0x8f9fffff]
2024-08-08T14:51:14.261993+00:00 lloyddesk systemd[1]: Finished ldconfig.service - Rebuild Dynamic Linker Cache.
2024-08-08T14:51:14.261995+00:00 lloyddesk kernel: pci 0000:00:1d.0: PME# supported from D0 D3hot D3cold
2024-08-08T14:51:14.261997+00:00 lloyddesk kernel: pci 0000:00:1f.0: [8086:a3c8] type 00 class 0x060100 conventional PCI endpoint
2024-08-08T14:51:14.261997+00:00 lloyddesk kernel: pci 0000:00:1f.2: [8086:a3a1] type 00 class 0x058000 conventional PCI endpoint
2024-08-08T14:51:14.261998+00:00 lloyddesk kernel: pci 0000:00:1f.2: BAR 0 [mem 0x8fc00000-0x8fc03fff]
2024-08-08T14:51:14.261998+00:00 lloyddesk kernel: pci 0000:00:1f.3: [8086:a3f0] type 00 class 0x040300 conventional PCI endpoint
2024-08-08T14:51:14.261999+00:00 lloyddesk kernel: pci 0000:00:1f.3: BAR 0 [mem 0x6001020000-0x6001023fff 64bit]
2024-08-08T14:51:14.261997+00:00 lloyddesk console-setup.sh[2056]: setfont: ERROR kdfontop.c:183 put_font_kdfontop: Unable to load such font with such kernel version
2024-08-08T14:51:14.261999+00:00 lloyddesk kernel: pci 0000:00:1f.3: BAR 4 [mem 0x6001000000-0x600100ffff 64bit]
2024-08-08T14:51:14.262000+00:00 lloyddesk kernel: pci 0000:00:1f.3: PME# supported from D3hot D3cold
2024-08-08T14:51:14.262001+00:00 lloyddesk kernel: pci 0000:00:1f.4: [8086:a3a3] type 00 class 0x0c0500 conventional PCI endpoint
2024-08-08T14:51:14.262001+00:00 lloyddesk kernel: pci 0000:00:1f.4: BAR 0 [mem 0x6001024000-0x60010240ff 64bit]
2024-08-08T14:51:14.262002+00:00 lloyddesk kernel: pci 0000:00:1f.4: BAR 4 [io  0xefa0-0xefbf]
2024-08-08T14:51:14.262002+00:00 lloyddesk kernel: acpiphp: Slot [1] registered
2024-08-08T14:51:14.262003+00:00 lloyddesk kernel: pci 0000:00:1b.0: PCI bridge to [bus 01]
2024-08-08T14:51:14.262003+00:00 lloyddesk kernel: pci 0000:02:00.0: [8086:faf0] type 00 class 0x010802 PCIe Endpoint
2024-08-08T14:51:14.262001+00:00 lloyddesk console-setup.sh[2059]: setfont: ERROR kdfontop.c:183 put_font_kdfontop: Unable to load such font with such kernel version
2024-08-08T14:51:14.262004+00:00 lloyddesk kernel: pci 0000:02:00.0: BAR 0 [mem 0x8fb00000-0x8fb03fff 64bit]
2024-08-08T14:51:14.262005+00:00 lloyddesk kernel: pci 0000:00:1b.4: PCI bridge to [bus 02]
2024-08-08T14:51:14.262005+00:00 lloyddesk kernel: acpiphp: Slot [1-1] registered
2024-08-08T14:51:14.262005+00:00 lloyddesk kernel: pci 0000:00:1c.0: PCI bridge to [bus 03]
2024-08-08T14:51:14.262006+00:00 lloyddesk kernel: pci 0000:04:00.0: [10ec:8168] type 00 class 0x020000 PCIe Endpoint
2024-08-08T14:51:14.262006+00:00 lloyddesk kernel: pci 0000:04:00.0: BAR 0 [io  0x3000-0x30ff]
2024-08-08T14:51:14.262006+00:00 lloyddesk kernel: pci 0000:04:00.0: BAR 2 [mem 0x8fa04000-0x8fa04fff 64bit]
2024-08-08T14:51:14.262006+00:00 lloyddesk kernel: pci 0000:04:00.0: BAR 4 [mem 0x8fa00000-0x8fa03fff 64bit]
2024-08-08T14:51:14.262007+00:00 lloyddesk kernel: pci 0000:04:00.0: supports D1 D2
2024-08-08T14:51:14.262008+00:00 lloyddesk kernel: pci 0000:04:00.0: PME# supported from D0 D1 D2 D3hot D3cold
2024-08-08T14:51:14.262006+00:00 lloyddesk console-setup.sh[2062]: setfont: ERROR kdfontop.c:183 put_font_kdfontop: Unable to load such font with such kernel version
2024-08-08T14:51:14.262008+00:00 lloyddesk kernel: pci 0000:00:1c.3: PCI bridge to [bus 04]
2024-08-08T14:51:14.262009+00:00 lloyddesk kernel: pci 0000:05:00.0: [144d:a808] type 00 class 0x010802 PCIe Endpoint
2024-08-08T14:51:14.262009+00:00 lloyddesk kernel: pci 0000:05:00.0: BAR 0 [mem 0x8f900000-0x8f903fff 64bit]
2024-08-08T14:51:14.262010+00:00 lloyddesk kernel: pci 0000:00:1d.0: PCI bridge to [bus 05]
2024-08-08T14:51:14.262010+00:00 lloyddesk kernel: ACPI: PCI: Interrupt link LNKA configured for IRQ 0
2024-08-08T14:51:14.262010+00:00 lloyddesk kernel: ACPI: PCI: Interrupt link LNKB configured for IRQ 1
2024-08-08T14:51:14.262010+00:00 lloyddesk kernel: ACPI: PCI: Interrupt link LNKC configured for IRQ 0
2024-08-08T14:51:14.262011+00:00 lloyddesk kernel: ACPI: PCI: Interrupt link LNKD configured for IRQ 0
2024-08-08T14:51:14.262011+00:00 lloyddesk kernel: ACPI: PCI: Interrupt link LNKE configured for IRQ 0
2024-08-08T14:51:14.262010+00:00 lloyddesk console-setup.sh[2065]: setfont: ERROR kdfontop.c:183 put_font_kdfontop: Unable to load such font with such kernel version
2024-08-08T14:51:14.262012+00:00 lloyddesk kernel: ACPI: PCI: Interrupt link LNKF configured for IRQ 0
2024-08-08T14:51:14.262012+00:00 lloyddesk kernel: ACPI: PCI: Interrupt link LNKG configured for IRQ 0
2024-08-08T14:51:14.262013+00:00 lloyddesk kernel: ACPI: PCI: Interrupt link LNKH configured for IRQ 0
2024-08-08T14:51:14.262013+00:00 lloyddesk kernel: iommu: Default domain type: Translated
2024-08-08T14:51:14.262013+00:00 lloyddesk kernel: iommu: DMA domain TLB invalidation policy: lazy mode
2024-08-08T14:51:14.262014+00:00 lloyddesk kernel: SCSI subsystem initialized
2024-08-08T14:51:14.262014+00:00 lloyddesk kernel: libata version 3.00 loaded.
2024-08-08T14:51:14.262014+00:00 lloyddesk kernel: ACPI: bus type USB registered
2024-08-08T14:51:14.262015+00:00 lloyddesk kernel: usbcore: registered new interface driver usbfs
2024-08-08T14:51:14.262013+00:00 lloyddesk console-setup.sh[2068]: setfont: ERROR kdfontop.c:183 put_font_kdfontop: Unable to load such font with such kernel version
2024-08-08T14:51:14.262015+00:00 lloyddesk kernel: usbcore: registered new interface driver hub
2024-08-08T14:51:14.262016+00:00 lloyddesk kernel: usbcore: registered new device driver usb
2024-08-08T14:51:14.262016+00:00 lloyddesk kernel: pps_core: LinuxPPS API ver. 1 registered
2024-08-08T14:51:14.262017+00:00 lloyddesk kernel: pps_core: Software ver. 5.3.6 - Copyright 2005-2007 Rodolfo Giometti <giometti@linux.it>
2024-08-08T14:51:14.262017+00:00 lloyddesk kernel: PTP clock support registered
2024-08-08T14:51:14.262017+00:00 lloyddesk kernel: EDAC MC: Ver: 3.0.0
2024-08-08T14:51:14.262018+00:00 lloyddesk kernel: efivars: Registered efivars operations
2024-08-08T14:51:14.262018+00:00 lloyddesk kernel: NetLabel: Initializing
2024-08-08T14:51:14.262017+00:00 lloyddesk systemd[1]: Starting systemd-update-done.service - Update is Completed...
2024-08-08T14:51:14.262019+00:00 lloyddesk kernel: NetLabel:  domain hash size = 128
2024-08-08T14:51:14.262020+00:00 lloyddesk kernel: NetLabel:  protocols = UNLABELED CIPSOv4 CALIPSO
2024-08-08T14:51:14.262020+00:00 lloyddesk kernel: NetLabel:  unlabeled traffic allowed by default
2024-08-08T14:51:14.262020+00:00 lloyddesk kernel: mctp: management component transport protocol core
2024-08-08T14:51:14.262020+00:00 lloyddesk kernel: NET: Registered PF_MCTP protocol family
2024-08-08T14:51:14.262021+00:00 lloyddesk kernel: PCI: Using ACPI for IRQ routing
2024-08-08T14:51:14.262021+00:00 lloyddesk kernel: PCI: pci_cache_line_size set to 64 bytes
2024-08-08T14:51:14.262022+00:00 lloyddesk kernel: e820: reserve RAM buffer [mem 0x0009e000-0x0009ffff]
2024-08-08T14:51:14.262020+00:00 lloyddesk systemd[1]: Finished systemd-update-done.service - Update is Completed.
2024-08-08T14:51:14.262022+00:00 lloyddesk kernel: e820: reserve RAM buffer [mem 0x6b12b000-0x6bffffff]
2024-08-08T14:51:14.262022+00:00 lloyddesk kernel: e820: reserve RAM buffer [mem 0x6cc8d000-0x6fffffff]
2024-08-08T14:51:14.262023+00:00 lloyddesk kernel: e820: reserve RAM buffer [mem 0x798e3018-0x7bffffff]
2024-08-08T14:51:14.262023+00:00 lloyddesk kernel: e820: reserve RAM buffer [mem 0x7a748000-0x7bffffff]
2024-08-08T14:51:14.262023+00:00 lloyddesk kernel: e820: reserve RAM buffer [mem 0x7a770000-0x7bffffff]
2024-08-08T14:51:14.262024+00:00 lloyddesk kernel: e820: reserve RAM buffer [mem 0x856f6000-0x87ffffff]
2024-08-08T14:51:14.262024+00:00 lloyddesk kernel: e820: reserve RAM buffer [mem 0x87364000-0x87ffffff]
2024-08-08T14:51:14.262023+00:00 lloyddesk systemd[1]: Finished console-setup.service - Set console font and keymap.
2024-08-08T14:51:14.262025+00:00 lloyddesk kernel: e820: reserve RAM buffer [mem 0x89fff000-0x8bffffff]
2024-08-08T14:51:14.262026+00:00 lloyddesk kernel: e820: reserve RAM buffer [mem 0x26f800000-0x26fffffff]
2024-08-08T14:51:14.262026+00:00 lloyddesk kernel: pci 0000:00:02.0: vgaarb: setting as boot VGA device
2024-08-08T14:51:14.262026+00:00 lloyddesk kernel: pci 0000:00:02.0: vgaarb: bridge control possible
2024-08-08T14:51:14.262026+00:00 lloyddesk kernel: pci 0000:00:02.0: vgaarb: VGA device added: decodes=io+mem,owns=io+mem,locks=none
2024-08-08T14:51:14.262027+00:00 lloyddesk kernel: vgaarb: loaded
2024-08-08T14:51:14.262027+00:00 lloyddesk kernel: hpet0: at MMIO 0xfed00000, IRQs 2, 8, 0, 0, 0, 0, 0, 0
2024-08-08T14:51:14.262027+00:00 lloyddesk kernel: hpet0: 8 comparators, 64-bit 24.000000 MHz counter
2024-08-08T14:51:14.262028+00:00 lloyddesk kernel: clocksource: Switched to clocksource tsc-early
2024-08-08T14:51:14.262027+00:00 lloyddesk systemd[1]: Finished apparmor.service - Load AppArmor profiles.
2024-08-08T14:51:14.262028+00:00 lloyddesk kernel: VFS: Disk quotas dquot_6.6.0
2024-08-08T14:51:14.262029+00:00 lloyddesk kernel: VFS: Dquot-cache hash table entries: 512 (order 0, 4096 bytes)
2024-08-08T14:51:14.262029+00:00 lloyddesk kernel: AppArmor: AppArmor Filesystem Enabled
2024-08-08T14:51:14.262029+00:00 lloyddesk kernel: pnp: PnP ACPI init
2024-08-08T14:51:14.262030+00:00 lloyddesk kernel: system 00:00: [io  0x0290-0x029f] has been reserved
2024-08-08T14:51:14.262030+00:00 lloyddesk kernel: pnp 00:01: [dma 0 disabled]
2024-08-08T14:51:14.262030+00:00 lloyddesk kernel: pnp 00:02: [dma 0 disabled]
2024-08-08T14:51:14.262031+00:00 lloyddesk kernel: system 00:03: [io  0x0680-0x069f] has been reserved
2024-08-08T14:51:14.262031+00:00 lloyddesk kernel: system 00:04: [io  0x1854-0x1857] has been reserved
2024-08-08T14:51:14.262031+00:00 lloyddesk kernel: system 00:05: [mem 0xfd000000-0xfdabffff] has been reserved
2024-08-08T14:51:14.262030+00:00 lloyddesk systemd[1]: Starting snapd.apparmor.service - Load AppArmor profiles managed internally by snapd...
2024-08-08T14:51:14.262032+00:00 lloyddesk kernel: system 00:05: [mem 0xfdad0000-0xfdadffff] has been reserved
2024-08-08T14:51:14.262032+00:00 lloyddesk kernel: system 00:05: [mem 0xfdac0000-0xfdacffff] has been reserved
2024-08-08T14:51:14.262032+00:00 lloyddesk kernel: system 00:05: [mem 0xfdae0000-0xfdaeffff] has been reserved
2024-08-08T14:51:14.262036+00:00 lloyddesk snapd-apparmor[2094]: main.go:124: Loading profiles [/var/lib/snapd/apparmor/profiles/snap-confine.snapd.21759 /var/lib/snapd/apparmor/profiles/snap-update-ns.firefox /var/lib/snapd/apparmor/profiles/snap-update-ns.firmware-updater /var/lib/snapd/apparmor/profiles/snap-update-ns.snap-store /var/lib/snapd/apparmor/profiles/snap-update-ns.snapd-desktop-integration /var/lib/snapd/apparmor/profiles/snap.firefox.firefox /var/lib/snapd/apparmor/profiles/snap.firefox.geckodriver /var/lib/snapd/apparmor/profiles/snap.firefox.hook.configure /var/lib/snapd/apparmor/profiles/snap.firefox.hook.disconnect-plug-host-hunspell /var/lib/snapd/apparmor/profiles/snap.firefox.hook.post-refresh /var/lib/snapd/apparmor/profiles/snap.firmware-updater.firmware-notifier /var/lib/snapd/apparmor/profiles/snap.firmware-updater.firmware-updater /var/lib/snapd/apparmor/profiles/snap.firmware-updater.firmware-updater-app /var/lib/snapd/apparmor/profiles/snap.firmware-updater.hook.configure /var/lib/snapd/apparmor/profiles/snap.snap-store.hook.configure /var/lib/snapd/apparmor/profiles/snap.snap-store.show-updates /var/lib/snapd/apparmor/profiles/snap.snap-store.snap-store /var/lib/snapd/apparmor/profiles/snap.snapd-desktop-integration.hook.configure /var/lib/snapd/apparmor/profiles/snap.snapd-desktop-integration.snapd-desktop-integration]
2024-08-08T14:51:14.262041+00:00 lloyddesk systemd[1]: Finished snapd.apparmor.service - Load AppArmor profiles managed internally by snapd.
2024-08-08T14:51:14.262044+00:00 lloyddesk systemd[1]: Reached target sysinit.target - System Initialization.
2024-08-08T14:51:14.262047+00:00 lloyddesk systemd[1]: apport-autoreport.path - Process error reports when automatic reporting is enabled (file watch) was skipped because of an unmet condition check (ConditionPathExists=/var/lib/apport/autoreport).
2024-08-08T14:51:14.262050+00:00 lloyddesk systemd[1]: Started cups.path - CUPS Scheduler.
2024-08-08T14:51:14.262052+00:00 lloyddesk systemd[1]: tpm-udev.path - Handle dynamically added tpm devices was skipped because of an unmet condition check (ConditionVirtualization=container).
2024-08-08T14:51:14.262055+00:00 lloyddesk systemd[1]: Started whoopsie.path - Start whoopsie on modification of the /var/crash directory.
2024-08-08T14:51:14.262058+00:00 lloyddesk systemd[1]: Started anacron.timer - Trigger anacron every hour.
2024-08-08T14:51:14.262061+00:00 lloyddesk kernel: system 00:05: [mem 0xfdaf0000-0xfdafffff] has been reserved
2024-08-08T14:51:14.262062+00:00 lloyddesk kernel: system 00:05: [mem 0xfdb00000-0xfdffffff] has been reserved
2024-08-08T14:51:14.262060+00:00 lloyddesk systemd[1]: apport-autoreport.timer - Process error reports when automatic reporting is enabled (timer based) was skipped because of an unmet condition check (ConditionPathExists=/var/lib/apport/autoreport).
2024-08-08T14:51:14.262062+00:00 lloyddesk kernel: system 00:05: [mem 0xfe000000-0xfe01ffff] could not be reserved
2024-08-08T14:51:14.262062+00:00 lloyddesk kernel: system 00:05: [mem 0xfe036000-0xfe03bfff] has been reserved
2024-08-08T14:51:14.262063+00:00 lloyddesk kernel: system 00:05: [mem 0xfe03d000-0xfe3fffff] has been reserved
2024-08-08T14:51:14.262063+00:00 lloyddesk kernel: system 00:05: [mem 0xfe410000-0xfe7fffff] has been reserved
2024-08-08T14:51:14.262063+00:00 lloyddesk kernel: system 00:06: [io  0x2000-0x20fe] has been reserved
2024-08-08T14:51:14.262064+00:00 lloyddesk kernel: system 00:07: [mem 0xfed10000-0xfed17fff] has been reserved
2024-08-08T14:51:14.262064+00:00 lloyddesk kernel: system 00:07: [mem 0xfed18000-0xfed18fff] has been reserved
2024-08-08T14:51:14.262064+00:00 lloyddesk kernel: system 00:07: [mem 0xfed19000-0xfed19fff] has been reserved
2024-08-08T14:51:14.262065+00:00 lloyddesk kernel: system 00:07: [mem 0xe0000000-0xefffffff] has been reserved
2024-08-08T14:51:14.262063+00:00 lloyddesk systemd[1]: Started apt-daily.timer - Daily apt download activities.
2024-08-08T14:51:14.262065+00:00 lloyddesk kernel: system 00:07: [mem 0xfed20000-0xfed3ffff] has been reserved
2024-08-08T14:51:14.262066+00:00 lloyddesk kernel: system 00:07: [mem 0xfed90000-0xfed93fff] has been reserved
2024-08-08T14:51:14.262067+00:00 lloyddesk kernel: system 00:07: [mem 0xfed45000-0xfed8ffff] has been reserved
2024-08-08T14:51:14.262067+00:00 lloyddesk kernel: system 00:07: [mem 0xfee00000-0xfeefffff] could not be reserved
2024-08-08T14:51:14.262067+00:00 lloyddesk kernel: system 00:08: [mem 0xfe038000-0xfe038fff] has been reserved
2024-08-08T14:51:14.262067+00:00 lloyddesk kernel: pnp: PnP ACPI: found 9 devices
2024-08-08T14:51:14.262068+00:00 lloyddesk kernel: clocksource: acpi_pm: mask: 0xffffff max_cycles: 0xffffff, max_idle_ns: 2085701024 ns
2024-08-08T14:51:14.262068+00:00 lloyddesk kernel: pci 0000:00:1f.1: [8086:a3a0] type 00 class 0x058000 conventional PCI endpoint
2024-08-08T14:51:14.262067+00:00 lloyddesk systemd[1]: Started apt-daily-upgrade.timer - Daily apt upgrade and clean activities.
2024-08-08T14:51:14.262068+00:00 lloyddesk kernel: pci 0000:00:1f.1: BAR 0 [mem 0xfd000000-0xfdffffff 64bit]
2024-08-08T14:51:14.262069+00:00 lloyddesk kernel: NET: Registered PF_INET protocol family
2024-08-08T14:51:14.262070+00:00 lloyddesk kernel: IP idents hash table entries: 131072 (order: 8, 1048576 bytes, linear)
2024-08-08T14:51:14.262070+00:00 lloyddesk kernel: tcp_listen_portaddr_hash hash table entries: 4096 (order: 4, 65536 bytes, linear)
2024-08-08T14:51:14.262070+00:00 lloyddesk kernel: Table-perturb hash table entries: 65536 (order: 6, 262144 bytes, linear)
2024-08-08T14:51:14.262071+00:00 lloyddesk kernel: TCP established hash table entries: 65536 (order: 7, 524288 bytes, linear)
2024-08-08T14:51:14.262071+00:00 lloyddesk kernel: TCP bind hash table entries: 65536 (order: 9, 2097152 bytes, linear)
2024-08-08T14:51:14.262071+00:00 lloyddesk kernel: TCP: Hash tables configured (established 65536 bind 65536)
2024-08-08T14:51:14.262072+00:00 lloyddesk kernel: MPTCP token hash table entries: 8192 (order: 5, 196608 bytes, linear)
2024-08-08T14:51:14.262070+00:00 lloyddesk systemd[1]: Started dpkg-db-backup.timer - Daily dpkg database backup timer.
2024-08-08T14:51:14.262072+00:00 lloyddesk kernel: UDP hash table entries: 4096 (order: 5, 131072 bytes, linear)
2024-08-08T14:51:14.262072+00:00 lloyddesk kernel: UDP-Lite hash table entries: 4096 (order: 5, 131072 bytes, linear)
2024-08-08T14:51:14.262073+00:00 lloyddesk kernel: NET: Registered PF_UNIX/PF_LOCAL protocol family
2024-08-08T14:51:14.262073+00:00 lloyddesk kernel: NET: Registered PF_XDP protocol family
2024-08-08T14:51:14.262073+00:00 lloyddesk kernel: pci 0000:00:1b.0: bridge window [io  0x1000-0x0fff] to [bus 01] add_size 1000
2024-08-08T14:51:14.262074+00:00 lloyddesk kernel: pci 0000:00:1b.0: bridge window [mem 0x00100000-0x000fffff 64bit pref] to [bus 01] add_size 200000 add_align 100000
2024-08-08T14:51:14.262074+00:00 lloyddesk kernel: pci 0000:00:1b.0: bridge window [mem 0x00100000-0x000fffff] to [bus 01] add_size 200000 add_align 100000
2024-08-08T14:51:14.262075+00:00 lloyddesk kernel: pci 0000:00:1c.0: bridge window [io  0x1000-0x0fff] to [bus 03] add_size 1000
2024-08-08T14:51:14.262073+00:00 lloyddesk systemd[1]: Started e2scrub_all.timer - Periodic ext4 Online Metadata Check for All Filesystems.
2024-08-08T14:51:14.262076+00:00 lloyddesk kernel: pci 0000:00:1c.0: bridge window [mem 0x00100000-0x000fffff 64bit pref] to [bus 03] add_size 200000 add_align 100000
2024-08-08T14:51:14.262076+00:00 lloyddesk kernel: pci 0000:00:1c.0: bridge window [mem 0x00100000-0x000fffff] to [bus 03] add_size 200000 add_align 100000
2024-08-08T14:51:14.262076+00:00 lloyddesk kernel: pci 0000:00:1b.0: bridge window [mem 0x8fd00000-0x8fefffff]: assigned
2024-08-08T14:51:14.262077+00:00 lloyddesk kernel: pci 0000:00:1b.0: bridge window [mem 0x4010000000-0x40101fffff 64bit pref]: assigned
2024-08-08T14:51:14.262077+00:00 lloyddesk kernel: pci 0000:00:1c.0: bridge window [mem 0x8ff00000-0x900fffff]: assigned
2024-08-08T14:51:14.262077+00:00 lloyddesk kernel: pci 0000:00:1c.0: bridge window [mem 0x4010200000-0x40103fffff 64bit pref]: assigned
2024-08-08T14:51:14.262077+00:00 lloyddesk systemd[1]: Started fstrim.timer - Discard unused filesystem blocks once a week.
2024-08-08T14:51:14.262080+00:00 lloyddesk systemd[1]: Started fwupd-refresh.timer - Refresh fwupd metadata regularly.
2024-08-08T14:51:14.262082+00:00 lloyddesk kernel: pci 0000:00:1b.0: bridge window [io  0x5000-0x5fff]: assigned
2024-08-08T14:51:14.262082+00:00 lloyddesk kernel: pci 0000:00:1c.0: bridge window [io  0x6000-0x6fff]: assigned
2024-08-08T14:51:14.262083+00:00 lloyddesk kernel: pci 0000:00:1b.0: PCI bridge to [bus 01]
2024-08-08T14:51:14.262083+00:00 lloyddesk kernel: pci 0000:00:1b.0:   bridge window [io  0x5000-0x5fff]
2024-08-08T14:51:14.262083+00:00 lloyddesk kernel: pci 0000:00:1b.0:   bridge window [mem 0x8fd00000-0x8fefffff]
2024-08-08T14:51:14.262084+00:00 lloyddesk kernel: pci 0000:00:1b.0:   bridge window [mem 0x4010000000-0x40101fffff 64bit pref]
2024-08-08T14:51:14.262083+00:00 lloyddesk systemd[1]: Started logrotate.timer - Daily rotation of log files.
2024-08-08T14:51:14.262084+00:00 lloyddesk kernel: pci 0000:00:1b.4: PCI bridge to [bus 02]
2024-08-08T14:51:14.262086+00:00 lloyddesk kernel: pci 0000:00:1b.4:   bridge window [mem 0x8fb00000-0x8fbfffff]
2024-08-08T14:51:14.262087+00:00 lloyddesk kernel: pci 0000:00:1c.0: PCI bridge to [bus 03]
2024-08-08T14:51:14.262086+00:00 lloyddesk systemd[1]: Started man-db.timer - Daily man-db regeneration.
2024-08-08T14:51:14.262088+00:00 lloyddesk kernel: pci 0000:00:1c.0:   bridge window [io  0x6000-0x6fff]
2024-08-08T14:51:14.262088+00:00 lloyddesk kernel: pci 0000:00:1c.0:   bridge window [mem 0x8ff00000-0x900fffff]
2024-08-08T14:51:14.262089+00:00 lloyddesk kernel: pci 0000:00:1c.0:   bridge window [mem 0x4010200000-0x40103fffff 64bit pref]
2024-08-08T14:51:14.262089+00:00 lloyddesk kernel: pci 0000:00:1c.3: PCI bridge to [bus 04]
2024-08-08T14:51:14.262089+00:00 lloyddesk systemd[1]: Started motd-news.timer - Message of the Day.
2024-08-08T14:51:14.262091+00:00 lloyddesk kernel: pci 0000:00:1c.3:   bridge window [io  0x3000-0x3fff]
2024-08-08T14:51:14.262091+00:00 lloyddesk kernel: pci 0000:00:1c.3:   bridge window [mem 0x8fa00000-0x8fafffff]
2024-08-08T14:51:14.262092+00:00 lloyddesk kernel: pci 0000:00:1d.0: PCI bridge to [bus 05]
2024-08-08T14:51:14.262092+00:00 lloyddesk kernel: pci 0000:00:1d.0:   bridge window [mem 0x8f900000-0x8f9fffff]
2024-08-08T14:51:14.262092+00:00 lloyddesk kernel: pci_bus 0000:00: resource 4 [io  0x0000-0x0cf7 window]
2024-08-08T14:51:14.262093+00:00 lloyddesk kernel: pci_bus 0000:00: resource 5 [io  0x0d00-0xffff window]
2024-08-08T14:51:14.262093+00:00 lloyddesk kernel: pci_bus 0000:00: resource 6 [mem 0x000a0000-0x000bffff window]
2024-08-08T14:51:14.262092+00:00 lloyddesk systemd[1]: snapd.snap-repair.timer - Timer to automatically fetch and run repair assertions was skipped because no trigger condition checks were met.
2024-08-08T14:51:14.262095+00:00 lloyddesk kernel: pci_bus 0000:00: resource 7 [mem 0x000e0000-0x000effff window]
2024-08-08T14:51:14.262095+00:00 lloyddesk kernel: pci_bus 0000:00: resource 8 [mem 0x8f800000-0xdfffffff window]
2024-08-08T14:51:14.262096+00:00 lloyddesk kernel: pci_bus 0000:00: resource 9 [mem 0x4000000000-0x7fffffffff window]
2024-08-08T14:51:14.262096+00:00 lloyddesk kernel: pci_bus 0000:00: resource 10 [mem 0xfc800000-0xfdffffff window]
2024-08-08T14:51:14.262096+00:00 lloyddesk kernel: pci_bus 0000:01: resource 0 [io  0x5000-0x5fff]
2024-08-08T14:51:14.262095+00:00 lloyddesk systemd[1]: Started sysstat-collect.timer - Run system activity accounting tool every 10 minutes.
2024-08-08T14:51:14.262097+00:00 lloyddesk kernel: pci_bus 0000:01: resource 1 [mem 0x8fd00000-0x8fefffff]
2024-08-08T14:51:14.262099+00:00 lloyddesk kernel: pci_bus 0000:01: resource 2 [mem 0x4010000000-0x40101fffff 64bit pref]
2024-08-08T14:51:14.262100+00:00 lloyddesk kernel: pci_bus 0000:02: resource 1 [mem 0x8fb00000-0x8fbfffff]
2024-08-08T14:51:14.262100+00:00 lloyddesk kernel: pci_bus 0000:03: resource 0 [io  0x6000-0x6fff]
2024-08-08T14:51:14.262099+00:00 lloyddesk systemd[1]: Started sysstat-summary.timer - Generate summary of yesterday's process accounting.
2024-08-08T14:51:14.262100+00:00 lloyddesk kernel: pci_bus 0000:03: resource 1 [mem 0x8ff00000-0x900fffff]
2024-08-08T14:51:14.262101+00:00 lloyddesk kernel: pci_bus 0000:03: resource 2 [mem 0x4010200000-0x40103fffff 64bit pref]
2024-08-08T14:51:14.262101+00:00 lloyddesk kernel: pci_bus 0000:04: resource 0 [io  0x3000-0x3fff]
2024-08-08T14:51:14.262103+00:00 lloyddesk kernel: pci_bus 0000:04: resource 1 [mem 0x8fa00000-0x8fafffff]
2024-08-08T14:51:14.262103+00:00 lloyddesk kernel: pci_bus 0000:05: resource 1 [mem 0x8f900000-0x8f9fffff]
2024-08-08T14:51:14.262102+00:00 lloyddesk systemd[1]: Started systemd-tmpfiles-clean.timer - Daily Cleanup of Temporary Directories.
2024-08-08T14:51:14.262103+00:00 lloyddesk kernel: PCI: CLS 64 bytes, default 64
2024-08-08T14:51:14.262104+00:00 lloyddesk kernel: PCI-DMA: Using software bounce buffering for IO (SWIOTLB)
2024-08-08T14:51:14.262105+00:00 lloyddesk kernel: software IO TLB: mapped [mem 0x000000007ed2e000-0x0000000082d2e000] (64MB)
2024-08-08T14:51:14.262105+00:00 lloyddesk kernel: Trying to unpack rootfs image as initramfs...
2024-08-08T14:51:14.262105+00:00 lloyddesk kernel: platform rtc_cmos: registered platform RTC device (no PNP device found)
2024-08-08T14:51:14.262105+00:00 lloyddesk systemd[1]: ua-timer.timer - Ubuntu Pro Timer for running repeated jobs was skipped because of an unmet condition check (ConditionPathExists=/var/lib/ubuntu-advantage/private/machine-token.json).
2024-08-08T14:51:14.262107+00:00 lloyddesk kernel: Initialise system trusted keyrings
2024-08-08T14:51:14.262108+00:00 lloyddesk kernel: Key type blacklist registered
2024-08-08T14:51:14.262109+00:00 lloyddesk kernel: workingset: timestamp_bits=36 max_order=21 bucket_order=0
2024-08-08T14:51:14.262109+00:00 lloyddesk kernel: zbud: loaded
2024-08-08T14:51:14.262109+00:00 lloyddesk kernel: squashfs: version 4.0 (2009/01/31) Phillip Lougher
2024-08-08T14:51:14.262109+00:00 lloyddesk kernel: fuse: init (API version 7.39)
2024-08-08T14:51:14.262109+00:00 lloyddesk systemd[1]: Reached target paths.target - Path Units.
2024-08-08T14:51:14.262111+00:00 lloyddesk kernel: integrity: Platform Keyring initialized
2024-08-08T14:51:14.262112+00:00 lloyddesk kernel: integrity: Machine keyring initialized
2024-08-08T14:51:14.262112+00:00 lloyddesk kernel: Key type asymmetric registered
2024-08-08T14:51:14.262112+00:00 lloyddesk kernel: Asymmetric key parser 'x509' registered
2024-08-08T14:51:14.262113+00:00 lloyddesk kernel: Block layer SCSI generic (bsg) driver version 0.4 loaded (major 243)
2024-08-08T14:51:14.262113+00:00 lloyddesk kernel: io scheduler mq-deadline registered
2024-08-08T14:51:14.262113+00:00 lloyddesk kernel: pcieport 0000:00:1b.4: AER: enabled with IRQ 121
2024-08-08T14:51:14.262112+00:00 lloyddesk systemd[1]: apport-forward.socket - Unix socket for apport crash forwarding was skipped because of an unmet condition check (ConditionVirtualization=container).
2024-08-08T14:51:14.262115+00:00 lloyddesk kernel: pcieport 0000:00:1c.3: AER: enabled with IRQ 123
2024-08-08T14:51:14.262116+00:00 lloyddesk kernel: pcieport 0000:00:1d.0: AER: enabled with IRQ 124
2024-08-08T14:51:14.262116+00:00 lloyddesk kernel: shpchp: Standard Hot Plug PCI Controller Driver version: 0.4
2024-08-08T14:51:14.262116+00:00 lloyddesk kernel: Monitor-Mwait will be used to enter C-1 state
2024-08-08T14:51:14.262116+00:00 lloyddesk kernel: Monitor-Mwait will be used to enter C-2 state
2024-08-08T14:51:14.262117+00:00 lloyddesk kernel: Monitor-Mwait will be used to enter C-3 state
2024-08-08T14:51:14.262115+00:00 lloyddesk systemd[1]: Listening on avahi-daemon.socket - Avahi mDNS/DNS-SD Stack Activation Socket.
2024-08-08T14:51:14.262118+00:00 lloyddesk kernel: ACPI: \_SB_.PR00: Found 3 idle states
2024-08-08T14:51:14.262119+00:00 lloyddesk kernel: input: Sleep Button as /devices/LNXSYSTM:00/LNXSYBUS:00/PNP0C0E:00/input/input0
2024-08-08T14:51:14.262119+00:00 lloyddesk kernel: ACPI: button: Sleep Button [SLPB]
2024-08-08T14:51:14.262119+00:00 lloyddesk kernel: input: Power Button as /devices/LNXSYSTM:00/LNXSYBUS:00/PNP0C0C:00/input/input1
2024-08-08T14:51:14.262120+00:00 lloyddesk kernel: ACPI: button: Power Button [PWRB]
2024-08-08T14:51:14.262118+00:00 lloyddesk systemd[1]: Listening on cloud-init-hotplugd.socket - cloud-init hotplug hook socket.
2024-08-08T14:51:14.262121+00:00 lloyddesk systemd[1]: Listening on cups.socket - CUPS Scheduler.
2024-08-08T14:51:14.262124+00:00 lloyddesk systemd[1]: Listening on dbus.socket - D-Bus System Message Bus Socket.
2024-08-08T14:51:14.262127+00:00 lloyddesk systemd[1]: Starting snapd.socket - Socket activation for snappy daemon...
2024-08-08T14:51:14.262129+00:00 lloyddesk systemd[1]: Listening on uuidd.socket - UUID daemon activation socket.
2024-08-08T14:51:14.262132+00:00 lloyddesk systemd[1]: systemd-pcrphase-sysinit.service - TPM2 PCR Barrier (Initialization) was skipped because of an unmet condition check (ConditionSecurity=measured-uki).
2024-08-08T14:51:14.262135+00:00 lloyddesk systemd[1]: Listening on snapd.socket - Socket activation for snappy daemon.
2024-08-08T14:51:14.262138+00:00 lloyddesk systemd[1]: Reached target sockets.target - Socket Units.
2024-08-08T14:51:14.262141+00:00 lloyddesk systemd[1]: Reached target basic.target - Basic System.
